
Memory Configuration

Name             Origin             Length             Attributes
flash            0x00000000         0x20000000         xr
sram             0x20000000         0x20000000         xrw
*default*        0x00000000         0xffffffff

Linker script and memory map


.text           0x00000000      0x184
 *(.vectors*)
 .vectors       0x00000000       0x10 startup.o
                0x00000000                g_p_fun_vectors
 *(.text*)
 .text          0x00000010       0xb8 main.o
                0x00000010                main
 .text          0x000000c8       0xbc startup.o
                0x000000c8                DEFAULT_HANDLER
                0x000000c8                H_Fault_HANDLER
                0x000000c8                NMI_HANDLER
                0x000000d4                REST_HANDLER
 *(.rodata)
                0x00000184                _E_text = .

.glue_7         0x00000184        0x0
 .glue_7        0x00000000        0x0 linker stubs

.glue_7t        0x00000184        0x0
 .glue_7t       0x00000000        0x0 linker stubs

.vfp11_veneer   0x00000184        0x0
 .vfp11_veneer  0x00000000        0x0 linker stubs

.v4_bx          0x00000184        0x0
 .v4_bx         0x00000000        0x0 linker stubs

.iplt           0x00000184        0x0
 .iplt          0x00000000        0x0 main.o

.rel.dyn        0x00000184        0x0
 .rel.iplt      0x00000000        0x0 main.o

.data           0x20000000        0x0 load address 0x00000184
                0x20000000                _S_DATA = .
 *(.data)
 .data          0x20000000        0x0 main.o
 .data          0x20000000        0x0 startup.o
                0x20000000                . = ALIGN (0x4)
                0x20000000                _E_DATA = .

.igot.plt       0x20000000        0x0 load address 0x00000184
 .igot.plt      0x00000000        0x0 main.o

.bss            0x20000000      0x400 load address 0x00000184
                0x20000000                _S_bss = .
 *(.bss*)
 .bss           0x20000000        0x0 main.o
 .bss           0x20000000      0x400 startup.o
                0x20000400                _E_bss = .
LOAD main.o
LOAD startup.o
OUTPUT(unit3_lab4_cortex_m4.elf elf32-littlearm)

.debug_info     0x00000000      0x238
 .debug_info    0x00000000       0xa8 main.o
 .debug_info    0x000000a8      0x190 startup.o

.debug_abbrev   0x00000000      0x131
 .debug_abbrev  0x00000000       0x67 main.o
 .debug_abbrev  0x00000067       0xca startup.o

.debug_loc      0x00000000       0x9c
 .debug_loc     0x00000000       0x38 main.o
 .debug_loc     0x00000038       0x64 startup.o

.debug_aranges  0x00000000       0x40
 .debug_aranges
                0x00000000       0x20 main.o
 .debug_aranges
                0x00000020       0x20 startup.o

.debug_line     0x00000000      0x111
 .debug_line    0x00000000       0xa8 main.o
 .debug_line    0x000000a8       0x69 startup.o

.debug_str      0x00000000      0x13a
 .debug_str     0x00000000       0xab main.o
                                 0xdf (size before relaxing)
 .debug_str     0x000000ab       0x8f startup.o
                                0x14d (size before relaxing)

.comment        0x00000000       0x11
 .comment       0x00000000       0x11 main.o
                                 0x12 (size before relaxing)
 .comment       0x00000000       0x12 startup.o

.ARM.attributes
                0x00000000       0x33
 .ARM.attributes
                0x00000000       0x33 main.o
 .ARM.attributes
                0x00000033       0x33 startup.o

.debug_frame    0x00000000       0x78
 .debug_frame   0x00000000       0x2c main.o
 .debug_frame   0x0000002c       0x4c startup.o
