Archive member included to satisfy reference by file (symbol)

g:/en.st-stm32cubeide_1.4.0_7511_20200720_0928_x86_64_exe/stm32cubeide_1.4.0/stm32cubeide/plugins/com.st.stm32cube.ide.mcu.externaltools.gnu-tools-for-stm32.10.3-2021.10.win32_1.0.200.202301161003/tools/bin/../lib/gcc/arm-none-eabi/10.3.1/../../../../arm-none-eabi/lib/thumb/v7-m/nofp\libc_nano.a(lib_a-errno.o)
                              ./Src/syscalls.o (__errno)
g:/en.st-stm32cubeide_1.4.0_7511_20200720_0928_x86_64_exe/stm32cubeide_1.4.0/stm32cubeide/plugins/com.st.stm32cube.ide.mcu.externaltools.gnu-tools-for-stm32.10.3-2021.10.win32_1.0.200.202301161003/tools/bin/../lib/gcc/arm-none-eabi/10.3.1/../../../../arm-none-eabi/lib/thumb/v7-m/nofp\libc_nano.a(lib_a-exit.o)
                              g:/en.st-stm32cubeide_1.4.0_7511_20200720_0928_x86_64_exe/stm32cubeide_1.4.0/stm32cubeide/plugins/com.st.stm32cube.ide.mcu.externaltools.gnu-tools-for-stm32.10.3-2021.10.win32_1.0.200.202301161003/tools/bin/../lib/gcc/arm-none-eabi/10.3.1/../../../../arm-none-eabi/lib/thumb/v7-m/nofp/crt0.o (exit)
g:/en.st-stm32cubeide_1.4.0_7511_20200720_0928_x86_64_exe/stm32cubeide_1.4.0/stm32cubeide/plugins/com.st.stm32cube.ide.mcu.externaltools.gnu-tools-for-stm32.10.3-2021.10.win32_1.0.200.202301161003/tools/bin/../lib/gcc/arm-none-eabi/10.3.1/../../../../arm-none-eabi/lib/thumb/v7-m/nofp\libc_nano.a(lib_a-impure.o)
                              g:/en.st-stm32cubeide_1.4.0_7511_20200720_0928_x86_64_exe/stm32cubeide_1.4.0/stm32cubeide/plugins/com.st.stm32cube.ide.mcu.externaltools.gnu-tools-for-stm32.10.3-2021.10.win32_1.0.200.202301161003/tools/bin/../lib/gcc/arm-none-eabi/10.3.1/../../../../arm-none-eabi/lib/thumb/v7-m/nofp\libc_nano.a(lib_a-exit.o) (_global_impure_ptr)
g:/en.st-stm32cubeide_1.4.0_7511_20200720_0928_x86_64_exe/stm32cubeide_1.4.0/stm32cubeide/plugins/com.st.stm32cube.ide.mcu.externaltools.gnu-tools-for-stm32.10.3-2021.10.win32_1.0.200.202301161003/tools/bin/../lib/gcc/arm-none-eabi/10.3.1/../../../../arm-none-eabi/lib/thumb/v7-m/nofp\libc_nano.a(lib_a-init.o)
                              g:/en.st-stm32cubeide_1.4.0_7511_20200720_0928_x86_64_exe/stm32cubeide_1.4.0/stm32cubeide/plugins/com.st.stm32cube.ide.mcu.externaltools.gnu-tools-for-stm32.10.3-2021.10.win32_1.0.200.202301161003/tools/bin/../lib/gcc/arm-none-eabi/10.3.1/../../../../arm-none-eabi/lib/thumb/v7-m/nofp/crt0.o (__libc_init_array)
g:/en.st-stm32cubeide_1.4.0_7511_20200720_0928_x86_64_exe/stm32cubeide_1.4.0/stm32cubeide/plugins/com.st.stm32cube.ide.mcu.externaltools.gnu-tools-for-stm32.10.3-2021.10.win32_1.0.200.202301161003/tools/bin/../lib/gcc/arm-none-eabi/10.3.1/../../../../arm-none-eabi/lib/thumb/v7-m/nofp\libc_nano.a(lib_a-memset.o)
                              g:/en.st-stm32cubeide_1.4.0_7511_20200720_0928_x86_64_exe/stm32cubeide_1.4.0/stm32cubeide/plugins/com.st.stm32cube.ide.mcu.externaltools.gnu-tools-for-stm32.10.3-2021.10.win32_1.0.200.202301161003/tools/bin/../lib/gcc/arm-none-eabi/10.3.1/../../../../arm-none-eabi/lib/thumb/v7-m/nofp/crt0.o (memset)

Discarded input sections

 .text          0x0000000000000000        0x0 g:/en.st-stm32cubeide_1.4.0_7511_20200720_0928_x86_64_exe/stm32cubeide_1.4.0/stm32cubeide/plugins/com.st.stm32cube.ide.mcu.externaltools.gnu-tools-for-stm32.10.3-2021.10.win32_1.0.200.202301161003/tools/bin/../lib/gcc/arm-none-eabi/10.3.1/thumb/v7-m/nofp/crti.o
 .data          0x0000000000000000        0x0 g:/en.st-stm32cubeide_1.4.0_7511_20200720_0928_x86_64_exe/stm32cubeide_1.4.0/stm32cubeide/plugins/com.st.stm32cube.ide.mcu.externaltools.gnu-tools-for-stm32.10.3-2021.10.win32_1.0.200.202301161003/tools/bin/../lib/gcc/arm-none-eabi/10.3.1/thumb/v7-m/nofp/crti.o
 .bss           0x0000000000000000        0x0 g:/en.st-stm32cubeide_1.4.0_7511_20200720_0928_x86_64_exe/stm32cubeide_1.4.0/stm32cubeide/plugins/com.st.stm32cube.ide.mcu.externaltools.gnu-tools-for-stm32.10.3-2021.10.win32_1.0.200.202301161003/tools/bin/../lib/gcc/arm-none-eabi/10.3.1/thumb/v7-m/nofp/crti.o
 .data          0x0000000000000000        0x4 g:/en.st-stm32cubeide_1.4.0_7511_20200720_0928_x86_64_exe/stm32cubeide_1.4.0/stm32cubeide/plugins/com.st.stm32cube.ide.mcu.externaltools.gnu-tools-for-stm32.10.3-2021.10.win32_1.0.200.202301161003/tools/bin/../lib/gcc/arm-none-eabi/10.3.1/thumb/v7-m/nofp/crtbegin.o
 .rodata        0x0000000000000000       0x24 g:/en.st-stm32cubeide_1.4.0_7511_20200720_0928_x86_64_exe/stm32cubeide_1.4.0/stm32cubeide/plugins/com.st.stm32cube.ide.mcu.externaltools.gnu-tools-for-stm32.10.3-2021.10.win32_1.0.200.202301161003/tools/bin/../lib/gcc/arm-none-eabi/10.3.1/thumb/v7-m/nofp/crtbegin.o
 .text          0x0000000000000000       0x7c g:/en.st-stm32cubeide_1.4.0_7511_20200720_0928_x86_64_exe/stm32cubeide_1.4.0/stm32cubeide/plugins/com.st.stm32cube.ide.mcu.externaltools.gnu-tools-for-stm32.10.3-2021.10.win32_1.0.200.202301161003/tools/bin/../lib/gcc/arm-none-eabi/10.3.1/../../../../arm-none-eabi/lib/thumb/v7-m/nofp/crt0.o
 .data          0x0000000000000000        0x0 g:/en.st-stm32cubeide_1.4.0_7511_20200720_0928_x86_64_exe/stm32cubeide_1.4.0/stm32cubeide/plugins/com.st.stm32cube.ide.mcu.externaltools.gnu-tools-for-stm32.10.3-2021.10.win32_1.0.200.202301161003/tools/bin/../lib/gcc/arm-none-eabi/10.3.1/../../../../arm-none-eabi/lib/thumb/v7-m/nofp/crt0.o
 .bss           0x0000000000000000        0x0 g:/en.st-stm32cubeide_1.4.0_7511_20200720_0928_x86_64_exe/stm32cubeide_1.4.0/stm32cubeide/plugins/com.st.stm32cube.ide.mcu.externaltools.gnu-tools-for-stm32.10.3-2021.10.win32_1.0.200.202301161003/tools/bin/../lib/gcc/arm-none-eabi/10.3.1/../../../../arm-none-eabi/lib/thumb/v7-m/nofp/crt0.o
 .ARM.extab     0x0000000000000000        0x0 g:/en.st-stm32cubeide_1.4.0_7511_20200720_0928_x86_64_exe/stm32cubeide_1.4.0/stm32cubeide/plugins/com.st.stm32cube.ide.mcu.externaltools.gnu-tools-for-stm32.10.3-2021.10.win32_1.0.200.202301161003/tools/bin/../lib/gcc/arm-none-eabi/10.3.1/../../../../arm-none-eabi/lib/thumb/v7-m/nofp/crt0.o
 .ARM.exidx     0x0000000000000000       0x10 g:/en.st-stm32cubeide_1.4.0_7511_20200720_0928_x86_64_exe/stm32cubeide_1.4.0/stm32cubeide/plugins/com.st.stm32cube.ide.mcu.externaltools.gnu-tools-for-stm32.10.3-2021.10.win32_1.0.200.202301161003/tools/bin/../lib/gcc/arm-none-eabi/10.3.1/../../../../arm-none-eabi/lib/thumb/v7-m/nofp/crt0.o
 .ARM.attributes
                0x0000000000000000       0x1b g:/en.st-stm32cubeide_1.4.0_7511_20200720_0928_x86_64_exe/stm32cubeide_1.4.0/stm32cubeide/plugins/com.st.stm32cube.ide.mcu.externaltools.gnu-tools-for-stm32.10.3-2021.10.win32_1.0.200.202301161003/tools/bin/../lib/gcc/arm-none-eabi/10.3.1/../../../../arm-none-eabi/lib/thumb/v7-m/nofp/crt0.o
 .group         0x0000000000000000        0xc ./KeyPad/KeyPad.o
 .group         0x0000000000000000        0xc ./KeyPad/KeyPad.o
 .group         0x0000000000000000        0xc ./KeyPad/KeyPad.o
 .group         0x0000000000000000        0xc ./KeyPad/KeyPad.o
 .group         0x0000000000000000        0xc ./KeyPad/KeyPad.o
 .group         0x0000000000000000        0xc ./KeyPad/KeyPad.o
 .group         0x0000000000000000        0xc ./KeyPad/KeyPad.o
 .group         0x0000000000000000        0xc ./KeyPad/KeyPad.o
 .group         0x0000000000000000        0xc ./KeyPad/KeyPad.o
 .group         0x0000000000000000        0xc ./KeyPad/KeyPad.o
 .group         0x0000000000000000        0xc ./KeyPad/KeyPad.o
 .group         0x0000000000000000        0xc ./KeyPad/KeyPad.o
 .group         0x0000000000000000        0xc ./KeyPad/KeyPad.o
 .group         0x0000000000000000        0xc ./KeyPad/KeyPad.o
 .group         0x0000000000000000        0xc ./KeyPad/KeyPad.o
 .group         0x0000000000000000        0xc ./KeyPad/KeyPad.o
 .group         0x0000000000000000        0xc ./KeyPad/KeyPad.o
 .group         0x0000000000000000        0xc ./KeyPad/KeyPad.o
 .group         0x0000000000000000        0xc ./KeyPad/KeyPad.o
 .group         0x0000000000000000        0xc ./KeyPad/KeyPad.o
 .group         0x0000000000000000        0xc ./KeyPad/KeyPad.o
 .group         0x0000000000000000        0xc ./KeyPad/KeyPad.o
 .group         0x0000000000000000        0xc ./KeyPad/KeyPad.o
 .group         0x0000000000000000        0xc ./KeyPad/KeyPad.o
 .group         0x0000000000000000        0xc ./KeyPad/KeyPad.o
 .group         0x0000000000000000        0xc ./KeyPad/KeyPad.o
 .group         0x0000000000000000        0xc ./KeyPad/KeyPad.o
 .group         0x0000000000000000        0xc ./KeyPad/KeyPad.o
 .group         0x0000000000000000        0xc ./KeyPad/KeyPad.o
 .group         0x0000000000000000        0xc ./KeyPad/KeyPad.o
 .group         0x0000000000000000        0xc ./KeyPad/KeyPad.o
 .group         0x0000000000000000        0xc ./KeyPad/KeyPad.o
 .text          0x0000000000000000        0x0 ./KeyPad/KeyPad.o
 .data          0x0000000000000000        0x0 ./KeyPad/KeyPad.o
 .bss           0x0000000000000000        0x0 ./KeyPad/KeyPad.o
 .text.get_num  0x0000000000000000       0x90 ./KeyPad/KeyPad.o
 .group         0x0000000000000000        0xc ./LCD/LCD.o
 .group         0x0000000000000000        0xc ./LCD/LCD.o
 .group         0x0000000000000000        0xc ./LCD/LCD.o
 .group         0x0000000000000000        0xc ./LCD/LCD.o
 .group         0x0000000000000000        0xc ./LCD/LCD.o
 .group         0x0000000000000000        0xc ./LCD/LCD.o
 .group         0x0000000000000000        0xc ./LCD/LCD.o
 .group         0x0000000000000000        0xc ./LCD/LCD.o
 .group         0x0000000000000000        0xc ./LCD/LCD.o
 .group         0x0000000000000000        0xc ./LCD/LCD.o
 .group         0x0000000000000000        0xc ./LCD/LCD.o
 .group         0x0000000000000000        0xc ./LCD/LCD.o
 .group         0x0000000000000000        0xc ./LCD/LCD.o
 .group         0x0000000000000000        0xc ./LCD/LCD.o
 .group         0x0000000000000000        0xc ./LCD/LCD.o
 .group         0x0000000000000000        0xc ./LCD/LCD.o
 .group         0x0000000000000000        0xc ./LCD/LCD.o
 .group         0x0000000000000000        0xc ./LCD/LCD.o
 .group         0x0000000000000000        0xc ./LCD/LCD.o
 .group         0x0000000000000000        0xc ./LCD/LCD.o
 .group         0x0000000000000000        0xc ./LCD/LCD.o
 .group         0x0000000000000000        0xc ./LCD/LCD.o
 .group         0x0000000000000000        0xc ./LCD/LCD.o
 .group         0x0000000000000000        0xc ./LCD/LCD.o
 .group         0x0000000000000000        0xc ./LCD/LCD.o
 .group         0x0000000000000000        0xc ./LCD/LCD.o
 .group         0x0000000000000000        0xc ./LCD/LCD.o
 .group         0x0000000000000000        0xc ./LCD/LCD.o
 .group         0x0000000000000000        0xc ./LCD/LCD.o
 .group         0x0000000000000000        0xc ./LCD/LCD.o
 .group         0x0000000000000000        0xc ./LCD/LCD.o
 .group         0x0000000000000000        0xc ./LCD/LCD.o
 .group         0x0000000000000000        0xc ./LCD/LCD.o
 .text          0x0000000000000000        0x0 ./LCD/LCD.o
 .data          0x0000000000000000        0x0 ./LCD/LCD.o
 .bss           0x0000000000000000        0x0 ./LCD/LCD.o
 .text.LCD_SendString
                0x0000000000000000       0x38 ./LCD/LCD.o
 .text.LCD_CustomChar
                0x0000000000000000       0x4a ./LCD/LCD.o
 .debug_macro   0x0000000000000000      0xa72 ./LCD/LCD.o
 .debug_macro   0x0000000000000000       0x16 ./LCD/LCD.o
 .debug_macro   0x0000000000000000       0x10 ./LCD/LCD.o
 .debug_macro   0x0000000000000000       0x18 ./LCD/LCD.o
 .debug_macro   0x0000000000000000       0x22 ./LCD/LCD.o
 .debug_macro   0x0000000000000000       0x3c ./LCD/LCD.o
 .debug_macro   0x0000000000000000       0x34 ./LCD/LCD.o
 .debug_macro   0x0000000000000000       0x16 ./LCD/LCD.o
 .debug_macro   0x0000000000000000      0x10e ./LCD/LCD.o
 .debug_macro   0x0000000000000000       0x8d ./LCD/LCD.o
 .debug_macro   0x0000000000000000       0x16 ./LCD/LCD.o
 .debug_macro   0x0000000000000000       0x43 ./LCD/LCD.o
 .debug_macro   0x0000000000000000       0x34 ./LCD/LCD.o
 .debug_macro   0x0000000000000000       0x10 ./LCD/LCD.o
 .debug_macro   0x0000000000000000       0x58 ./LCD/LCD.o
 .debug_macro   0x0000000000000000       0x71 ./LCD/LCD.o
 .debug_macro   0x0000000000000000       0x1c ./LCD/LCD.o
 .debug_macro   0x0000000000000000      0x12a ./LCD/LCD.o
 .debug_macro   0x0000000000000000      0x341 ./LCD/LCD.o
 .debug_macro   0x0000000000000000       0x16 ./LCD/LCD.o
 .debug_macro   0x0000000000000000       0x29 ./LCD/LCD.o
 .debug_macro   0x0000000000000000      0x103 ./LCD/LCD.o
 .debug_macro   0x0000000000000000       0x6a ./LCD/LCD.o
 .debug_macro   0x0000000000000000      0x1df ./LCD/LCD.o
 .debug_macro   0x0000000000000000       0x76 ./LCD/LCD.o
 .debug_macro   0x0000000000000000       0x22 ./LCD/LCD.o
 .debug_macro   0x0000000000000000       0x40 ./LCD/LCD.o
 .debug_macro   0x0000000000000000       0xd6 ./LCD/LCD.o
 .group         0x0000000000000000        0xc ./STM32F103C8T6_DRIVERS_GPIO/STM32F103C8T6_DRIVERS_GPIO.o
 .group         0x0000000000000000        0xc ./STM32F103C8T6_DRIVERS_GPIO/STM32F103C8T6_DRIVERS_GPIO.o
 .group         0x0000000000000000        0xc ./STM32F103C8T6_DRIVERS_GPIO/STM32F103C8T6_DRIVERS_GPIO.o
 .group         0x0000000000000000        0xc ./STM32F103C8T6_DRIVERS_GPIO/STM32F103C8T6_DRIVERS_GPIO.o
 .group         0x0000000000000000        0xc ./STM32F103C8T6_DRIVERS_GPIO/STM32F103C8T6_DRIVERS_GPIO.o
 .group         0x0000000000000000        0xc ./STM32F103C8T6_DRIVERS_GPIO/STM32F103C8T6_DRIVERS_GPIO.o
 .group         0x0000000000000000        0xc ./STM32F103C8T6_DRIVERS_GPIO/STM32F103C8T6_DRIVERS_GPIO.o
 .group         0x0000000000000000        0xc ./STM32F103C8T6_DRIVERS_GPIO/STM32F103C8T6_DRIVERS_GPIO.o
 .group         0x0000000000000000        0xc ./STM32F103C8T6_DRIVERS_GPIO/STM32F103C8T6_DRIVERS_GPIO.o
 .group         0x0000000000000000        0xc ./STM32F103C8T6_DRIVERS_GPIO/STM32F103C8T6_DRIVERS_GPIO.o
 .group         0x0000000000000000        0xc ./STM32F103C8T6_DRIVERS_GPIO/STM32F103C8T6_DRIVERS_GPIO.o
 .group         0x0000000000000000        0xc ./STM32F103C8T6_DRIVERS_GPIO/STM32F103C8T6_DRIVERS_GPIO.o
 .group         0x0000000000000000        0xc ./STM32F103C8T6_DRIVERS_GPIO/STM32F103C8T6_DRIVERS_GPIO.o
 .group         0x0000000000000000        0xc ./STM32F103C8T6_DRIVERS_GPIO/STM32F103C8T6_DRIVERS_GPIO.o
 .group         0x0000000000000000        0xc ./STM32F103C8T6_DRIVERS_GPIO/STM32F103C8T6_DRIVERS_GPIO.o
 .group         0x0000000000000000        0xc ./STM32F103C8T6_DRIVERS_GPIO/STM32F103C8T6_DRIVERS_GPIO.o
 .group         0x0000000000000000        0xc ./STM32F103C8T6_DRIVERS_GPIO/STM32F103C8T6_DRIVERS_GPIO.o
 .group         0x0000000000000000        0xc ./STM32F103C8T6_DRIVERS_GPIO/STM32F103C8T6_DRIVERS_GPIO.o
 .group         0x0000000000000000        0xc ./STM32F103C8T6_DRIVERS_GPIO/STM32F103C8T6_DRIVERS_GPIO.o
 .group         0x0000000000000000        0xc ./STM32F103C8T6_DRIVERS_GPIO/STM32F103C8T6_DRIVERS_GPIO.o
 .group         0x0000000000000000        0xc ./STM32F103C8T6_DRIVERS_GPIO/STM32F103C8T6_DRIVERS_GPIO.o
 .group         0x0000000000000000        0xc ./STM32F103C8T6_DRIVERS_GPIO/STM32F103C8T6_DRIVERS_GPIO.o
 .group         0x0000000000000000        0xc ./STM32F103C8T6_DRIVERS_GPIO/STM32F103C8T6_DRIVERS_GPIO.o
 .group         0x0000000000000000        0xc ./STM32F103C8T6_DRIVERS_GPIO/STM32F103C8T6_DRIVERS_GPIO.o
 .group         0x0000000000000000        0xc ./STM32F103C8T6_DRIVERS_GPIO/STM32F103C8T6_DRIVERS_GPIO.o
 .group         0x0000000000000000        0xc ./STM32F103C8T6_DRIVERS_GPIO/STM32F103C8T6_DRIVERS_GPIO.o
 .group         0x0000000000000000        0xc ./STM32F103C8T6_DRIVERS_GPIO/STM32F103C8T6_DRIVERS_GPIO.o
 .group         0x0000000000000000        0xc ./STM32F103C8T6_DRIVERS_GPIO/STM32F103C8T6_DRIVERS_GPIO.o
 .group         0x0000000000000000        0xc ./STM32F103C8T6_DRIVERS_GPIO/STM32F103C8T6_DRIVERS_GPIO.o
 .group         0x0000000000000000        0xc ./STM32F103C8T6_DRIVERS_GPIO/STM32F103C8T6_DRIVERS_GPIO.o
 .group         0x0000000000000000        0xc ./STM32F103C8T6_DRIVERS_GPIO/STM32F103C8T6_DRIVERS_GPIO.o
 .group         0x0000000000000000        0xc ./STM32F103C8T6_DRIVERS_GPIO/STM32F103C8T6_DRIVERS_GPIO.o
 .text          0x0000000000000000        0x0 ./STM32F103C8T6_DRIVERS_GPIO/STM32F103C8T6_DRIVERS_GPIO.o
 .data          0x0000000000000000        0x0 ./STM32F103C8T6_DRIVERS_GPIO/STM32F103C8T6_DRIVERS_GPIO.o
 .bss           0x0000000000000000        0x0 ./STM32F103C8T6_DRIVERS_GPIO/STM32F103C8T6_DRIVERS_GPIO.o
 .text.MCAL_GPIO_DeInit
                0x0000000000000000       0xc4 ./STM32F103C8T6_DRIVERS_GPIO/STM32F103C8T6_DRIVERS_GPIO.o
 .text.MCAL_GPIO_ReadPort
                0x0000000000000000       0x1a ./STM32F103C8T6_DRIVERS_GPIO/STM32F103C8T6_DRIVERS_GPIO.o
 .text.MCAL_GPIO_WritePort
                0x0000000000000000       0x1c ./STM32F103C8T6_DRIVERS_GPIO/STM32F103C8T6_DRIVERS_GPIO.o
 .text.MCAL_GPIO_TogglePin
                0x0000000000000000       0x22 ./STM32F103C8T6_DRIVERS_GPIO/STM32F103C8T6_DRIVERS_GPIO.o
 .debug_macro   0x0000000000000000      0xa72 ./STM32F103C8T6_DRIVERS_GPIO/STM32F103C8T6_DRIVERS_GPIO.o
 .debug_macro   0x0000000000000000       0x22 ./STM32F103C8T6_DRIVERS_GPIO/STM32F103C8T6_DRIVERS_GPIO.o
 .debug_macro   0x0000000000000000       0x22 ./STM32F103C8T6_DRIVERS_GPIO/STM32F103C8T6_DRIVERS_GPIO.o
 .debug_macro   0x0000000000000000       0x8e ./STM32F103C8T6_DRIVERS_GPIO/STM32F103C8T6_DRIVERS_GPIO.o
 .debug_macro   0x0000000000000000       0x51 ./STM32F103C8T6_DRIVERS_GPIO/STM32F103C8T6_DRIVERS_GPIO.o
 .debug_macro   0x0000000000000000      0x103 ./STM32F103C8T6_DRIVERS_GPIO/STM32F103C8T6_DRIVERS_GPIO.o
 .debug_macro   0x0000000000000000       0x6a ./STM32F103C8T6_DRIVERS_GPIO/STM32F103C8T6_DRIVERS_GPIO.o
 .debug_macro   0x0000000000000000      0x1df ./STM32F103C8T6_DRIVERS_GPIO/STM32F103C8T6_DRIVERS_GPIO.o
 .debug_macro   0x0000000000000000       0x40 ./STM32F103C8T6_DRIVERS_GPIO/STM32F103C8T6_DRIVERS_GPIO.o
 .debug_macro   0x0000000000000000       0x10 ./STM32F103C8T6_DRIVERS_GPIO/STM32F103C8T6_DRIVERS_GPIO.o
 .debug_macro   0x0000000000000000       0x16 ./STM32F103C8T6_DRIVERS_GPIO/STM32F103C8T6_DRIVERS_GPIO.o
 .debug_macro   0x0000000000000000       0x18 ./STM32F103C8T6_DRIVERS_GPIO/STM32F103C8T6_DRIVERS_GPIO.o
 .debug_macro   0x0000000000000000       0x52 ./STM32F103C8T6_DRIVERS_GPIO/STM32F103C8T6_DRIVERS_GPIO.o
 .debug_macro   0x0000000000000000       0x3c ./STM32F103C8T6_DRIVERS_GPIO/STM32F103C8T6_DRIVERS_GPIO.o
 .debug_macro   0x0000000000000000       0x34 ./STM32F103C8T6_DRIVERS_GPIO/STM32F103C8T6_DRIVERS_GPIO.o
 .debug_macro   0x0000000000000000       0x16 ./STM32F103C8T6_DRIVERS_GPIO/STM32F103C8T6_DRIVERS_GPIO.o
 .debug_macro   0x0000000000000000      0x10e ./STM32F103C8T6_DRIVERS_GPIO/STM32F103C8T6_DRIVERS_GPIO.o
 .debug_macro   0x0000000000000000       0x8d ./STM32F103C8T6_DRIVERS_GPIO/STM32F103C8T6_DRIVERS_GPIO.o
 .debug_macro   0x0000000000000000       0x16 ./STM32F103C8T6_DRIVERS_GPIO/STM32F103C8T6_DRIVERS_GPIO.o
 .debug_macro   0x0000000000000000       0x43 ./STM32F103C8T6_DRIVERS_GPIO/STM32F103C8T6_DRIVERS_GPIO.o
 .debug_macro   0x0000000000000000       0x34 ./STM32F103C8T6_DRIVERS_GPIO/STM32F103C8T6_DRIVERS_GPIO.o
 .debug_macro   0x0000000000000000       0x10 ./STM32F103C8T6_DRIVERS_GPIO/STM32F103C8T6_DRIVERS_GPIO.o
 .debug_macro   0x0000000000000000       0x58 ./STM32F103C8T6_DRIVERS_GPIO/STM32F103C8T6_DRIVERS_GPIO.o
 .debug_macro   0x0000000000000000       0x71 ./STM32F103C8T6_DRIVERS_GPIO/STM32F103C8T6_DRIVERS_GPIO.o
 .debug_macro   0x0000000000000000       0x1c ./STM32F103C8T6_DRIVERS_GPIO/STM32F103C8T6_DRIVERS_GPIO.o
 .debug_macro   0x0000000000000000      0x12a ./STM32F103C8T6_DRIVERS_GPIO/STM32F103C8T6_DRIVERS_GPIO.o
 .debug_macro   0x0000000000000000      0x341 ./STM32F103C8T6_DRIVERS_GPIO/STM32F103C8T6_DRIVERS_GPIO.o
 .debug_macro   0x0000000000000000       0x16 ./STM32F103C8T6_DRIVERS_GPIO/STM32F103C8T6_DRIVERS_GPIO.o
 .debug_macro   0x0000000000000000       0x29 ./STM32F103C8T6_DRIVERS_GPIO/STM32F103C8T6_DRIVERS_GPIO.o
 .debug_macro   0x0000000000000000       0x76 ./STM32F103C8T6_DRIVERS_GPIO/STM32F103C8T6_DRIVERS_GPIO.o
 .debug_macro   0x0000000000000000       0xd6 ./STM32F103C8T6_DRIVERS_GPIO/STM32F103C8T6_DRIVERS_GPIO.o
 .group         0x0000000000000000        0xc ./STM32F103C8T6_DRIVERS_RCC/STM32F103C8T6_DRIVERS_RCC.o
 .group         0x0000000000000000        0xc ./STM32F103C8T6_DRIVERS_RCC/STM32F103C8T6_DRIVERS_RCC.o
 .group         0x0000000000000000        0xc ./STM32F103C8T6_DRIVERS_RCC/STM32F103C8T6_DRIVERS_RCC.o
 .group         0x0000000000000000        0xc ./STM32F103C8T6_DRIVERS_RCC/STM32F103C8T6_DRIVERS_RCC.o
 .group         0x0000000000000000        0xc ./STM32F103C8T6_DRIVERS_RCC/STM32F103C8T6_DRIVERS_RCC.o
 .group         0x0000000000000000        0xc ./STM32F103C8T6_DRIVERS_RCC/STM32F103C8T6_DRIVERS_RCC.o
 .group         0x0000000000000000        0xc ./STM32F103C8T6_DRIVERS_RCC/STM32F103C8T6_DRIVERS_RCC.o
 .group         0x0000000000000000        0xc ./STM32F103C8T6_DRIVERS_RCC/STM32F103C8T6_DRIVERS_RCC.o
 .group         0x0000000000000000        0xc ./STM32F103C8T6_DRIVERS_RCC/STM32F103C8T6_DRIVERS_RCC.o
 .group         0x0000000000000000        0xc ./STM32F103C8T6_DRIVERS_RCC/STM32F103C8T6_DRIVERS_RCC.o
 .group         0x0000000000000000        0xc ./STM32F103C8T6_DRIVERS_RCC/STM32F103C8T6_DRIVERS_RCC.o
 .group         0x0000000000000000        0xc ./STM32F103C8T6_DRIVERS_RCC/STM32F103C8T6_DRIVERS_RCC.o
 .group         0x0000000000000000        0xc ./STM32F103C8T6_DRIVERS_RCC/STM32F103C8T6_DRIVERS_RCC.o
 .text          0x0000000000000000        0x0 ./STM32F103C8T6_DRIVERS_RCC/STM32F103C8T6_DRIVERS_RCC.o
 .data          0x0000000000000000        0x0 ./STM32F103C8T6_DRIVERS_RCC/STM32F103C8T6_DRIVERS_RCC.o
 .bss           0x0000000000000000        0x0 ./STM32F103C8T6_DRIVERS_RCC/STM32F103C8T6_DRIVERS_RCC.o
 .text.MRCC_voidInit
                0x0000000000000000       0x30 ./STM32F103C8T6_DRIVERS_RCC/STM32F103C8T6_DRIVERS_RCC.o
 .text.MRCC_enumSetPeripheralClock
                0x0000000000000000      0x120 ./STM32F103C8T6_DRIVERS_RCC/STM32F103C8T6_DRIVERS_RCC.o
 .debug_info    0x0000000000000000      0x1e9 ./STM32F103C8T6_DRIVERS_RCC/STM32F103C8T6_DRIVERS_RCC.o
 .debug_abbrev  0x0000000000000000       0xfb ./STM32F103C8T6_DRIVERS_RCC/STM32F103C8T6_DRIVERS_RCC.o
 .debug_loc     0x0000000000000000       0xa0 ./STM32F103C8T6_DRIVERS_RCC/STM32F103C8T6_DRIVERS_RCC.o
 .debug_aranges
                0x0000000000000000       0x28 ./STM32F103C8T6_DRIVERS_RCC/STM32F103C8T6_DRIVERS_RCC.o
 .debug_ranges  0x0000000000000000       0x18 ./STM32F103C8T6_DRIVERS_RCC/STM32F103C8T6_DRIVERS_RCC.o
 .debug_macro   0x0000000000000000       0xa5 ./STM32F103C8T6_DRIVERS_RCC/STM32F103C8T6_DRIVERS_RCC.o
 .debug_macro   0x0000000000000000      0xa72 ./STM32F103C8T6_DRIVERS_RCC/STM32F103C8T6_DRIVERS_RCC.o
 .debug_macro   0x0000000000000000       0x22 ./STM32F103C8T6_DRIVERS_RCC/STM32F103C8T6_DRIVERS_RCC.o
 .debug_macro   0x0000000000000000       0x22 ./STM32F103C8T6_DRIVERS_RCC/STM32F103C8T6_DRIVERS_RCC.o
 .debug_macro   0x0000000000000000       0x8e ./STM32F103C8T6_DRIVERS_RCC/STM32F103C8T6_DRIVERS_RCC.o
 .debug_macro   0x0000000000000000       0x51 ./STM32F103C8T6_DRIVERS_RCC/STM32F103C8T6_DRIVERS_RCC.o
 .debug_macro   0x0000000000000000      0x103 ./STM32F103C8T6_DRIVERS_RCC/STM32F103C8T6_DRIVERS_RCC.o
 .debug_macro   0x0000000000000000       0x6a ./STM32F103C8T6_DRIVERS_RCC/STM32F103C8T6_DRIVERS_RCC.o
 .debug_macro   0x0000000000000000      0x1df ./STM32F103C8T6_DRIVERS_RCC/STM32F103C8T6_DRIVERS_RCC.o
 .debug_macro   0x0000000000000000       0x40 ./STM32F103C8T6_DRIVERS_RCC/STM32F103C8T6_DRIVERS_RCC.o
 .debug_macro   0x0000000000000000       0xe2 ./STM32F103C8T6_DRIVERS_RCC/STM32F103C8T6_DRIVERS_RCC.o
 .debug_macro   0x0000000000000000       0x40 ./STM32F103C8T6_DRIVERS_RCC/STM32F103C8T6_DRIVERS_RCC.o
 .debug_macro   0x0000000000000000       0x10 ./STM32F103C8T6_DRIVERS_RCC/STM32F103C8T6_DRIVERS_RCC.o
 .debug_macro   0x0000000000000000       0x22 ./STM32F103C8T6_DRIVERS_RCC/STM32F103C8T6_DRIVERS_RCC.o
 .debug_line    0x0000000000000000      0x626 ./STM32F103C8T6_DRIVERS_RCC/STM32F103C8T6_DRIVERS_RCC.o
 .debug_str     0x0000000000000000     0x41af ./STM32F103C8T6_DRIVERS_RCC/STM32F103C8T6_DRIVERS_RCC.o
 .comment       0x0000000000000000       0x51 ./STM32F103C8T6_DRIVERS_RCC/STM32F103C8T6_DRIVERS_RCC.o
 .debug_frame   0x0000000000000000       0x58 ./STM32F103C8T6_DRIVERS_RCC/STM32F103C8T6_DRIVERS_RCC.o
 .ARM.attributes
                0x0000000000000000       0x2d ./STM32F103C8T6_DRIVERS_RCC/STM32F103C8T6_DRIVERS_RCC.o
 .group         0x0000000000000000        0xc ./STM32F103C8T6_DRIVERS_SYSTICK/SYSTICK.o
 .group         0x0000000000000000        0xc ./STM32F103C8T6_DRIVERS_SYSTICK/SYSTICK.o
 .group         0x0000000000000000        0xc ./STM32F103C8T6_DRIVERS_SYSTICK/SYSTICK.o
 .group         0x0000000000000000        0xc ./STM32F103C8T6_DRIVERS_SYSTICK/SYSTICK.o
 .group         0x0000000000000000        0xc ./STM32F103C8T6_DRIVERS_SYSTICK/SYSTICK.o
 .group         0x0000000000000000        0xc ./STM32F103C8T6_DRIVERS_SYSTICK/SYSTICK.o
 .group         0x0000000000000000        0xc ./STM32F103C8T6_DRIVERS_SYSTICK/SYSTICK.o
 .group         0x0000000000000000        0xc ./STM32F103C8T6_DRIVERS_SYSTICK/SYSTICK.o
 .group         0x0000000000000000        0xc ./STM32F103C8T6_DRIVERS_SYSTICK/SYSTICK.o
 .group         0x0000000000000000        0xc ./STM32F103C8T6_DRIVERS_SYSTICK/SYSTICK.o
 .group         0x0000000000000000        0xc ./STM32F103C8T6_DRIVERS_SYSTICK/SYSTICK.o
 .text          0x0000000000000000        0x0 ./STM32F103C8T6_DRIVERS_SYSTICK/SYSTICK.o
 .data          0x0000000000000000        0x0 ./STM32F103C8T6_DRIVERS_SYSTICK/SYSTICK.o
 .bss           0x0000000000000000        0x0 ./STM32F103C8T6_DRIVERS_SYSTICK/SYSTICK.o
 .text.SYSTICK_Stop
                0x0000000000000000       0x1c ./STM32F103C8T6_DRIVERS_SYSTICK/SYSTICK.o
 .debug_macro   0x0000000000000000      0xa72 ./STM32F103C8T6_DRIVERS_SYSTICK/SYSTICK.o
 .debug_macro   0x0000000000000000       0x22 ./STM32F103C8T6_DRIVERS_SYSTICK/SYSTICK.o
 .debug_macro   0x0000000000000000       0x22 ./STM32F103C8T6_DRIVERS_SYSTICK/SYSTICK.o
 .debug_macro   0x0000000000000000       0x8e ./STM32F103C8T6_DRIVERS_SYSTICK/SYSTICK.o
 .debug_macro   0x0000000000000000       0x51 ./STM32F103C8T6_DRIVERS_SYSTICK/SYSTICK.o
 .debug_macro   0x0000000000000000      0x103 ./STM32F103C8T6_DRIVERS_SYSTICK/SYSTICK.o
 .debug_macro   0x0000000000000000       0x6a ./STM32F103C8T6_DRIVERS_SYSTICK/SYSTICK.o
 .debug_macro   0x0000000000000000      0x1df ./STM32F103C8T6_DRIVERS_SYSTICK/SYSTICK.o
 .debug_macro   0x0000000000000000       0x40 ./STM32F103C8T6_DRIVERS_SYSTICK/SYSTICK.o
 .debug_macro   0x0000000000000000       0x22 ./STM32F103C8T6_DRIVERS_SYSTICK/SYSTICK.o
 .group         0x0000000000000000        0xc ./STM32F103C8T6_NVIC/NVIC.o
 .group         0x0000000000000000        0xc ./STM32F103C8T6_NVIC/NVIC.o
 .group         0x0000000000000000        0xc ./STM32F103C8T6_NVIC/NVIC.o
 .group         0x0000000000000000        0xc ./STM32F103C8T6_NVIC/NVIC.o
 .group         0x0000000000000000        0xc ./STM32F103C8T6_NVIC/NVIC.o
 .group         0x0000000000000000        0xc ./STM32F103C8T6_NVIC/NVIC.o
 .group         0x0000000000000000        0xc ./STM32F103C8T6_NVIC/NVIC.o
 .group         0x0000000000000000        0xc ./STM32F103C8T6_NVIC/NVIC.o
 .group         0x0000000000000000        0xc ./STM32F103C8T6_NVIC/NVIC.o
 .group         0x0000000000000000        0xc ./STM32F103C8T6_NVIC/NVIC.o
 .group         0x0000000000000000        0xc ./STM32F103C8T6_NVIC/NVIC.o
 .text          0x0000000000000000        0x0 ./STM32F103C8T6_NVIC/NVIC.o
 .data          0x0000000000000000        0x0 ./STM32F103C8T6_NVIC/NVIC.o
 .bss           0x0000000000000000        0x0 ./STM32F103C8T6_NVIC/NVIC.o
 .bss.NVIC_IPR  0x0000000000000000       0x50 ./STM32F103C8T6_NVIC/NVIC.o
 .text.Get_IPRx_Position
                0x0000000000000000       0x20 ./STM32F103C8T6_NVIC/NVIC.o
 .text.Get_IPR_reg_num
                0x0000000000000000       0x1c ./STM32F103C8T6_NVIC/NVIC.o
 .text.NVIC_void_Init
                0x0000000000000000       0x20 ./STM32F103C8T6_NVIC/NVIC.o
 .text.NVIC_EnableIRQ
                0x0000000000000000       0x70 ./STM32F103C8T6_NVIC/NVIC.o
 .text.NVIC_DisableIRQ
                0x0000000000000000       0x70 ./STM32F103C8T6_NVIC/NVIC.o
 .text.NVIC_SetPendingIRQ
                0x0000000000000000       0x6c ./STM32F103C8T6_NVIC/NVIC.o
 .text.NVIC_ClearPendingIRQ
                0x0000000000000000       0x6c ./STM32F103C8T6_NVIC/NVIC.o
 .text.NVIC_GetPendingIRQ
                0x0000000000000000       0x7c ./STM32F103C8T6_NVIC/NVIC.o
 .text.NVIC_GetActive
                0x0000000000000000       0x7c ./STM32F103C8T6_NVIC/NVIC.o
 .text.NVIC_SetPriorityGrouping
                0x0000000000000000       0x28 ./STM32F103C8T6_NVIC/NVIC.o
 .text.NVIC_SetPriority
                0x0000000000000000       0x64 ./STM32F103C8T6_NVIC/NVIC.o
 .text.NVIC_GetPriority
                0x0000000000000000       0x44 ./STM32F103C8T6_NVIC/NVIC.o
 .text.NVIC_voidEnableAllPeripherals
                0x0000000000000000       0x14 ./STM32F103C8T6_NVIC/NVIC.o
 .text.NVIC_voidDisableAllPeripherals
                0x0000000000000000       0x14 ./STM32F103C8T6_NVIC/NVIC.o
 .text.NVIC_voidDisableAllFaults
                0x0000000000000000       0x1c ./STM32F103C8T6_NVIC/NVIC.o
 .text.NVIC_voidEnableAllFaults
                0x0000000000000000       0x1c ./STM32F103C8T6_NVIC/NVIC.o
 .text.DNVIC_voidSetBASEPRI
                0x0000000000000000       0x1a ./STM32F103C8T6_NVIC/NVIC.o
 .debug_info    0x0000000000000000      0x39f ./STM32F103C8T6_NVIC/NVIC.o
 .debug_abbrev  0x0000000000000000      0x12c ./STM32F103C8T6_NVIC/NVIC.o
 .debug_loc     0x0000000000000000      0x598 ./STM32F103C8T6_NVIC/NVIC.o
 .debug_aranges
                0x0000000000000000       0xa0 ./STM32F103C8T6_NVIC/NVIC.o
 .debug_ranges  0x0000000000000000       0x90 ./STM32F103C8T6_NVIC/NVIC.o
 .debug_macro   0x0000000000000000       0x93 ./STM32F103C8T6_NVIC/NVIC.o
 .debug_macro   0x0000000000000000      0xa72 ./STM32F103C8T6_NVIC/NVIC.o
 .debug_macro   0x0000000000000000       0x22 ./STM32F103C8T6_NVIC/NVIC.o
 .debug_macro   0x0000000000000000       0x22 ./STM32F103C8T6_NVIC/NVIC.o
 .debug_macro   0x0000000000000000       0x8e ./STM32F103C8T6_NVIC/NVIC.o
 .debug_macro   0x0000000000000000       0x51 ./STM32F103C8T6_NVIC/NVIC.o
 .debug_macro   0x0000000000000000      0x103 ./STM32F103C8T6_NVIC/NVIC.o
 .debug_macro   0x0000000000000000       0x6a ./STM32F103C8T6_NVIC/NVIC.o
 .debug_macro   0x0000000000000000      0x1df ./STM32F103C8T6_NVIC/NVIC.o
 .debug_macro   0x0000000000000000       0x40 ./STM32F103C8T6_NVIC/NVIC.o
 .debug_macro   0x0000000000000000      0x21f ./STM32F103C8T6_NVIC/NVIC.o
 .debug_macro   0x0000000000000000       0x22 ./STM32F103C8T6_NVIC/NVIC.o
 .debug_line    0x0000000000000000      0x84d ./STM32F103C8T6_NVIC/NVIC.o
 .debug_str     0x0000000000000000     0x4c87 ./STM32F103C8T6_NVIC/NVIC.o
 .comment       0x0000000000000000       0x51 ./STM32F103C8T6_NVIC/NVIC.o
 .debug_frame   0x0000000000000000      0x290 ./STM32F103C8T6_NVIC/NVIC.o
 .ARM.attributes
                0x0000000000000000       0x2d ./STM32F103C8T6_NVIC/NVIC.o
 .group         0x0000000000000000        0xc ./Src/main.o
 .group         0x0000000000000000        0xc ./Src/main.o
 .group         0x0000000000000000        0xc ./Src/main.o
 .group         0x0000000000000000        0xc ./Src/main.o
 .group         0x0000000000000000        0xc ./Src/main.o
 .group         0x0000000000000000        0xc ./Src/main.o
 .group         0x0000000000000000        0xc ./Src/main.o
 .group         0x0000000000000000        0xc ./Src/main.o
 .group         0x0000000000000000        0xc ./Src/main.o
 .group         0x0000000000000000        0xc ./Src/main.o
 .group         0x0000000000000000        0xc ./Src/main.o
 .group         0x0000000000000000        0xc ./Src/main.o
 .group         0x0000000000000000        0xc ./Src/main.o
 .group         0x0000000000000000        0xc ./Src/main.o
 .group         0x0000000000000000        0xc ./Src/main.o
 .group         0x0000000000000000        0xc ./Src/main.o
 .group         0x0000000000000000        0xc ./Src/main.o
 .group         0x0000000000000000        0xc ./Src/main.o
 .group         0x0000000000000000        0xc ./Src/main.o
 .group         0x0000000000000000        0xc ./Src/main.o
 .group         0x0000000000000000        0xc ./Src/main.o
 .group         0x0000000000000000        0xc ./Src/main.o
 .group         0x0000000000000000        0xc ./Src/main.o
 .group         0x0000000000000000        0xc ./Src/main.o
 .group         0x0000000000000000        0xc ./Src/main.o
 .group         0x0000000000000000        0xc ./Src/main.o
 .group         0x0000000000000000        0xc ./Src/main.o
 .group         0x0000000000000000        0xc ./Src/main.o
 .group         0x0000000000000000        0xc ./Src/main.o
 .group         0x0000000000000000        0xc ./Src/main.o
 .group         0x0000000000000000        0xc ./Src/main.o
 .group         0x0000000000000000        0xc ./Src/main.o
 .group         0x0000000000000000        0xc ./Src/main.o
 .group         0x0000000000000000        0xc ./Src/main.o
 .group         0x0000000000000000        0xc ./Src/main.o
 .text          0x0000000000000000        0x0 ./Src/main.o
 .data          0x0000000000000000        0x0 ./Src/main.o
 .bss           0x0000000000000000        0x0 ./Src/main.o
 .debug_macro   0x0000000000000000      0xa72 ./Src/main.o
 .debug_macro   0x0000000000000000       0x22 ./Src/main.o
 .debug_macro   0x0000000000000000       0x8e ./Src/main.o
 .debug_macro   0x0000000000000000       0x51 ./Src/main.o
 .debug_macro   0x0000000000000000      0x103 ./Src/main.o
 .debug_macro   0x0000000000000000       0x6a ./Src/main.o
 .debug_macro   0x0000000000000000      0x1df ./Src/main.o
 .debug_macro   0x0000000000000000       0x16 ./Src/main.o
 .debug_macro   0x0000000000000000       0x10 ./Src/main.o
 .debug_macro   0x0000000000000000       0x18 ./Src/main.o
 .debug_macro   0x0000000000000000       0x52 ./Src/main.o
 .debug_macro   0x0000000000000000       0x3c ./Src/main.o
 .debug_macro   0x0000000000000000       0x34 ./Src/main.o
 .debug_macro   0x0000000000000000       0x16 ./Src/main.o
 .debug_macro   0x0000000000000000      0x10e ./Src/main.o
 .debug_macro   0x0000000000000000       0x8d ./Src/main.o
 .debug_macro   0x0000000000000000       0x16 ./Src/main.o
 .debug_macro   0x0000000000000000       0x43 ./Src/main.o
 .debug_macro   0x0000000000000000       0x34 ./Src/main.o
 .debug_macro   0x0000000000000000       0x10 ./Src/main.o
 .debug_macro   0x0000000000000000       0x58 ./Src/main.o
 .debug_macro   0x0000000000000000       0x71 ./Src/main.o
 .debug_macro   0x0000000000000000       0x1c ./Src/main.o
 .debug_macro   0x0000000000000000      0x12a ./Src/main.o
 .debug_macro   0x0000000000000000      0x341 ./Src/main.o
 .debug_macro   0x0000000000000000       0x16 ./Src/main.o
 .debug_macro   0x0000000000000000       0x29 ./Src/main.o
 .debug_macro   0x0000000000000000       0x76 ./Src/main.o
 .debug_macro   0x0000000000000000       0x22 ./Src/main.o
 .debug_macro   0x0000000000000000       0x40 ./Src/main.o
 .debug_macro   0x0000000000000000       0xd6 ./Src/main.o
 .debug_macro   0x0000000000000000       0x22 ./Src/main.o
 .debug_macro   0x0000000000000000       0xbe ./Src/main.o
 .group         0x0000000000000000        0xc ./Src/syscalls.o
 .group         0x0000000000000000        0xc ./Src/syscalls.o
 .group         0x0000000000000000        0xc ./Src/syscalls.o
 .group         0x0000000000000000        0xc ./Src/syscalls.o
 .group         0x0000000000000000        0xc ./Src/syscalls.o
 .group         0x0000000000000000        0xc ./Src/syscalls.o
 .group         0x0000000000000000        0xc ./Src/syscalls.o
 .group         0x0000000000000000        0xc ./Src/syscalls.o
 .group         0x0000000000000000        0xc ./Src/syscalls.o
 .group         0x0000000000000000        0xc ./Src/syscalls.o
 .group         0x0000000000000000        0xc ./Src/syscalls.o
 .group         0x0000000000000000        0xc ./Src/syscalls.o
 .group         0x0000000000000000        0xc ./Src/syscalls.o
 .group         0x0000000000000000        0xc ./Src/syscalls.o
 .group         0x0000000000000000        0xc ./Src/syscalls.o
 .group         0x0000000000000000        0xc ./Src/syscalls.o
 .group         0x0000000000000000        0xc ./Src/syscalls.o
 .group         0x0000000000000000        0xc ./Src/syscalls.o
 .group         0x0000000000000000        0xc ./Src/syscalls.o
 .group         0x0000000000000000        0xc ./Src/syscalls.o
 .group         0x0000000000000000        0xc ./Src/syscalls.o
 .group         0x0000000000000000        0xc ./Src/syscalls.o
 .group         0x0000000000000000        0xc ./Src/syscalls.o
 .group         0x0000000000000000        0xc ./Src/syscalls.o
 .group         0x0000000000000000        0xc ./Src/syscalls.o
 .group         0x0000000000000000        0xc ./Src/syscalls.o
 .group         0x0000000000000000        0xc ./Src/syscalls.o
 .group         0x0000000000000000        0xc ./Src/syscalls.o
 .group         0x0000000000000000        0xc ./Src/syscalls.o
 .group         0x0000000000000000        0xc ./Src/syscalls.o
 .group         0x0000000000000000        0xc ./Src/syscalls.o
 .group         0x0000000000000000        0xc ./Src/syscalls.o
 .group         0x0000000000000000        0xc ./Src/syscalls.o
 .group         0x0000000000000000        0xc ./Src/syscalls.o
 .group         0x0000000000000000        0xc ./Src/syscalls.o
 .group         0x0000000000000000        0xc ./Src/syscalls.o
 .group         0x0000000000000000        0xc ./Src/syscalls.o
 .group         0x0000000000000000        0xc ./Src/syscalls.o
 .group         0x0000000000000000        0xc ./Src/syscalls.o
 .group         0x0000000000000000        0xc ./Src/syscalls.o
 .group         0x0000000000000000        0xc ./Src/syscalls.o
 .group         0x0000000000000000        0xc ./Src/syscalls.o
 .group         0x0000000000000000        0xc ./Src/syscalls.o
 .group         0x0000000000000000        0xc ./Src/syscalls.o
 .group         0x0000000000000000        0xc ./Src/syscalls.o
 .group         0x0000000000000000        0xc ./Src/syscalls.o
 .group         0x0000000000000000        0xc ./Src/syscalls.o
 .text          0x0000000000000000        0x0 ./Src/syscalls.o
 .data          0x0000000000000000        0x0 ./Src/syscalls.o
 .bss           0x0000000000000000        0x0 ./Src/syscalls.o
 .bss.__env     0x0000000000000000        0x4 ./Src/syscalls.o
 .data.environ  0x0000000000000000        0x4 ./Src/syscalls.o
 .text.initialise_monitor_handles
                0x0000000000000000        0xc ./Src/syscalls.o
 .text._getpid  0x0000000000000000        0xe ./Src/syscalls.o
 .text._kill    0x0000000000000000       0x20 ./Src/syscalls.o
 .text._exit    0x0000000000000000       0x14 ./Src/syscalls.o
 .text._read    0x0000000000000000       0x3a ./Src/syscalls.o
 .text._write   0x0000000000000000       0x38 ./Src/syscalls.o
 .text._close   0x0000000000000000       0x16 ./Src/syscalls.o
 .text._fstat   0x0000000000000000       0x1e ./Src/syscalls.o
 .text._isatty  0x0000000000000000       0x14 ./Src/syscalls.o
 .text._lseek   0x0000000000000000       0x18 ./Src/syscalls.o
 .text._open    0x0000000000000000       0x1a ./Src/syscalls.o
 .text._wait    0x0000000000000000       0x1e ./Src/syscalls.o
 .text._unlink  0x0000000000000000       0x1e ./Src/syscalls.o
 .text._times   0x0000000000000000       0x16 ./Src/syscalls.o
 .text._stat    0x0000000000000000       0x1e ./Src/syscalls.o
 .text._link    0x0000000000000000       0x20 ./Src/syscalls.o
 .text._fork    0x0000000000000000       0x16 ./Src/syscalls.o
 .text._execve  0x0000000000000000       0x22 ./Src/syscalls.o
 .debug_info    0x0000000000000000      0x771 ./Src/syscalls.o
 .debug_abbrev  0x0000000000000000      0x1b5 ./Src/syscalls.o
 .debug_loc     0x0000000000000000      0x5b8 ./Src/syscalls.o
 .debug_aranges
                0x0000000000000000       0xa8 ./Src/syscalls.o
 .debug_ranges  0x0000000000000000       0x98 ./Src/syscalls.o
 .debug_macro   0x0000000000000000      0x24c ./Src/syscalls.o
 .debug_macro   0x0000000000000000      0xa72 ./Src/syscalls.o
 .debug_macro   0x0000000000000000       0x22 ./Src/syscalls.o
 .debug_macro   0x0000000000000000       0x4c ./Src/syscalls.o
 .debug_macro   0x0000000000000000       0x18 ./Src/syscalls.o
 .debug_macro   0x0000000000000000       0x94 ./Src/syscalls.o
 .debug_macro   0x0000000000000000       0x3c ./Src/syscalls.o
 .debug_macro   0x0000000000000000       0x34 ./Src/syscalls.o
 .debug_macro   0x0000000000000000       0x57 ./Src/syscalls.o
 .debug_macro   0x0000000000000000      0x174 ./Src/syscalls.o
 .debug_macro   0x0000000000000000      0x341 ./Src/syscalls.o
 .debug_macro   0x0000000000000000       0x16 ./Src/syscalls.o
 .debug_macro   0x0000000000000000       0x43 ./Src/syscalls.o
 .debug_macro   0x0000000000000000       0x34 ./Src/syscalls.o
 .debug_macro   0x0000000000000000       0x10 ./Src/syscalls.o
 .debug_macro   0x0000000000000000       0x58 ./Src/syscalls.o
 .debug_macro   0x0000000000000000       0x71 ./Src/syscalls.o
 .debug_macro   0x0000000000000000       0x1c ./Src/syscalls.o
 .debug_macro   0x0000000000000000      0x12a ./Src/syscalls.o
 .debug_macro   0x0000000000000000       0x10 ./Src/syscalls.o
 .debug_macro   0x0000000000000000       0x35 ./Src/syscalls.o
 .debug_macro   0x0000000000000000       0x10 ./Src/syscalls.o
 .debug_macro   0x0000000000000000       0x10 ./Src/syscalls.o
 .debug_macro   0x0000000000000000       0x10 ./Src/syscalls.o
 .debug_macro   0x0000000000000000       0x6a ./Src/syscalls.o
 .debug_macro   0x0000000000000000       0x1c ./Src/syscalls.o
 .debug_macro   0x0000000000000000       0x52 ./Src/syscalls.o
 .debug_macro   0x0000000000000000       0x22 ./Src/syscalls.o
 .debug_macro   0x0000000000000000       0x10 ./Src/syscalls.o
 .debug_macro   0x0000000000000000       0x52 ./Src/syscalls.o
 .debug_macro   0x0000000000000000       0xd5 ./Src/syscalls.o
 .debug_macro   0x0000000000000000       0x1c ./Src/syscalls.o
 .debug_macro   0x0000000000000000       0x3d ./Src/syscalls.o
 .debug_macro   0x0000000000000000       0x35 ./Src/syscalls.o
 .debug_macro   0x0000000000000000      0x12c ./Src/syscalls.o
 .debug_macro   0x0000000000000000       0x16 ./Src/syscalls.o
 .debug_macro   0x0000000000000000       0x16 ./Src/syscalls.o
 .debug_macro   0x0000000000000000       0x29 ./Src/syscalls.o
 .debug_macro   0x0000000000000000       0x10 ./Src/syscalls.o
 .debug_macro   0x0000000000000000      0x241 ./Src/syscalls.o
 .debug_macro   0x0000000000000000       0x1c ./Src/syscalls.o
 .debug_macro   0x0000000000000000       0x10 ./Src/syscalls.o
 .debug_macro   0x0000000000000000       0x10 ./Src/syscalls.o
 .debug_macro   0x0000000000000000       0x16 ./Src/syscalls.o
 .debug_macro   0x0000000000000000      0x145 ./Src/syscalls.o
 .debug_macro   0x0000000000000000      0x189 ./Src/syscalls.o
 .debug_macro   0x0000000000000000       0x16 ./Src/syscalls.o
 .debug_macro   0x0000000000000000       0xce ./Src/syscalls.o
 .debug_line    0x0000000000000000      0x988 ./Src/syscalls.o
 .debug_str     0x0000000000000000     0x8a26 ./Src/syscalls.o
 .comment       0x0000000000000000       0x51 ./Src/syscalls.o
 .debug_frame   0x0000000000000000      0x2ac ./Src/syscalls.o
 .ARM.attributes
                0x0000000000000000       0x2d ./Src/syscalls.o
 .group         0x0000000000000000        0xc ./Src/sysmem.o
 .group         0x0000000000000000        0xc ./Src/sysmem.o
 .group         0x0000000000000000        0xc ./Src/sysmem.o
 .group         0x0000000000000000        0xc ./Src/sysmem.o
 .group         0x0000000000000000        0xc ./Src/sysmem.o
 .group         0x0000000000000000        0xc ./Src/sysmem.o
 .group         0x0000000000000000        0xc ./Src/sysmem.o
 .group         0x0000000000000000        0xc ./Src/sysmem.o
 .group         0x0000000000000000        0xc ./Src/sysmem.o
 .group         0x0000000000000000        0xc ./Src/sysmem.o
 .group         0x0000000000000000        0xc ./Src/sysmem.o
 .group         0x0000000000000000        0xc ./Src/sysmem.o
 .group         0x0000000000000000        0xc ./Src/sysmem.o
 .group         0x0000000000000000        0xc ./Src/sysmem.o
 .group         0x0000000000000000        0xc ./Src/sysmem.o
 .group         0x0000000000000000        0xc ./Src/sysmem.o
 .group         0x0000000000000000        0xc ./Src/sysmem.o
 .group         0x0000000000000000        0xc ./Src/sysmem.o
 .group         0x0000000000000000        0xc ./Src/sysmem.o
 .group         0x0000000000000000        0xc ./Src/sysmem.o
 .group         0x0000000000000000        0xc ./Src/sysmem.o
 .group         0x0000000000000000        0xc ./Src/sysmem.o
 .text          0x0000000000000000        0x0 ./Src/sysmem.o
 .data          0x0000000000000000        0x0 ./Src/sysmem.o
 .bss           0x0000000000000000        0x0 ./Src/sysmem.o
 .bss.__sbrk_heap_end
                0x0000000000000000        0x4 ./Src/sysmem.o
 .text._sbrk    0x0000000000000000       0x6c ./Src/sysmem.o
 .debug_info    0x0000000000000000      0x183 ./Src/sysmem.o
 .debug_abbrev  0x0000000000000000       0xbd ./Src/sysmem.o
 .debug_loc     0x0000000000000000       0x50 ./Src/sysmem.o
 .debug_aranges
                0x0000000000000000       0x20 ./Src/sysmem.o
 .debug_ranges  0x0000000000000000       0x10 ./Src/sysmem.o
 .debug_macro   0x0000000000000000       0xff ./Src/sysmem.o
 .debug_macro   0x0000000000000000      0xa72 ./Src/sysmem.o
 .debug_macro   0x0000000000000000       0x10 ./Src/sysmem.o
 .debug_macro   0x0000000000000000       0x22 ./Src/sysmem.o
 .debug_macro   0x0000000000000000       0x4c ./Src/sysmem.o
 .debug_macro   0x0000000000000000       0x18 ./Src/sysmem.o
 .debug_macro   0x0000000000000000       0x94 ./Src/sysmem.o
 .debug_macro   0x0000000000000000       0x3c ./Src/sysmem.o
 .debug_macro   0x0000000000000000       0x34 ./Src/sysmem.o
 .debug_macro   0x0000000000000000      0x174 ./Src/sysmem.o
 .debug_macro   0x0000000000000000       0x16 ./Src/sysmem.o
 .debug_macro   0x0000000000000000       0x43 ./Src/sysmem.o
 .debug_macro   0x0000000000000000       0x57 ./Src/sysmem.o
 .debug_macro   0x0000000000000000       0x34 ./Src/sysmem.o
 .debug_macro   0x0000000000000000       0x10 ./Src/sysmem.o
 .debug_macro   0x0000000000000000       0x58 ./Src/sysmem.o
 .debug_macro   0x0000000000000000       0x71 ./Src/sysmem.o
 .debug_macro   0x0000000000000000       0x1c ./Src/sysmem.o
 .debug_macro   0x0000000000000000      0x12a ./Src/sysmem.o
 .debug_macro   0x0000000000000000      0x23b ./Src/sysmem.o
 .debug_macro   0x0000000000000000      0x103 ./Src/sysmem.o
 .debug_macro   0x0000000000000000       0x6a ./Src/sysmem.o
 .debug_macro   0x0000000000000000      0x1df ./Src/sysmem.o
 .debug_line    0x0000000000000000      0x67e ./Src/sysmem.o
 .debug_str     0x0000000000000000     0x5d62 ./Src/sysmem.o
 .comment       0x0000000000000000       0x51 ./Src/sysmem.o
 .debug_frame   0x0000000000000000       0x34 ./Src/sysmem.o
 .ARM.attributes
                0x0000000000000000       0x2d ./Src/sysmem.o
 .text          0x0000000000000000       0x14 ./Startup/startup_stm32f103c8tx.o
 .data          0x0000000000000000        0x0 ./Startup/startup_stm32f103c8tx.o
 .bss           0x0000000000000000        0x0 ./Startup/startup_stm32f103c8tx.o
 .text          0x0000000000000000        0x0 g:/en.st-stm32cubeide_1.4.0_7511_20200720_0928_x86_64_exe/stm32cubeide_1.4.0/stm32cubeide/plugins/com.st.stm32cube.ide.mcu.externaltools.gnu-tools-for-stm32.10.3-2021.10.win32_1.0.200.202301161003/tools/bin/../lib/gcc/arm-none-eabi/10.3.1/../../../../arm-none-eabi/lib/thumb/v7-m/nofp\libc_nano.a(lib_a-errno.o)
 .data          0x0000000000000000        0x0 g:/en.st-stm32cubeide_1.4.0_7511_20200720_0928_x86_64_exe/stm32cubeide_1.4.0/stm32cubeide/plugins/com.st.stm32cube.ide.mcu.externaltools.gnu-tools-for-stm32.10.3-2021.10.win32_1.0.200.202301161003/tools/bin/../lib/gcc/arm-none-eabi/10.3.1/../../../../arm-none-eabi/lib/thumb/v7-m/nofp\libc_nano.a(lib_a-errno.o)
 .bss           0x0000000000000000        0x0 g:/en.st-stm32cubeide_1.4.0_7511_20200720_0928_x86_64_exe/stm32cubeide_1.4.0/stm32cubeide/plugins/com.st.stm32cube.ide.mcu.externaltools.gnu-tools-for-stm32.10.3-2021.10.win32_1.0.200.202301161003/tools/bin/../lib/gcc/arm-none-eabi/10.3.1/../../../../arm-none-eabi/lib/thumb/v7-m/nofp\libc_nano.a(lib_a-errno.o)
 .text.__errno  0x0000000000000000        0xc g:/en.st-stm32cubeide_1.4.0_7511_20200720_0928_x86_64_exe/stm32cubeide_1.4.0/stm32cubeide/plugins/com.st.stm32cube.ide.mcu.externaltools.gnu-tools-for-stm32.10.3-2021.10.win32_1.0.200.202301161003/tools/bin/../lib/gcc/arm-none-eabi/10.3.1/../../../../arm-none-eabi/lib/thumb/v7-m/nofp\libc_nano.a(lib_a-errno.o)
 .debug_frame   0x0000000000000000       0x20 g:/en.st-stm32cubeide_1.4.0_7511_20200720_0928_x86_64_exe/stm32cubeide_1.4.0/stm32cubeide/plugins/com.st.stm32cube.ide.mcu.externaltools.gnu-tools-for-stm32.10.3-2021.10.win32_1.0.200.202301161003/tools/bin/../lib/gcc/arm-none-eabi/10.3.1/../../../../arm-none-eabi/lib/thumb/v7-m/nofp\libc_nano.a(lib_a-errno.o)
 .ARM.attributes
                0x0000000000000000       0x2d g:/en.st-stm32cubeide_1.4.0_7511_20200720_0928_x86_64_exe/stm32cubeide_1.4.0/stm32cubeide/plugins/com.st.stm32cube.ide.mcu.externaltools.gnu-tools-for-stm32.10.3-2021.10.win32_1.0.200.202301161003/tools/bin/../lib/gcc/arm-none-eabi/10.3.1/../../../../arm-none-eabi/lib/thumb/v7-m/nofp\libc_nano.a(lib_a-errno.o)
 .text          0x0000000000000000        0x0 g:/en.st-stm32cubeide_1.4.0_7511_20200720_0928_x86_64_exe/stm32cubeide_1.4.0/stm32cubeide/plugins/com.st.stm32cube.ide.mcu.externaltools.gnu-tools-for-stm32.10.3-2021.10.win32_1.0.200.202301161003/tools/bin/../lib/gcc/arm-none-eabi/10.3.1/../../../../arm-none-eabi/lib/thumb/v7-m/nofp\libc_nano.a(lib_a-exit.o)
 .data          0x0000000000000000        0x0 g:/en.st-stm32cubeide_1.4.0_7511_20200720_0928_x86_64_exe/stm32cubeide_1.4.0/stm32cubeide/plugins/com.st.stm32cube.ide.mcu.externaltools.gnu-tools-for-stm32.10.3-2021.10.win32_1.0.200.202301161003/tools/bin/../lib/gcc/arm-none-eabi/10.3.1/../../../../arm-none-eabi/lib/thumb/v7-m/nofp\libc_nano.a(lib_a-exit.o)
 .bss           0x0000000000000000        0x0 g:/en.st-stm32cubeide_1.4.0_7511_20200720_0928_x86_64_exe/stm32cubeide_1.4.0/stm32cubeide/plugins/com.st.stm32cube.ide.mcu.externaltools.gnu-tools-for-stm32.10.3-2021.10.win32_1.0.200.202301161003/tools/bin/../lib/gcc/arm-none-eabi/10.3.1/../../../../arm-none-eabi/lib/thumb/v7-m/nofp\libc_nano.a(lib_a-exit.o)
 .text.exit     0x0000000000000000       0x28 g:/en.st-stm32cubeide_1.4.0_7511_20200720_0928_x86_64_exe/stm32cubeide_1.4.0/stm32cubeide/plugins/com.st.stm32cube.ide.mcu.externaltools.gnu-tools-for-stm32.10.3-2021.10.win32_1.0.200.202301161003/tools/bin/../lib/gcc/arm-none-eabi/10.3.1/../../../../arm-none-eabi/lib/thumb/v7-m/nofp\libc_nano.a(lib_a-exit.o)
 .debug_frame   0x0000000000000000       0x28 g:/en.st-stm32cubeide_1.4.0_7511_20200720_0928_x86_64_exe/stm32cubeide_1.4.0/stm32cubeide/plugins/com.st.stm32cube.ide.mcu.externaltools.gnu-tools-for-stm32.10.3-2021.10.win32_1.0.200.202301161003/tools/bin/../lib/gcc/arm-none-eabi/10.3.1/../../../../arm-none-eabi/lib/thumb/v7-m/nofp\libc_nano.a(lib_a-exit.o)
 .ARM.attributes
                0x0000000000000000       0x2d g:/en.st-stm32cubeide_1.4.0_7511_20200720_0928_x86_64_exe/stm32cubeide_1.4.0/stm32cubeide/plugins/com.st.stm32cube.ide.mcu.externaltools.gnu-tools-for-stm32.10.3-2021.10.win32_1.0.200.202301161003/tools/bin/../lib/gcc/arm-none-eabi/10.3.1/../../../../arm-none-eabi/lib/thumb/v7-m/nofp\libc_nano.a(lib_a-exit.o)
 .text          0x0000000000000000        0x0 g:/en.st-stm32cubeide_1.4.0_7511_20200720_0928_x86_64_exe/stm32cubeide_1.4.0/stm32cubeide/plugins/com.st.stm32cube.ide.mcu.externaltools.gnu-tools-for-stm32.10.3-2021.10.win32_1.0.200.202301161003/tools/bin/../lib/gcc/arm-none-eabi/10.3.1/../../../../arm-none-eabi/lib/thumb/v7-m/nofp\libc_nano.a(lib_a-impure.o)
 .data          0x0000000000000000        0x0 g:/en.st-stm32cubeide_1.4.0_7511_20200720_0928_x86_64_exe/stm32cubeide_1.4.0/stm32cubeide/plugins/com.st.stm32cube.ide.mcu.externaltools.gnu-tools-for-stm32.10.3-2021.10.win32_1.0.200.202301161003/tools/bin/../lib/gcc/arm-none-eabi/10.3.1/../../../../arm-none-eabi/lib/thumb/v7-m/nofp\libc_nano.a(lib_a-impure.o)
 .bss           0x0000000000000000        0x0 g:/en.st-stm32cubeide_1.4.0_7511_20200720_0928_x86_64_exe/stm32cubeide_1.4.0/stm32cubeide/plugins/com.st.stm32cube.ide.mcu.externaltools.gnu-tools-for-stm32.10.3-2021.10.win32_1.0.200.202301161003/tools/bin/../lib/gcc/arm-none-eabi/10.3.1/../../../../arm-none-eabi/lib/thumb/v7-m/nofp\libc_nano.a(lib_a-impure.o)
 .data._impure_ptr
                0x0000000000000000        0x4 g:/en.st-stm32cubeide_1.4.0_7511_20200720_0928_x86_64_exe/stm32cubeide_1.4.0/stm32cubeide/plugins/com.st.stm32cube.ide.mcu.externaltools.gnu-tools-for-stm32.10.3-2021.10.win32_1.0.200.202301161003/tools/bin/../lib/gcc/arm-none-eabi/10.3.1/../../../../arm-none-eabi/lib/thumb/v7-m/nofp\libc_nano.a(lib_a-impure.o)
 .data.impure_data
                0x0000000000000000       0x60 g:/en.st-stm32cubeide_1.4.0_7511_20200720_0928_x86_64_exe/stm32cubeide_1.4.0/stm32cubeide/plugins/com.st.stm32cube.ide.mcu.externaltools.gnu-tools-for-stm32.10.3-2021.10.win32_1.0.200.202301161003/tools/bin/../lib/gcc/arm-none-eabi/10.3.1/../../../../arm-none-eabi/lib/thumb/v7-m/nofp\libc_nano.a(lib_a-impure.o)
 .rodata._global_impure_ptr
                0x0000000000000000        0x4 g:/en.st-stm32cubeide_1.4.0_7511_20200720_0928_x86_64_exe/stm32cubeide_1.4.0/stm32cubeide/plugins/com.st.stm32cube.ide.mcu.externaltools.gnu-tools-for-stm32.10.3-2021.10.win32_1.0.200.202301161003/tools/bin/../lib/gcc/arm-none-eabi/10.3.1/../../../../arm-none-eabi/lib/thumb/v7-m/nofp\libc_nano.a(lib_a-impure.o)
 .ARM.attributes
                0x0000000000000000       0x2d g:/en.st-stm32cubeide_1.4.0_7511_20200720_0928_x86_64_exe/stm32cubeide_1.4.0/stm32cubeide/plugins/com.st.stm32cube.ide.mcu.externaltools.gnu-tools-for-stm32.10.3-2021.10.win32_1.0.200.202301161003/tools/bin/../lib/gcc/arm-none-eabi/10.3.1/../../../../arm-none-eabi/lib/thumb/v7-m/nofp\libc_nano.a(lib_a-impure.o)
 .text          0x0000000000000000        0x0 g:/en.st-stm32cubeide_1.4.0_7511_20200720_0928_x86_64_exe/stm32cubeide_1.4.0/stm32cubeide/plugins/com.st.stm32cube.ide.mcu.externaltools.gnu-tools-for-stm32.10.3-2021.10.win32_1.0.200.202301161003/tools/bin/../lib/gcc/arm-none-eabi/10.3.1/../../../../arm-none-eabi/lib/thumb/v7-m/nofp\libc_nano.a(lib_a-init.o)
 .data          0x0000000000000000        0x0 g:/en.st-stm32cubeide_1.4.0_7511_20200720_0928_x86_64_exe/stm32cubeide_1.4.0/stm32cubeide/plugins/com.st.stm32cube.ide.mcu.externaltools.gnu-tools-for-stm32.10.3-2021.10.win32_1.0.200.202301161003/tools/bin/../lib/gcc/arm-none-eabi/10.3.1/../../../../arm-none-eabi/lib/thumb/v7-m/nofp\libc_nano.a(lib_a-init.o)
 .bss           0x0000000000000000        0x0 g:/en.st-stm32cubeide_1.4.0_7511_20200720_0928_x86_64_exe/stm32cubeide_1.4.0/stm32cubeide/plugins/com.st.stm32cube.ide.mcu.externaltools.gnu-tools-for-stm32.10.3-2021.10.win32_1.0.200.202301161003/tools/bin/../lib/gcc/arm-none-eabi/10.3.1/../../../../arm-none-eabi/lib/thumb/v7-m/nofp\libc_nano.a(lib_a-init.o)
 .text          0x0000000000000000        0x0 g:/en.st-stm32cubeide_1.4.0_7511_20200720_0928_x86_64_exe/stm32cubeide_1.4.0/stm32cubeide/plugins/com.st.stm32cube.ide.mcu.externaltools.gnu-tools-for-stm32.10.3-2021.10.win32_1.0.200.202301161003/tools/bin/../lib/gcc/arm-none-eabi/10.3.1/../../../../arm-none-eabi/lib/thumb/v7-m/nofp\libc_nano.a(lib_a-memset.o)
 .data          0x0000000000000000        0x0 g:/en.st-stm32cubeide_1.4.0_7511_20200720_0928_x86_64_exe/stm32cubeide_1.4.0/stm32cubeide/plugins/com.st.stm32cube.ide.mcu.externaltools.gnu-tools-for-stm32.10.3-2021.10.win32_1.0.200.202301161003/tools/bin/../lib/gcc/arm-none-eabi/10.3.1/../../../../arm-none-eabi/lib/thumb/v7-m/nofp\libc_nano.a(lib_a-memset.o)
 .bss           0x0000000000000000        0x0 g:/en.st-stm32cubeide_1.4.0_7511_20200720_0928_x86_64_exe/stm32cubeide_1.4.0/stm32cubeide/plugins/com.st.stm32cube.ide.mcu.externaltools.gnu-tools-for-stm32.10.3-2021.10.win32_1.0.200.202301161003/tools/bin/../lib/gcc/arm-none-eabi/10.3.1/../../../../arm-none-eabi/lib/thumb/v7-m/nofp\libc_nano.a(lib_a-memset.o)
 .text.memset   0x0000000000000000       0x10 g:/en.st-stm32cubeide_1.4.0_7511_20200720_0928_x86_64_exe/stm32cubeide_1.4.0/stm32cubeide/plugins/com.st.stm32cube.ide.mcu.externaltools.gnu-tools-for-stm32.10.3-2021.10.win32_1.0.200.202301161003/tools/bin/../lib/gcc/arm-none-eabi/10.3.1/../../../../arm-none-eabi/lib/thumb/v7-m/nofp\libc_nano.a(lib_a-memset.o)
 .debug_frame   0x0000000000000000       0x20 g:/en.st-stm32cubeide_1.4.0_7511_20200720_0928_x86_64_exe/stm32cubeide_1.4.0/stm32cubeide/plugins/com.st.stm32cube.ide.mcu.externaltools.gnu-tools-for-stm32.10.3-2021.10.win32_1.0.200.202301161003/tools/bin/../lib/gcc/arm-none-eabi/10.3.1/../../../../arm-none-eabi/lib/thumb/v7-m/nofp\libc_nano.a(lib_a-memset.o)
 .ARM.attributes
                0x0000000000000000       0x2d g:/en.st-stm32cubeide_1.4.0_7511_20200720_0928_x86_64_exe/stm32cubeide_1.4.0/stm32cubeide/plugins/com.st.stm32cube.ide.mcu.externaltools.gnu-tools-for-stm32.10.3-2021.10.win32_1.0.200.202301161003/tools/bin/../lib/gcc/arm-none-eabi/10.3.1/../../../../arm-none-eabi/lib/thumb/v7-m/nofp\libc_nano.a(lib_a-memset.o)
 .text          0x0000000000000000        0x0 g:/en.st-stm32cubeide_1.4.0_7511_20200720_0928_x86_64_exe/stm32cubeide_1.4.0/stm32cubeide/plugins/com.st.stm32cube.ide.mcu.externaltools.gnu-tools-for-stm32.10.3-2021.10.win32_1.0.200.202301161003/tools/bin/../lib/gcc/arm-none-eabi/10.3.1/thumb/v7-m/nofp/crtend.o
 .data          0x0000000000000000        0x0 g:/en.st-stm32cubeide_1.4.0_7511_20200720_0928_x86_64_exe/stm32cubeide_1.4.0/stm32cubeide/plugins/com.st.stm32cube.ide.mcu.externaltools.gnu-tools-for-stm32.10.3-2021.10.win32_1.0.200.202301161003/tools/bin/../lib/gcc/arm-none-eabi/10.3.1/thumb/v7-m/nofp/crtend.o
 .bss           0x0000000000000000        0x0 g:/en.st-stm32cubeide_1.4.0_7511_20200720_0928_x86_64_exe/stm32cubeide_1.4.0/stm32cubeide/plugins/com.st.stm32cube.ide.mcu.externaltools.gnu-tools-for-stm32.10.3-2021.10.win32_1.0.200.202301161003/tools/bin/../lib/gcc/arm-none-eabi/10.3.1/thumb/v7-m/nofp/crtend.o
 .rodata        0x0000000000000000       0x24 g:/en.st-stm32cubeide_1.4.0_7511_20200720_0928_x86_64_exe/stm32cubeide_1.4.0/stm32cubeide/plugins/com.st.stm32cube.ide.mcu.externaltools.gnu-tools-for-stm32.10.3-2021.10.win32_1.0.200.202301161003/tools/bin/../lib/gcc/arm-none-eabi/10.3.1/thumb/v7-m/nofp/crtend.o
 .eh_frame      0x0000000000000000        0x4 g:/en.st-stm32cubeide_1.4.0_7511_20200720_0928_x86_64_exe/stm32cubeide_1.4.0/stm32cubeide/plugins/com.st.stm32cube.ide.mcu.externaltools.gnu-tools-for-stm32.10.3-2021.10.win32_1.0.200.202301161003/tools/bin/../lib/gcc/arm-none-eabi/10.3.1/thumb/v7-m/nofp/crtend.o
 .ARM.attributes
                0x0000000000000000       0x2d g:/en.st-stm32cubeide_1.4.0_7511_20200720_0928_x86_64_exe/stm32cubeide_1.4.0/stm32cubeide/plugins/com.st.stm32cube.ide.mcu.externaltools.gnu-tools-for-stm32.10.3-2021.10.win32_1.0.200.202301161003/tools/bin/../lib/gcc/arm-none-eabi/10.3.1/thumb/v7-m/nofp/crtend.o
 .text          0x0000000000000000        0x0 g:/en.st-stm32cubeide_1.4.0_7511_20200720_0928_x86_64_exe/stm32cubeide_1.4.0/stm32cubeide/plugins/com.st.stm32cube.ide.mcu.externaltools.gnu-tools-for-stm32.10.3-2021.10.win32_1.0.200.202301161003/tools/bin/../lib/gcc/arm-none-eabi/10.3.1/thumb/v7-m/nofp/crtn.o
 .data          0x0000000000000000        0x0 g:/en.st-stm32cubeide_1.4.0_7511_20200720_0928_x86_64_exe/stm32cubeide_1.4.0/stm32cubeide/plugins/com.st.stm32cube.ide.mcu.externaltools.gnu-tools-for-stm32.10.3-2021.10.win32_1.0.200.202301161003/tools/bin/../lib/gcc/arm-none-eabi/10.3.1/thumb/v7-m/nofp/crtn.o
 .bss           0x0000000000000000        0x0 g:/en.st-stm32cubeide_1.4.0_7511_20200720_0928_x86_64_exe/stm32cubeide_1.4.0/stm32cubeide/plugins/com.st.stm32cube.ide.mcu.externaltools.gnu-tools-for-stm32.10.3-2021.10.win32_1.0.200.202301161003/tools/bin/../lib/gcc/arm-none-eabi/10.3.1/thumb/v7-m/nofp/crtn.o

Memory Configuration

Name             Origin             Length             Attributes
RAM              0x0000000020000000 0x0000000000005000 xrw
FLASH            0x0000000008000000 0x0000000000010000 xr
*default*        0x0000000000000000 0xffffffffffffffff

Linker script and memory map

LOAD g:/en.st-stm32cubeide_1.4.0_7511_20200720_0928_x86_64_exe/stm32cubeide_1.4.0/stm32cubeide/plugins/com.st.stm32cube.ide.mcu.externaltools.gnu-tools-for-stm32.10.3-2021.10.win32_1.0.200.202301161003/tools/bin/../lib/gcc/arm-none-eabi/10.3.1/thumb/v7-m/nofp/crti.o
LOAD g:/en.st-stm32cubeide_1.4.0_7511_20200720_0928_x86_64_exe/stm32cubeide_1.4.0/stm32cubeide/plugins/com.st.stm32cube.ide.mcu.externaltools.gnu-tools-for-stm32.10.3-2021.10.win32_1.0.200.202301161003/tools/bin/../lib/gcc/arm-none-eabi/10.3.1/thumb/v7-m/nofp/crtbegin.o
LOAD g:/en.st-stm32cubeide_1.4.0_7511_20200720_0928_x86_64_exe/stm32cubeide_1.4.0/stm32cubeide/plugins/com.st.stm32cube.ide.mcu.externaltools.gnu-tools-for-stm32.10.3-2021.10.win32_1.0.200.202301161003/tools/bin/../lib/gcc/arm-none-eabi/10.3.1/../../../../arm-none-eabi/lib/thumb/v7-m/nofp/crt0.o
LOAD ./KeyPad/KeyPad.o
LOAD ./LCD/LCD.o
LOAD ./STM32F103C8T6_DRIVERS_GPIO/STM32F103C8T6_DRIVERS_GPIO.o
LOAD ./STM32F103C8T6_DRIVERS_RCC/STM32F103C8T6_DRIVERS_RCC.o
LOAD ./STM32F103C8T6_DRIVERS_SYSTICK/SYSTICK.o
LOAD ./STM32F103C8T6_NVIC/NVIC.o
LOAD ./Src/main.o
LOAD ./Src/syscalls.o
LOAD ./Src/sysmem.o
LOAD ./Startup/startup_stm32f103c8tx.o
START GROUP
LOAD g:/en.st-stm32cubeide_1.4.0_7511_20200720_0928_x86_64_exe/stm32cubeide_1.4.0/stm32cubeide/plugins/com.st.stm32cube.ide.mcu.externaltools.gnu-tools-for-stm32.10.3-2021.10.win32_1.0.200.202301161003/tools/bin/../lib/gcc/arm-none-eabi/10.3.1/../../../../arm-none-eabi/lib/thumb/v7-m/nofp\libc_nano.a
LOAD g:/en.st-stm32cubeide_1.4.0_7511_20200720_0928_x86_64_exe/stm32cubeide_1.4.0/stm32cubeide/plugins/com.st.stm32cube.ide.mcu.externaltools.gnu-tools-for-stm32.10.3-2021.10.win32_1.0.200.202301161003/tools/bin/../lib/gcc/arm-none-eabi/10.3.1/../../../../arm-none-eabi/lib/thumb/v7-m/nofp\libm.a
END GROUP
START GROUP
LOAD g:/en.st-stm32cubeide_1.4.0_7511_20200720_0928_x86_64_exe/stm32cubeide_1.4.0/stm32cubeide/plugins/com.st.stm32cube.ide.mcu.externaltools.gnu-tools-for-stm32.10.3-2021.10.win32_1.0.200.202301161003/tools/bin/../lib/gcc/arm-none-eabi/10.3.1/thumb/v7-m/nofp\libgcc.a
LOAD g:/en.st-stm32cubeide_1.4.0_7511_20200720_0928_x86_64_exe/stm32cubeide_1.4.0/stm32cubeide/plugins/com.st.stm32cube.ide.mcu.externaltools.gnu-tools-for-stm32.10.3-2021.10.win32_1.0.200.202301161003/tools/bin/../lib/gcc/arm-none-eabi/10.3.1/../../../../arm-none-eabi/lib/thumb/v7-m/nofp\libg_nano.a
LOAD g:/en.st-stm32cubeide_1.4.0_7511_20200720_0928_x86_64_exe/stm32cubeide_1.4.0/stm32cubeide/plugins/com.st.stm32cube.ide.mcu.externaltools.gnu-tools-for-stm32.10.3-2021.10.win32_1.0.200.202301161003/tools/bin/../lib/gcc/arm-none-eabi/10.3.1/../../../../arm-none-eabi/lib/thumb/v7-m/nofp\libc_nano.a
END GROUP
START GROUP
LOAD g:/en.st-stm32cubeide_1.4.0_7511_20200720_0928_x86_64_exe/stm32cubeide_1.4.0/stm32cubeide/plugins/com.st.stm32cube.ide.mcu.externaltools.gnu-tools-for-stm32.10.3-2021.10.win32_1.0.200.202301161003/tools/bin/../lib/gcc/arm-none-eabi/10.3.1/thumb/v7-m/nofp\libgcc.a
LOAD g:/en.st-stm32cubeide_1.4.0_7511_20200720_0928_x86_64_exe/stm32cubeide_1.4.0/stm32cubeide/plugins/com.st.stm32cube.ide.mcu.externaltools.gnu-tools-for-stm32.10.3-2021.10.win32_1.0.200.202301161003/tools/bin/../lib/gcc/arm-none-eabi/10.3.1/../../../../arm-none-eabi/lib/thumb/v7-m/nofp\libc_nano.a
LOAD g:/en.st-stm32cubeide_1.4.0_7511_20200720_0928_x86_64_exe/stm32cubeide_1.4.0/stm32cubeide/plugins/com.st.stm32cube.ide.mcu.externaltools.gnu-tools-for-stm32.10.3-2021.10.win32_1.0.200.202301161003/tools/bin/../lib/gcc/arm-none-eabi/10.3.1/../../../../arm-none-eabi/lib/thumb/v7-m/nofp\libnosys.a
END GROUP
START GROUP
LOAD g:/en.st-stm32cubeide_1.4.0_7511_20200720_0928_x86_64_exe/stm32cubeide_1.4.0/stm32cubeide/plugins/com.st.stm32cube.ide.mcu.externaltools.gnu-tools-for-stm32.10.3-2021.10.win32_1.0.200.202301161003/tools/bin/../lib/gcc/arm-none-eabi/10.3.1/thumb/v7-m/nofp\libgcc.a
LOAD g:/en.st-stm32cubeide_1.4.0_7511_20200720_0928_x86_64_exe/stm32cubeide_1.4.0/stm32cubeide/plugins/com.st.stm32cube.ide.mcu.externaltools.gnu-tools-for-stm32.10.3-2021.10.win32_1.0.200.202301161003/tools/bin/../lib/gcc/arm-none-eabi/10.3.1/../../../../arm-none-eabi/lib/thumb/v7-m/nofp\libc_nano.a
LOAD g:/en.st-stm32cubeide_1.4.0_7511_20200720_0928_x86_64_exe/stm32cubeide_1.4.0/stm32cubeide/plugins/com.st.stm32cube.ide.mcu.externaltools.gnu-tools-for-stm32.10.3-2021.10.win32_1.0.200.202301161003/tools/bin/../lib/gcc/arm-none-eabi/10.3.1/../../../../arm-none-eabi/lib/thumb/v7-m/nofp\libnosys.a
END GROUP
LOAD g:/en.st-stm32cubeide_1.4.0_7511_20200720_0928_x86_64_exe/stm32cubeide_1.4.0/stm32cubeide/plugins/com.st.stm32cube.ide.mcu.externaltools.gnu-tools-for-stm32.10.3-2021.10.win32_1.0.200.202301161003/tools/bin/../lib/gcc/arm-none-eabi/10.3.1/thumb/v7-m/nofp/crtend.o
LOAD g:/en.st-stm32cubeide_1.4.0_7511_20200720_0928_x86_64_exe/stm32cubeide_1.4.0/stm32cubeide/plugins/com.st.stm32cube.ide.mcu.externaltools.gnu-tools-for-stm32.10.3-2021.10.win32_1.0.200.202301161003/tools/bin/../lib/gcc/arm-none-eabi/10.3.1/thumb/v7-m/nofp/crtn.o
                0x0000000020005000                _estack = (ORIGIN (RAM) + LENGTH (RAM))
                0x0000000000000200                _Min_Heap_Size = 0x200
                0x0000000000000400                _Min_Stack_Size = 0x400

.isr_vector     0x0000000008000000      0x130
                0x0000000008000000                . = ALIGN (0x4)
 *(.isr_vector)
 .isr_vector    0x0000000008000000      0x130 ./Startup/startup_stm32f103c8tx.o
                0x0000000008000000                g_pfnVectors
                0x0000000008000130                . = ALIGN (0x4)

.text           0x0000000008000130      0xe14
                0x0000000008000130                . = ALIGN (0x4)
 *(.text)
 .text          0x0000000008000130       0x40 g:/en.st-stm32cubeide_1.4.0_7511_20200720_0928_x86_64_exe/stm32cubeide_1.4.0/stm32cubeide/plugins/com.st.stm32cube.ide.mcu.externaltools.gnu-tools-for-stm32.10.3-2021.10.win32_1.0.200.202301161003/tools/bin/../lib/gcc/arm-none-eabi/10.3.1/thumb/v7-m/nofp/crtbegin.o
 *(.text*)
 .text.Keypad_Init
                0x0000000008000170       0x90 ./KeyPad/KeyPad.o
                0x0000000008000170                Keypad_Init
 .text.Keypad_GetKey
                0x0000000008000200       0xe8 ./KeyPad/KeyPad.o
                0x0000000008000200                Keypad_GetKey
 .text.LCD_Init
                0x00000000080002e8      0x12c ./LCD/LCD.o
                0x00000000080002e8                LCD_Init
 .text.LCD_SendChar
                0x0000000008000414       0x1a ./LCD/LCD.o
                0x0000000008000414                LCD_SendChar
 *fill*         0x000000000800042e        0x2 
 .text.LCD_SendCommand
                0x0000000008000430      0x14c ./LCD/LCD.o
                0x0000000008000430                LCD_SendCommand
 .text.LCD_SendData
                0x000000000800057c      0x14c ./LCD/LCD.o
 .text.LCD_Clear
                0x00000000080006c8        0xe ./LCD/LCD.o
                0x00000000080006c8                LCD_Clear
 *fill*         0x00000000080006d6        0x2 
 .text.LCD_writeNumber
                0x00000000080006d8       0xec ./LCD/LCD.o
                0x00000000080006d8                LCD_writeNumber
 .text.LCD_GoTo
                0x00000000080007c4       0x64 ./LCD/LCD.o
                0x00000000080007c4                LCD_GoTo
 .text.Get_CRLH_Position
                0x0000000008000828      0x170 ./STM32F103C8T6_DRIVERS_GPIO/STM32F103C8T6_DRIVERS_GPIO.o
                0x0000000008000828                Get_CRLH_Position
 .text.MCAL_GPIO_Init
                0x0000000008000998       0xfc ./STM32F103C8T6_DRIVERS_GPIO/STM32F103C8T6_DRIVERS_GPIO.o
                0x0000000008000998                MCAL_GPIO_Init
 .text.MCAL_GPIO_ReadPin
                0x0000000008000a94       0x2e ./STM32F103C8T6_DRIVERS_GPIO/STM32F103C8T6_DRIVERS_GPIO.o
                0x0000000008000a94                MCAL_GPIO_ReadPin
 .text.MCAL_GPIO_WritePin
                0x0000000008000ac2       0x2e ./STM32F103C8T6_DRIVERS_GPIO/STM32F103C8T6_DRIVERS_GPIO.o
                0x0000000008000ac2                MCAL_GPIO_WritePin
 .text.SYSTICK_Init
                0x0000000008000af0       0x28 ./STM32F103C8T6_DRIVERS_SYSTICK/SYSTICK.o
                0x0000000008000af0                SYSTICK_Init
 .text.SYSTICK_Start
                0x0000000008000b18       0x1c ./STM32F103C8T6_DRIVERS_SYSTICK/SYSTICK.o
                0x0000000008000b18                SYSTICK_Start
 .text.SYSTICK_SetCallback
                0x0000000008000b34       0x1c ./STM32F103C8T6_DRIVERS_SYSTICK/SYSTICK.o
                0x0000000008000b34                SYSTICK_SetCallback
 .text.SYSTICK_SetTime
                0x0000000008000b50       0x24 ./STM32F103C8T6_DRIVERS_SYSTICK/SYSTICK.o
                0x0000000008000b50                SYSTICK_SetTime
 .text.SysTick_Handler
                0x0000000008000b74       0x14 ./STM32F103C8T6_DRIVERS_SYSTICK/SYSTICK.o
                0x0000000008000b74                SysTick_Handler
 .text.Display  0x0000000008000b88       0xb0 ./Src/main.o
                0x0000000008000b88                Display
 .text.SystickCALLB
                0x0000000008000c38       0x54 ./Src/main.o
                0x0000000008000c38                SystickCALLB
 .text.main     0x0000000008000c8c      0x204 ./Src/main.o
                0x0000000008000c8c                main
 .text.Reset_Handler
                0x0000000008000e90       0x50 ./Startup/startup_stm32f103c8tx.o
                0x0000000008000e90                Reset_Handler
 .text.Default_Handler
                0x0000000008000ee0        0x2 ./Startup/startup_stm32f103c8tx.o
                0x0000000008000ee0                EXTI2_IRQHandler
                0x0000000008000ee0                TIM8_TRG_COM_IRQHandler
                0x0000000008000ee0                TIM8_CC_IRQHandler
                0x0000000008000ee0                DebugMon_Handler
                0x0000000008000ee0                TIM1_CC_IRQHandler
                0x0000000008000ee0                HardFault_Handler
                0x0000000008000ee0                TIM6_IRQHandler
                0x0000000008000ee0                PVD_IRQHandler
                0x0000000008000ee0                SDIO_IRQHandler
                0x0000000008000ee0                PendSV_Handler
                0x0000000008000ee0                NMI_Handler
                0x0000000008000ee0                EXTI3_IRQHandler
                0x0000000008000ee0                USB_HP_CAN_TX_IRQHandler
                0x0000000008000ee0                EXTI0_IRQHandler
                0x0000000008000ee0                I2C2_EV_IRQHandler
                0x0000000008000ee0                UsageFault_Handler
                0x0000000008000ee0                ADC1_2_IRQHandler
                0x0000000008000ee0                SPI1_IRQHandler
                0x0000000008000ee0                CAN_SCE_IRQHandler
                0x0000000008000ee0                TAMPER_IRQHandler
                0x0000000008000ee0                TIM8_UP_IRQHandler
                0x0000000008000ee0                DMA2_Channel2_IRQHandler
                0x0000000008000ee0                DMA1_Channel4_IRQHandler
                0x0000000008000ee0                USART3_IRQHandler
                0x0000000008000ee0                RTC_IRQHandler
                0x0000000008000ee0                DMA1_Channel7_IRQHandler
                0x0000000008000ee0                UART5_IRQHandler
                0x0000000008000ee0                ADC3_IRQHandler
                0x0000000008000ee0                TIM4_IRQHandler
                0x0000000008000ee0                CAN_RX1_IRQHandler
                0x0000000008000ee0                DMA2_Channel1_IRQHandler
                0x0000000008000ee0                I2C1_EV_IRQHandler
                0x0000000008000ee0                DMA1_Channel6_IRQHandler
                0x0000000008000ee0                UART4_IRQHandler
                0x0000000008000ee0                TIM3_IRQHandler
                0x0000000008000ee0                RCC_IRQHandler
                0x0000000008000ee0                TIM1_TRG_COM_IRQHandler
                0x0000000008000ee0                DMA1_Channel1_IRQHandler
                0x0000000008000ee0                Default_Handler
                0x0000000008000ee0                EXTI15_10_IRQHandler
                0x0000000008000ee0                TIM7_IRQHandler
                0x0000000008000ee0                TIM5_IRQHandler
                0x0000000008000ee0                EXTI9_5_IRQHandler
                0x0000000008000ee0                SPI2_IRQHandler
                0x0000000008000ee0                USB_LP_CAN_RX0_IRQHandler
                0x0000000008000ee0                MemManage_Handler
                0x0000000008000ee0                SVC_Handler
                0x0000000008000ee0                DMA1_Channel5_IRQHandler
                0x0000000008000ee0                EXTI4_IRQHandler
                0x0000000008000ee0                DMA1_Channel3_IRQHandler
                0x0000000008000ee0                FSMC_IRQHandler
                0x0000000008000ee0                TIM1_UP_IRQHandler
                0x0000000008000ee0                WWDG_IRQHandler
                0x0000000008000ee0                TIM2_IRQHandler
                0x0000000008000ee0                TIM1_BRK_IRQHandler
                0x0000000008000ee0                EXTI1_IRQHandler
                0x0000000008000ee0                RTCAlarm_IRQHandler
                0x0000000008000ee0                DMA2_Channel4_5_IRQHandler
                0x0000000008000ee0                USART2_IRQHandler
                0x0000000008000ee0                I2C2_ER_IRQHandler
                0x0000000008000ee0                DMA1_Channel2_IRQHandler
                0x0000000008000ee0                TIM8_BRK_IRQHandler
                0x0000000008000ee0                FLASH_IRQHandler
                0x0000000008000ee0                BusFault_Handler
                0x0000000008000ee0                USART1_IRQHandler
                0x0000000008000ee0                SPI3_IRQHandler
                0x0000000008000ee0                I2C1_ER_IRQHandler
                0x0000000008000ee0                DMA2_Channel3_IRQHandler
 *fill*         0x0000000008000ee2        0x2 
 .text.__libc_init_array
                0x0000000008000ee4       0x48 g:/en.st-stm32cubeide_1.4.0_7511_20200720_0928_x86_64_exe/stm32cubeide_1.4.0/stm32cubeide/plugins/com.st.stm32cube.ide.mcu.externaltools.gnu-tools-for-stm32.10.3-2021.10.win32_1.0.200.202301161003/tools/bin/../lib/gcc/arm-none-eabi/10.3.1/../../../../arm-none-eabi/lib/thumb/v7-m/nofp\libc_nano.a(lib_a-init.o)
                0x0000000008000ee4                __libc_init_array
 *(.glue_7)
 .glue_7        0x0000000008000f2c        0x0 linker stubs
 *(.glue_7t)
 .glue_7t       0x0000000008000f2c        0x0 linker stubs
 *(.eh_frame)
 .eh_frame      0x0000000008000f2c        0x0 g:/en.st-stm32cubeide_1.4.0_7511_20200720_0928_x86_64_exe/stm32cubeide_1.4.0/stm32cubeide/plugins/com.st.stm32cube.ide.mcu.externaltools.gnu-tools-for-stm32.10.3-2021.10.win32_1.0.200.202301161003/tools/bin/../lib/gcc/arm-none-eabi/10.3.1/thumb/v7-m/nofp/crtbegin.o
 *(.init)
 .init          0x0000000008000f2c        0x4 g:/en.st-stm32cubeide_1.4.0_7511_20200720_0928_x86_64_exe/stm32cubeide_1.4.0/stm32cubeide/plugins/com.st.stm32cube.ide.mcu.externaltools.gnu-tools-for-stm32.10.3-2021.10.win32_1.0.200.202301161003/tools/bin/../lib/gcc/arm-none-eabi/10.3.1/thumb/v7-m/nofp/crti.o
                0x0000000008000f2c                _init
 .init          0x0000000008000f30        0x8 g:/en.st-stm32cubeide_1.4.0_7511_20200720_0928_x86_64_exe/stm32cubeide_1.4.0/stm32cubeide/plugins/com.st.stm32cube.ide.mcu.externaltools.gnu-tools-for-stm32.10.3-2021.10.win32_1.0.200.202301161003/tools/bin/../lib/gcc/arm-none-eabi/10.3.1/thumb/v7-m/nofp/crtn.o
 *(.fini)
 .fini          0x0000000008000f38        0x4 g:/en.st-stm32cubeide_1.4.0_7511_20200720_0928_x86_64_exe/stm32cubeide_1.4.0/stm32cubeide/plugins/com.st.stm32cube.ide.mcu.externaltools.gnu-tools-for-stm32.10.3-2021.10.win32_1.0.200.202301161003/tools/bin/../lib/gcc/arm-none-eabi/10.3.1/thumb/v7-m/nofp/crti.o
                0x0000000008000f38                _fini
 .fini          0x0000000008000f3c        0x8 g:/en.st-stm32cubeide_1.4.0_7511_20200720_0928_x86_64_exe/stm32cubeide_1.4.0/stm32cubeide/plugins/com.st.stm32cube.ide.mcu.externaltools.gnu-tools-for-stm32.10.3-2021.10.win32_1.0.200.202301161003/tools/bin/../lib/gcc/arm-none-eabi/10.3.1/thumb/v7-m/nofp/crtn.o
                0x0000000008000f44                . = ALIGN (0x4)
                0x0000000008000f44                _etext = .

.vfp11_veneer   0x0000000008000f44        0x0
 .vfp11_veneer  0x0000000008000f44        0x0 linker stubs

.v4_bx          0x0000000008000f44        0x0
 .v4_bx         0x0000000008000f44        0x0 linker stubs

.iplt           0x0000000008000f44        0x0
 .iplt          0x0000000008000f44        0x0 g:/en.st-stm32cubeide_1.4.0_7511_20200720_0928_x86_64_exe/stm32cubeide_1.4.0/stm32cubeide/plugins/com.st.stm32cube.ide.mcu.externaltools.gnu-tools-for-stm32.10.3-2021.10.win32_1.0.200.202301161003/tools/bin/../lib/gcc/arm-none-eabi/10.3.1/thumb/v7-m/nofp/crtbegin.o

.rodata         0x0000000008000f44       0x10
                0x0000000008000f44                . = ALIGN (0x4)
 *(.rodata)
 .rodata        0x0000000008000f44       0x10 ./KeyPad/KeyPad.o
 *(.rodata*)
                0x0000000008000f54                . = ALIGN (0x4)

.rel.dyn        0x0000000008000f54        0x0
 .rel.iplt      0x0000000008000f54        0x0 g:/en.st-stm32cubeide_1.4.0_7511_20200720_0928_x86_64_exe/stm32cubeide_1.4.0/stm32cubeide/plugins/com.st.stm32cube.ide.mcu.externaltools.gnu-tools-for-stm32.10.3-2021.10.win32_1.0.200.202301161003/tools/bin/../lib/gcc/arm-none-eabi/10.3.1/thumb/v7-m/nofp/crtbegin.o

.ARM.extab      0x0000000008000f54        0x0
                0x0000000008000f54                . = ALIGN (0x4)
 *(.ARM.extab* .gnu.linkonce.armextab.*)
                0x0000000008000f54                . = ALIGN (0x4)

.ARM            0x0000000008000f54        0x0
                0x0000000008000f54                . = ALIGN (0x4)
                0x0000000008000f54                __exidx_start = .
 *(.ARM.exidx*)
                0x0000000008000f54                __exidx_end = .
                0x0000000008000f54                . = ALIGN (0x4)

.preinit_array  0x0000000008000f54        0x0
                0x0000000008000f54                . = ALIGN (0x4)
                0x0000000008000f54                PROVIDE (__preinit_array_start = .)
 *(.preinit_array*)
                0x0000000008000f54                PROVIDE (__preinit_array_end = .)
                0x0000000008000f54                . = ALIGN (0x4)

.init_array     0x0000000008000f54        0x4
                0x0000000008000f54                . = ALIGN (0x4)
                0x0000000008000f54                PROVIDE (__init_array_start = .)
 *(SORT_BY_NAME(.init_array.*))
 *(.init_array*)
 .init_array    0x0000000008000f54        0x4 g:/en.st-stm32cubeide_1.4.0_7511_20200720_0928_x86_64_exe/stm32cubeide_1.4.0/stm32cubeide/plugins/com.st.stm32cube.ide.mcu.externaltools.gnu-tools-for-stm32.10.3-2021.10.win32_1.0.200.202301161003/tools/bin/../lib/gcc/arm-none-eabi/10.3.1/thumb/v7-m/nofp/crtbegin.o
                0x0000000008000f58                PROVIDE (__init_array_end = .)
                0x0000000008000f58                . = ALIGN (0x4)

.fini_array     0x0000000008000f58        0x4
                0x0000000008000f58                . = ALIGN (0x4)
                [!provide]                        PROVIDE (__fini_array_start = .)
 *(SORT_BY_NAME(.fini_array.*))
 *(.fini_array*)
 .fini_array    0x0000000008000f58        0x4 g:/en.st-stm32cubeide_1.4.0_7511_20200720_0928_x86_64_exe/stm32cubeide_1.4.0/stm32cubeide/plugins/com.st.stm32cube.ide.mcu.externaltools.gnu-tools-for-stm32.10.3-2021.10.win32_1.0.200.202301161003/tools/bin/../lib/gcc/arm-none-eabi/10.3.1/thumb/v7-m/nofp/crtbegin.o
                [!provide]                        PROVIDE (__fini_array_end = .)
                0x0000000008000f5c                . = ALIGN (0x4)
                0x0000000008000f5c                _sidata = LOADADDR (.data)

.data           0x0000000020000000       0x38 load address 0x0000000008000f5c
                0x0000000020000000                . = ALIGN (0x4)
                0x0000000020000000                _sdata = .
 *(.data)
 *(.data*)
 .data.ROW_PORT
                0x0000000020000000       0x10 ./KeyPad/KeyPad.o
                0x0000000020000000                ROW_PORT
 .data.ROW_PIN  0x0000000020000010        0x8 ./KeyPad/KeyPad.o
                0x0000000020000010                ROW_PIN
 .data.COL_PORT
                0x0000000020000018       0x10 ./KeyPad/KeyPad.o
                0x0000000020000018                COL_PORT
 .data.COL_PIN  0x0000000020000028        0x8 ./KeyPad/KeyPad.o
                0x0000000020000028                COL_PIN
 .data.seconds  0x0000000020000030        0x4 ./Src/main.o
                0x0000000020000030                seconds
 .data.minutes  0x0000000020000034        0x4 ./Src/main.o
                0x0000000020000034                minutes
 *(.RamFunc)
 *(.RamFunc*)
                0x0000000020000038                . = ALIGN (0x4)
                0x0000000020000038                _edata = .

.igot.plt       0x0000000020000038        0x0 load address 0x0000000008000f94
 .igot.plt      0x0000000020000038        0x0 g:/en.st-stm32cubeide_1.4.0_7511_20200720_0928_x86_64_exe/stm32cubeide_1.4.0/stm32cubeide/plugins/com.st.stm32cube.ide.mcu.externaltools.gnu-tools-for-stm32.10.3-2021.10.win32_1.0.200.202301161003/tools/bin/../lib/gcc/arm-none-eabi/10.3.1/thumb/v7-m/nofp/crtbegin.o
                0x0000000020000038                . = ALIGN (0x4)

.bss            0x0000000020000038       0x28 load address 0x0000000008000f94
                0x0000000020000038                _sbss = .
                0x0000000020000038                __bss_start__ = _sbss
 *(.bss)
 .bss           0x0000000020000038       0x1c g:/en.st-stm32cubeide_1.4.0_7511_20200720_0928_x86_64_exe/stm32cubeide_1.4.0/stm32cubeide/plugins/com.st.stm32cube.ide.mcu.externaltools.gnu-tools-for-stm32.10.3-2021.10.win32_1.0.200.202301161003/tools/bin/../lib/gcc/arm-none-eabi/10.3.1/thumb/v7-m/nofp/crtbegin.o
 *(.bss*)
 .bss.APPcbf    0x0000000020000054        0x4 ./STM32F103C8T6_DRIVERS_SYSTICK/SYSTICK.o
                0x0000000020000054                APPcbf
 .bss.count_OV  0x0000000020000058        0x4 ./Src/main.o
 .bss.key       0x000000002000005c        0x1 ./Src/main.o
                0x000000002000005c                key
 *(COMMON)
                0x0000000020000060                . = ALIGN (0x4)
 *fill*         0x000000002000005d        0x3 
                0x0000000020000060                _ebss = .
                0x0000000020000060                __bss_end__ = _ebss

._user_heap_stack
                0x0000000020000060      0x600 load address 0x0000000008000f94
                0x0000000020000060                . = ALIGN (0x8)
                [!provide]                        PROVIDE (end = .)
                0x0000000020000060                PROVIDE (_end = .)
                0x0000000020000260                . = (. + _Min_Heap_Size)
 *fill*         0x0000000020000060      0x200 
                0x0000000020000660                . = (. + _Min_Stack_Size)
 *fill*         0x0000000020000260      0x400 
                0x0000000020000660                . = ALIGN (0x8)

/DISCARD/
 libc.a(*)
 libm.a(*)
 libgcc.a(*)

.ARM.attributes
                0x0000000000000000       0x29
 *(.ARM.attributes)
 .ARM.attributes
                0x0000000000000000       0x1d g:/en.st-stm32cubeide_1.4.0_7511_20200720_0928_x86_64_exe/stm32cubeide_1.4.0/stm32cubeide/plugins/com.st.stm32cube.ide.mcu.externaltools.gnu-tools-for-stm32.10.3-2021.10.win32_1.0.200.202301161003/tools/bin/../lib/gcc/arm-none-eabi/10.3.1/thumb/v7-m/nofp/crti.o
 .ARM.attributes
                0x000000000000001d       0x2d g:/en.st-stm32cubeide_1.4.0_7511_20200720_0928_x86_64_exe/stm32cubeide_1.4.0/stm32cubeide/plugins/com.st.stm32cube.ide.mcu.externaltools.gnu-tools-for-stm32.10.3-2021.10.win32_1.0.200.202301161003/tools/bin/../lib/gcc/arm-none-eabi/10.3.1/thumb/v7-m/nofp/crtbegin.o
 .ARM.attributes
                0x000000000000004a       0x2d ./KeyPad/KeyPad.o
 .ARM.attributes
                0x0000000000000077       0x2d ./LCD/LCD.o
 .ARM.attributes
                0x00000000000000a4       0x2d ./STM32F103C8T6_DRIVERS_GPIO/STM32F103C8T6_DRIVERS_GPIO.o
 .ARM.attributes
                0x00000000000000d1       0x2d ./STM32F103C8T6_DRIVERS_SYSTICK/SYSTICK.o
 .ARM.attributes
                0x00000000000000fe       0x2d ./Src/main.o
 .ARM.attributes
                0x000000000000012b       0x21 ./Startup/startup_stm32f103c8tx.o
 .ARM.attributes
                0x000000000000014c       0x2d g:/en.st-stm32cubeide_1.4.0_7511_20200720_0928_x86_64_exe/stm32cubeide_1.4.0/stm32cubeide/plugins/com.st.stm32cube.ide.mcu.externaltools.gnu-tools-for-stm32.10.3-2021.10.win32_1.0.200.202301161003/tools/bin/../lib/gcc/arm-none-eabi/10.3.1/../../../../arm-none-eabi/lib/thumb/v7-m/nofp\libc_nano.a(lib_a-init.o)
 .ARM.attributes
                0x0000000000000179       0x1d g:/en.st-stm32cubeide_1.4.0_7511_20200720_0928_x86_64_exe/stm32cubeide_1.4.0/stm32cubeide/plugins/com.st.stm32cube.ide.mcu.externaltools.gnu-tools-for-stm32.10.3-2021.10.win32_1.0.200.202301161003/tools/bin/../lib/gcc/arm-none-eabi/10.3.1/thumb/v7-m/nofp/crtn.o
OUTPUT(NTI_STM_Drivers.axf elf32-littlearm)
LOAD linker stubs
LOAD g:/en.st-stm32cubeide_1.4.0_7511_20200720_0928_x86_64_exe/stm32cubeide_1.4.0/stm32cubeide/plugins/com.st.stm32cube.ide.mcu.externaltools.gnu-tools-for-stm32.10.3-2021.10.win32_1.0.200.202301161003/tools/bin/../lib/gcc/arm-none-eabi/10.3.1/../../../../arm-none-eabi/lib/thumb/v7-m/nofp\libc.a
LOAD g:/en.st-stm32cubeide_1.4.0_7511_20200720_0928_x86_64_exe/stm32cubeide_1.4.0/stm32cubeide/plugins/com.st.stm32cube.ide.mcu.externaltools.gnu-tools-for-stm32.10.3-2021.10.win32_1.0.200.202301161003/tools/bin/../lib/gcc/arm-none-eabi/10.3.1/../../../../arm-none-eabi/lib/thumb/v7-m/nofp\libm.a
LOAD g:/en.st-stm32cubeide_1.4.0_7511_20200720_0928_x86_64_exe/stm32cubeide_1.4.0/stm32cubeide/plugins/com.st.stm32cube.ide.mcu.externaltools.gnu-tools-for-stm32.10.3-2021.10.win32_1.0.200.202301161003/tools/bin/../lib/gcc/arm-none-eabi/10.3.1/thumb/v7-m/nofp\libgcc.a

.debug_info     0x0000000000000000     0x13aa
 .debug_info    0x0000000000000000      0x3ab ./KeyPad/KeyPad.o
 .debug_info    0x00000000000003ab      0x54c ./LCD/LCD.o
 .debug_info    0x00000000000008f7      0x44c ./STM32F103C8T6_DRIVERS_GPIO/STM32F103C8T6_DRIVERS_GPIO.o
 .debug_info    0x0000000000000d43      0x1ba ./STM32F103C8T6_DRIVERS_SYSTICK/SYSTICK.o
 .debug_info    0x0000000000000efd      0x48b ./Src/main.o
 .debug_info    0x0000000000001388       0x22 ./Startup/startup_stm32f103c8tx.o

.debug_abbrev   0x0000000000000000      0x6d1
 .debug_abbrev  0x0000000000000000      0x18c ./KeyPad/KeyPad.o
 .debug_abbrev  0x000000000000018c      0x15d ./LCD/LCD.o
 .debug_abbrev  0x00000000000002e9      0x14f ./STM32F103C8T6_DRIVERS_GPIO/STM32F103C8T6_DRIVERS_GPIO.o
 .debug_abbrev  0x0000000000000438       0xfa ./STM32F103C8T6_DRIVERS_SYSTICK/SYSTICK.o
 .debug_abbrev  0x0000000000000532      0x18d ./Src/main.o
 .debug_abbrev  0x00000000000006bf       0x12 ./Startup/startup_stm32f103c8tx.o

.debug_loc      0x0000000000000000      0x8e0
 .debug_loc     0x0000000000000000       0xfc ./KeyPad/KeyPad.o
 .debug_loc     0x00000000000000fc      0x2ac ./LCD/LCD.o
 .debug_loc     0x00000000000003a8      0x2d4 ./STM32F103C8T6_DRIVERS_GPIO/STM32F103C8T6_DRIVERS_GPIO.o
 .debug_loc     0x000000000000067c      0x1b0 ./STM32F103C8T6_DRIVERS_SYSTICK/SYSTICK.o
 .debug_loc     0x000000000000082c       0xb4 ./Src/main.o

.debug_aranges  0x0000000000000000      0x188
 .debug_aranges
                0x0000000000000000       0x30 ./KeyPad/KeyPad.o
 .debug_aranges
                0x0000000000000030       0x60 ./LCD/LCD.o
 .debug_aranges
                0x0000000000000090       0x58 ./STM32F103C8T6_DRIVERS_GPIO/STM32F103C8T6_DRIVERS_GPIO.o
 .debug_aranges
                0x00000000000000e8       0x48 ./STM32F103C8T6_DRIVERS_SYSTICK/SYSTICK.o
 .debug_aranges
                0x0000000000000130       0x30 ./Src/main.o
 .debug_aranges
                0x0000000000000160       0x28 ./Startup/startup_stm32f103c8tx.o

.debug_ranges   0x0000000000000000      0x130
 .debug_ranges  0x0000000000000000       0x20 ./KeyPad/KeyPad.o
 .debug_ranges  0x0000000000000020       0x50 ./LCD/LCD.o
 .debug_ranges  0x0000000000000070       0x48 ./STM32F103C8T6_DRIVERS_GPIO/STM32F103C8T6_DRIVERS_GPIO.o
 .debug_ranges  0x00000000000000b8       0x38 ./STM32F103C8T6_DRIVERS_SYSTICK/SYSTICK.o
 .debug_ranges  0x00000000000000f0       0x20 ./Src/main.o
 .debug_ranges  0x0000000000000110       0x20 ./Startup/startup_stm32f103c8tx.o

.debug_macro    0x0000000000000000     0x25e1
 .debug_macro   0x0000000000000000      0x185 ./KeyPad/KeyPad.o
 .debug_macro   0x0000000000000185      0xa72 ./KeyPad/KeyPad.o
 .debug_macro   0x0000000000000bf7       0x22 ./KeyPad/KeyPad.o
 .debug_macro   0x0000000000000c19       0x22 ./KeyPad/KeyPad.o
 .debug_macro   0x0000000000000c3b       0x8e ./KeyPad/KeyPad.o
 .debug_macro   0x0000000000000cc9       0x51 ./KeyPad/KeyPad.o
 .debug_macro   0x0000000000000d1a      0x103 ./KeyPad/KeyPad.o
 .debug_macro   0x0000000000000e1d       0x6a ./KeyPad/KeyPad.o
 .debug_macro   0x0000000000000e87      0x1df ./KeyPad/KeyPad.o
 .debug_macro   0x0000000000001066       0x40 ./KeyPad/KeyPad.o
 .debug_macro   0x00000000000010a6       0x22 ./KeyPad/KeyPad.o
 .debug_macro   0x00000000000010c8       0x16 ./KeyPad/KeyPad.o
 .debug_macro   0x00000000000010de       0x10 ./KeyPad/KeyPad.o
 .debug_macro   0x00000000000010ee       0x18 ./KeyPad/KeyPad.o
 .debug_macro   0x0000000000001106       0x52 ./KeyPad/KeyPad.o
 .debug_macro   0x0000000000001158       0x3c ./KeyPad/KeyPad.o
 .debug_macro   0x0000000000001194       0x34 ./KeyPad/KeyPad.o
 .debug_macro   0x00000000000011c8       0x16 ./KeyPad/KeyPad.o
 .debug_macro   0x00000000000011de      0x10e ./KeyPad/KeyPad.o
 .debug_macro   0x00000000000012ec       0x8d ./KeyPad/KeyPad.o
 .debug_macro   0x0000000000001379       0x16 ./KeyPad/KeyPad.o
 .debug_macro   0x000000000000138f       0x43 ./KeyPad/KeyPad.o
 .debug_macro   0x00000000000013d2       0x34 ./KeyPad/KeyPad.o
 .debug_macro   0x0000000000001406       0x10 ./KeyPad/KeyPad.o
 .debug_macro   0x0000000000001416       0x58 ./KeyPad/KeyPad.o
 .debug_macro   0x000000000000146e       0x71 ./KeyPad/KeyPad.o
 .debug_macro   0x00000000000014df       0x1c ./KeyPad/KeyPad.o
 .debug_macro   0x00000000000014fb      0x12a ./KeyPad/KeyPad.o
 .debug_macro   0x0000000000001625      0x341 ./KeyPad/KeyPad.o
 .debug_macro   0x0000000000001966       0x16 ./KeyPad/KeyPad.o
 .debug_macro   0x000000000000197c       0x29 ./KeyPad/KeyPad.o
 .debug_macro   0x00000000000019a5       0x76 ./KeyPad/KeyPad.o
 .debug_macro   0x0000000000001a1b       0xd6 ./KeyPad/KeyPad.o
 .debug_macro   0x0000000000001af1      0x188 ./LCD/LCD.o
 .debug_macro   0x0000000000001c79       0x4c ./LCD/LCD.o
 .debug_macro   0x0000000000001cc5       0x94 ./LCD/LCD.o
 .debug_macro   0x0000000000001d59       0x57 ./LCD/LCD.o
 .debug_macro   0x0000000000001db0       0x22 ./LCD/LCD.o
 .debug_macro   0x0000000000001dd2       0xbe ./LCD/LCD.o
 .debug_macro   0x0000000000001e90      0x185 ./STM32F103C8T6_DRIVERS_GPIO/STM32F103C8T6_DRIVERS_GPIO.o
 .debug_macro   0x0000000000002015       0xe8 ./STM32F103C8T6_DRIVERS_GPIO/STM32F103C8T6_DRIVERS_GPIO.o
 .debug_macro   0x00000000000020fd       0x93 ./STM32F103C8T6_DRIVERS_SYSTICK/SYSTICK.o
 .debug_macro   0x0000000000002190       0x40 ./STM32F103C8T6_DRIVERS_SYSTICK/SYSTICK.o
 .debug_macro   0x00000000000021d0      0x1a6 ./Src/main.o
 .debug_macro   0x0000000000002376      0x225 ./Src/main.o
 .debug_macro   0x000000000000259b       0x46 ./Src/main.o

.debug_line     0x0000000000000000     0x2d08
 .debug_line    0x0000000000000000      0x8a9 ./KeyPad/KeyPad.o
 .debug_line    0x00000000000008a9      0xa78 ./LCD/LCD.o
 .debug_line    0x0000000000001321      0x970 ./STM32F103C8T6_DRIVERS_GPIO/STM32F103C8T6_DRIVERS_GPIO.o
 .debug_line    0x0000000000001c91      0x5f4 ./STM32F103C8T6_DRIVERS_SYSTICK/SYSTICK.o
 .debug_line    0x0000000000002285      0x9ff ./Src/main.o
 .debug_line    0x0000000000002c84       0x84 ./Startup/startup_stm32f103c8tx.o

.debug_str      0x0000000000000000     0x8c73
 .debug_str     0x0000000000000000     0x75b1 ./KeyPad/KeyPad.o
                                       0x77b8 (size before relaxing)
 .debug_str     0x00000000000075b1      0x40c ./LCD/LCD.o
                                       0x7b34 (size before relaxing)
 .debug_str     0x00000000000079bd      0x317 ./STM32F103C8T6_DRIVERS_GPIO/STM32F103C8T6_DRIVERS_GPIO.o
                                       0x79b4 (size before relaxing)
 .debug_str     0x0000000000007cd4      0x1e3 ./STM32F103C8T6_DRIVERS_SYSTICK/SYSTICK.o
                                       0x3f70 (size before relaxing)
 .debug_str     0x0000000000007eb7      0xd8b ./Src/main.o
                                       0x89ac (size before relaxing)
 .debug_str     0x0000000000008c42       0x31 ./Startup/startup_stm32f103c8tx.o
                                         0x57 (size before relaxing)

.comment        0x0000000000000000       0x50
 .comment       0x0000000000000000       0x50 ./KeyPad/KeyPad.o
                                         0x51 (size before relaxing)
 .comment       0x0000000000000050       0x51 ./LCD/LCD.o
 .comment       0x0000000000000050       0x51 ./STM32F103C8T6_DRIVERS_GPIO/STM32F103C8T6_DRIVERS_GPIO.o
 .comment       0x0000000000000050       0x51 ./STM32F103C8T6_DRIVERS_SYSTICK/SYSTICK.o
 .comment       0x0000000000000050       0x51 ./Src/main.o

.debug_frame    0x0000000000000000      0x498
 .debug_frame   0x0000000000000000       0x84 ./KeyPad/KeyPad.o
 .debug_frame   0x0000000000000084      0x14c ./LCD/LCD.o
 .debug_frame   0x00000000000001d0      0x150 ./STM32F103C8T6_DRIVERS_GPIO/STM32F103C8T6_DRIVERS_GPIO.o
 .debug_frame   0x0000000000000320       0xdc ./STM32F103C8T6_DRIVERS_SYSTICK/SYSTICK.o
 .debug_frame   0x00000000000003fc       0x70 ./Src/main.o
 .debug_frame   0x000000000000046c       0x2c g:/en.st-stm32cubeide_1.4.0_7511_20200720_0928_x86_64_exe/stm32cubeide_1.4.0/stm32cubeide/plugins/com.st.stm32cube.ide.mcu.externaltools.gnu-tools-for-stm32.10.3-2021.10.win32_1.0.200.202301161003/tools/bin/../lib/gcc/arm-none-eabi/10.3.1/../../../../arm-none-eabi/lib/thumb/v7-m/nofp\libc_nano.a(lib_a-init.o)
