Archive member included to satisfy reference by file (symbol)

g:/en.st-stm32cubeide_1.4.0_7511_20200720_0928_x86_64_exe/stm32cubeide_1.4.0/stm32cubeide/plugins/com.st.stm32cube.ide.mcu.externaltools.gnu-tools-for-stm32.10.3-2021.10.win32_1.0.200.202301161003/tools/bin/../lib/gcc/arm-none-eabi/10.3.1/../../../../arm-none-eabi/lib/thumb/v7-m/nofp\libc_nano.a(lib_a-errno.o)
                              ./Src/syscalls.o (__errno)
g:/en.st-stm32cubeide_1.4.0_7511_20200720_0928_x86_64_exe/stm32cubeide_1.4.0/stm32cubeide/plugins/com.st.stm32cube.ide.mcu.externaltools.gnu-tools-for-stm32.10.3-2021.10.win32_1.0.200.202301161003/tools/bin/../lib/gcc/arm-none-eabi/10.3.1/../../../../arm-none-eabi/lib/thumb/v7-m/nofp\libc_nano.a(lib_a-exit.o)
                              g:/en.st-stm32cubeide_1.4.0_7511_20200720_0928_x86_64_exe/stm32cubeide_1.4.0/stm32cubeide/plugins/com.st.stm32cube.ide.mcu.externaltools.gnu-tools-for-stm32.10.3-2021.10.win32_1.0.200.202301161003/tools/bin/../lib/gcc/arm-none-eabi/10.3.1/../../../../arm-none-eabi/lib/thumb/v7-m/nofp/crt0.o (exit)
g:/en.st-stm32cubeide_1.4.0_7511_20200720_0928_x86_64_exe/stm32cubeide_1.4.0/stm32cubeide/plugins/com.st.stm32cube.ide.mcu.externaltools.gnu-tools-for-stm32.10.3-2021.10.win32_1.0.200.202301161003/tools/bin/../lib/gcc/arm-none-eabi/10.3.1/../../../../arm-none-eabi/lib/thumb/v7-m/nofp\libc_nano.a(lib_a-impure.o)
                              g:/en.st-stm32cubeide_1.4.0_7511_20200720_0928_x86_64_exe/stm32cubeide_1.4.0/stm32cubeide/plugins/com.st.stm32cube.ide.mcu.externaltools.gnu-tools-for-stm32.10.3-2021.10.win32_1.0.200.202301161003/tools/bin/../lib/gcc/arm-none-eabi/10.3.1/../../../../arm-none-eabi/lib/thumb/v7-m/nofp\libc_nano.a(lib_a-exit.o) (_global_impure_ptr)
g:/en.st-stm32cubeide_1.4.0_7511_20200720_0928_x86_64_exe/stm32cubeide_1.4.0/stm32cubeide/plugins/com.st.stm32cube.ide.mcu.externaltools.gnu-tools-for-stm32.10.3-2021.10.win32_1.0.200.202301161003/tools/bin/../lib/gcc/arm-none-eabi/10.3.1/../../../../arm-none-eabi/lib/thumb/v7-m/nofp\libc_nano.a(lib_a-init.o)
                              g:/en.st-stm32cubeide_1.4.0_7511_20200720_0928_x86_64_exe/stm32cubeide_1.4.0/stm32cubeide/plugins/com.st.stm32cube.ide.mcu.externaltools.gnu-tools-for-stm32.10.3-2021.10.win32_1.0.200.202301161003/tools/bin/../lib/gcc/arm-none-eabi/10.3.1/../../../../arm-none-eabi/lib/thumb/v7-m/nofp/crt0.o (__libc_init_array)
g:/en.st-stm32cubeide_1.4.0_7511_20200720_0928_x86_64_exe/stm32cubeide_1.4.0/stm32cubeide/plugins/com.st.stm32cube.ide.mcu.externaltools.gnu-tools-for-stm32.10.3-2021.10.win32_1.0.200.202301161003/tools/bin/../lib/gcc/arm-none-eabi/10.3.1/../../../../arm-none-eabi/lib/thumb/v7-m/nofp\libc_nano.a(lib_a-memset.o)
                              g:/en.st-stm32cubeide_1.4.0_7511_20200720_0928_x86_64_exe/stm32cubeide_1.4.0/stm32cubeide/plugins/com.st.stm32cube.ide.mcu.externaltools.gnu-tools-for-stm32.10.3-2021.10.win32_1.0.200.202301161003/tools/bin/../lib/gcc/arm-none-eabi/10.3.1/../../../../arm-none-eabi/lib/thumb/v7-m/nofp/crt0.o (memset)

Discarded input sections

 .text          0x0000000000000000        0x0 g:/en.st-stm32cubeide_1.4.0_7511_20200720_0928_x86_64_exe/stm32cubeide_1.4.0/stm32cubeide/plugins/com.st.stm32cube.ide.mcu.externaltools.gnu-tools-for-stm32.10.3-2021.10.win32_1.0.200.202301161003/tools/bin/../lib/gcc/arm-none-eabi/10.3.1/thumb/v7-m/nofp/crti.o
 .data          0x0000000000000000        0x0 g:/en.st-stm32cubeide_1.4.0_7511_20200720_0928_x86_64_exe/stm32cubeide_1.4.0/stm32cubeide/plugins/com.st.stm32cube.ide.mcu.externaltools.gnu-tools-for-stm32.10.3-2021.10.win32_1.0.200.202301161003/tools/bin/../lib/gcc/arm-none-eabi/10.3.1/thumb/v7-m/nofp/crti.o
 .bss           0x0000000000000000        0x0 g:/en.st-stm32cubeide_1.4.0_7511_20200720_0928_x86_64_exe/stm32cubeide_1.4.0/stm32cubeide/plugins/com.st.stm32cube.ide.mcu.externaltools.gnu-tools-for-stm32.10.3-2021.10.win32_1.0.200.202301161003/tools/bin/../lib/gcc/arm-none-eabi/10.3.1/thumb/v7-m/nofp/crti.o
 .data          0x0000000000000000        0x4 g:/en.st-stm32cubeide_1.4.0_7511_20200720_0928_x86_64_exe/stm32cubeide_1.4.0/stm32cubeide/plugins/com.st.stm32cube.ide.mcu.externaltools.gnu-tools-for-stm32.10.3-2021.10.win32_1.0.200.202301161003/tools/bin/../lib/gcc/arm-none-eabi/10.3.1/thumb/v7-m/nofp/crtbegin.o
 .rodata        0x0000000000000000       0x24 g:/en.st-stm32cubeide_1.4.0_7511_20200720_0928_x86_64_exe/stm32cubeide_1.4.0/stm32cubeide/plugins/com.st.stm32cube.ide.mcu.externaltools.gnu-tools-for-stm32.10.3-2021.10.win32_1.0.200.202301161003/tools/bin/../lib/gcc/arm-none-eabi/10.3.1/thumb/v7-m/nofp/crtbegin.o
 .text          0x0000000000000000       0x7c g:/en.st-stm32cubeide_1.4.0_7511_20200720_0928_x86_64_exe/stm32cubeide_1.4.0/stm32cubeide/plugins/com.st.stm32cube.ide.mcu.externaltools.gnu-tools-for-stm32.10.3-2021.10.win32_1.0.200.202301161003/tools/bin/../lib/gcc/arm-none-eabi/10.3.1/../../../../arm-none-eabi/lib/thumb/v7-m/nofp/crt0.o
[...]
Memory Configuration

Name             Origin             Length             Attributes
RAM              0x0000000020000000 0x0000000000002800 xrw
ROM              0x0000000008000000 0x0000000000008000 xr
*default*        0x0000000000000000 0xffffffffffffffff

Linker script and memory map

LOAD g:/en.st-stm32cubeide_1.4.0_7511_20200720_0928_x86_64_exe/stm32cubeide_1.4.0/stm32cubeide/plugins/com.st.stm32cube.ide.mcu.externaltools.gnu-tools-for-stm32.10.3-2021.10.win32_1.0.200.202301161003/tools/bin/../lib/gcc/arm-none-eabi/10.3.1/thumb/v7-m/nofp/crti.o
LOAD g:/en.st-stm32cubeide_1.4.0_7511_20200720_0928_x86_64_exe/stm32cubeide_1.4.0/stm32cubeide/plugins/com.st.stm32cube.ide.mcu.externaltools.gnu-tools-for-stm32.10.3-2021.10.win32_1.0.200.202301161003/tools/bin/../lib/gcc/arm-none-eabi/10.3.1/thumb/v7-m/nofp/crtbegin.o
LOAD g:/en.st-stm32cubeide_1.4.0_7511_20200720_0928_x86_64_exe/stm32cubeide_1.4.0/stm32cubeide/plugins/com.st.stm32cube.ide.mcu.externaltools.gnu-tools-for-stm32.10.3-2021.10.win32_1.0.200.202301161003/tools/bin/../lib/gcc/arm-none-eabi/10.3.1/../../../../arm-none-eabi/lib/thumb/v7-m/nofp/crt0.o
LOAD ./HAL/KeyPad.o
LOAD ./HAL/LCD.o
LOAD ./Src/main.o
LOAD ./Src/syscalls.o
LOAD ./Src/sysmem.o
LOAD ./Startup/startup_stm32f103c6tx.o
LOAD ./stm32_f103c6_drivers/stm32_f103c6_drivers_EXTI.o
LOAD ./stm32_f103c6_drivers/stm32_f103c6_drivers_RCC.o
LOAD ./stm32_f103c6_drivers/stm32_f103c6_drivers_SPI.o
LOAD ./stm32_f103c6_drivers/stm32_f103c6_drivers_USART.o
LOAD ./stm32_f103c6_drivers/stm32_f103c6_drivers_gpio.o
LOAD ./stm32_f103c6_drivers/stm32_f103c6_drivers_timers.o
START GROUP
LOAD g:/en.st-stm32cubeide_1.4.0_7511_20200720_0928_x86_64_exe/stm32cubeide_1.4.0/stm32cubeide/plugins/com.st.stm32cube.ide.mcu.externaltools.gnu-tools-for-stm32.10.3-2021.10.win32_1.0.200.202301161003/tools/bin/../lib/gcc/arm-none-eabi/10.3.1/../../../../arm-none-eabi/lib/thumb/v7-m/nofp\libc_nano.a
LOAD g:/en.st-stm32cubeide_1.4.0_7511_20200720_0928_x86_64_exe/stm32cubeide_1.4.0/stm32cubeide/plugins/com.st.stm32cube.ide.mcu.externaltools.gnu-tools-for-stm32.10.3-2021.10.win32_1.0.200.202301161003/tools/bin/../lib/gcc/arm-none-eabi/10.3.1/../../../../arm-none-eabi/lib/thumb/v7-m/nofp\libm.a
END GROUP
START GROUP
LOAD g:/en.st-stm32cubeide_1.4.0_7511_20200720_0928_x86_64_exe/stm32cubeide_1.4.0/stm32cubeide/plugins/com.st.stm32cube.ide.mcu.externaltools.gnu-tools-for-stm32.10.3-2021.10.win32_1.0.200.202301161003/tools/bin/../lib/gcc/arm-none-eabi/10.3.1/thumb/v7-m/nofp\libgcc.a
LOAD g:/en.st-stm32cubeide_1.4.0_7511_20200720_0928_x86_64_exe/stm32cubeide_1.4.0/stm32cubeide/plugins/com.st.stm32cube.ide.mcu.externaltools.gnu-tools-for-stm32.10.3-2021.10.win32_1.0.200.202301161003/tools/bin/../lib/gcc/arm-none-eabi/10.3.1/../../../../arm-none-eabi/lib/thumb/v7-m/nofp\libg_nano.a
LOAD g:/en.st-stm32cubeide_1.4.0_7511_20200720_0928_x86_64_exe/stm32cubeide_1.4.0/stm32cubeide/plugins/com.st.stm32cube.ide.mcu.externaltools.gnu-tools-for-stm32.10.3-2021.10.win32_1.0.200.202301161003/tools/bin/../lib/gcc/arm-none-eabi/10.3.1/../../../../arm-none-eabi/lib/thumb/v7-m/nofp\libc_nano.a
END GROUP
START GROUP
LOAD g:/en.st-stm32cubeide_1.4.0_7511_20200720_0928_x86_64_exe/stm32cubeide_1.4.0/stm32cubeide/plugins/com.st.stm32cube.ide.mcu.externaltools.gnu-tools-for-stm32.10.3-2021.10.win32_1.0.200.202301161003/tools/bin/../lib/gcc/arm-none-eabi/10.3.1/thumb/v7-m/nofp\libgcc.a
LOAD g:/en.st-stm32cubeide_1.4.0_7511_20200720_0928_x86_64_exe/stm32cubeide_1.4.0/stm32cubeide/plugins/com.st.stm32cube.ide.mcu.externaltools.gnu-tools-for-stm32.10.3-2021.10.win32_1.0.200.202301161003/tools/bin/../lib/gcc/arm-none-eabi/10.3.1/../../../../arm-none-eabi/lib/thumb/v7-m/nofp\libc_nano.a
LOAD g:/en.st-stm32cubeide_1.4.0_7511_20200720_0928_x86_64_exe/stm32cubeide_1.4.0/stm32cubeide/plugins/com.st.stm32cube.ide.mcu.externaltools.gnu-tools-for-stm32.10.3-2021.10.win32_1.0.200.202301161003/tools/bin/../lib/gcc/arm-none-eabi/10.3.1/../../../../arm-none-eabi/lib/thumb/v7-m/nofp\libnosys.a
END GROUP
START GROUP
LOAD g:/en.st-stm32cubeide_1.4.0_7511_20200720_0928_x86_64_exe/stm32cubeide_1.4.0/stm32cubeide/plugins/com.st.stm32cube.ide.mcu.externaltools.gnu-tools-for-stm32.10.3-2021.10.win32_1.0.200.202301161003/tools/bin/../lib/gcc/arm-none-eabi/10.3.1/thumb/v7-m/nofp\libgcc.a
LOAD g:/en.st-stm32cubeide_1.4.0_7511_20200720_0928_x86_64_exe/stm32cubeide_1.4.0/stm32cubeide/plugins/com.st.stm32cube.ide.mcu.externaltools.gnu-tools-for-stm32.10.3-2021.10.win32_1.0.200.202301161003/tools/bin/../lib/gcc/arm-none-eabi/10.3.1/../../../../arm-none-eabi/lib/thumb/v7-m/nofp\libc_nano.a
LOAD g:/en.st-stm32cubeide_1.4.0_7511_20200720_0928_x86_64_exe/stm32cubeide_1.4.0/stm32cubeide/plugins/com.st.stm32cube.ide.mcu.externaltools.gnu-tools-for-stm32.10.3-2021.10.win32_1.0.200.202301161003/tools/bin/../lib/gcc/arm-none-eabi/10.3.1/../../../../arm-none-eabi/lib/thumb/v7-m/nofp\libnosys.a
END GROUP
LOAD g:/en.st-stm32cubeide_1.4.0_7511_20200720_0928_x86_64_exe/stm32cubeide_1.4.0/stm32cubeide/plugins/com.st.stm32cube.ide.mcu.externaltools.gnu-tools-for-stm32.10.3-2021.10.win32_1.0.200.202301161003/tools/bin/../lib/gcc/arm-none-eabi/10.3.1/thumb/v7-m/nofp/crtend.o
LOAD g:/en.st-stm32cubeide_1.4.0_7511_20200720_0928_x86_64_exe/stm32cubeide_1.4.0/stm32cubeide/plugins/com.st.stm32cube.ide.mcu.externaltools.gnu-tools-for-stm32.10.3-2021.10.win32_1.0.200.202301161003/tools/bin/../lib/gcc/arm-none-eabi/10.3.1/thumb/v7-m/nofp/crtn.o
                0x0000000020002800                _estack = (ORIGIN (RAM) + LENGTH (RAM))
                0x0000000000000200                _Min_Heap_Size = 0x200
                0x0000000000000400                _Min_Stack_Size = 0x400

.isr_vector     0x0000000008000000      0x130
                0x0000000008000000                . = ALIGN (0x4)
 *(.isr_vector)
 .isr_vector    0x0000000008000000      0x130 ./Startup/startup_stm32f103c6tx.o
                0x0000000008000000                g_pfnVectors
                0x0000000008000130                . = ALIGN (0x4)

.text           0x0000000008000130      0xea8
                0x0000000008000130                . = ALIGN (0x4)
 *(.text)
 .text          0x0000000008000130       0x40 g:/en.st-stm32cubeide_1.4.0_7511_20200720_0928_x86_64_exe/stm32cubeide_1.4.0/stm32cubeide/plugins/com.st.stm32cube.ide.mcu.externaltools.gnu-tools-for-stm32.10.3-2021.10.win32_1.0.200.202301161003/tools/bin/../lib/gcc/arm-none-eabi/10.3.1/thumb/v7-m/nofp/crtbegin.o
 *(.text*)
 .text.delay_ms
                0x0000000008000170       0x3a ./HAL/LCD.o
                0x0000000008000170                delay_ms
 *fill*         0x00000000080001aa        0x2 
 .text.LCD_INIT
                0x00000000080001ac      0x1d4 ./HAL/LCD.o
                0x00000000080001ac                LCD_INIT
 .text.LCD_WRITE_COMMAND
                0x0000000008000380       0x3c ./HAL/LCD.o
                0x0000000008000380                LCD_WRITE_COMMAND
 .text.LCD_WRITE_CHAR
                0x00000000080003bc      0x160 ./HAL/LCD.o
                0x00000000080003bc                LCD_WRITE_CHAR
 .text.LCD_WRITE_STRING
                0x000000000800051c       0x5e ./HAL/LCD.o
                0x000000000800051c                LCD_WRITE_STRING
 *fill*         0x000000000800057a        0x2 
 .text.LCD_lcd_kick
                0x000000000800057c       0x2c ./HAL/LCD.o
                0x000000000800057c                LCD_lcd_kick
 .text.LCD_clear_screen
                0x00000000080005a8        0xe ./HAL/LCD.o
                0x00000000080005a8                LCD_clear_screen
 .text.LCD_GOTO_XY
                0x00000000080005b6       0x48 ./HAL/LCD.o
                0x00000000080005b6                LCD_GOTO_XY
 .text.wait_ms  0x00000000080005fe       0x3a ./Src/main.o
                0x00000000080005fe                wait_ms
 .text.EXTI9_callBack
                0x0000000008000638       0x28 ./Src/main.o
                0x0000000008000638                EXTI9_callBack
 .text.main     0x0000000008000660       0x78 ./Src/main.o
                0x0000000008000660                main
 .text.Reset_Handler
                0x00000000080006d8       0x50 ./Startup/startup_stm32f103c6tx.o
                0x00000000080006d8                Reset_Handler
 .text.Default_Handler
                0x0000000008000728        0x2 ./Startup/startup_stm32f103c6tx.o
                0x0000000008000728                TIM8_TRG_COM_IRQHandler
                0x0000000008000728                TIM8_CC_IRQHandler
                0x0000000008000728                DebugMon_Handler
                0x0000000008000728                TIM1_CC_IRQHandler
                0x0000000008000728                HardFault_Handler
                0x0000000008000728                TIM6_IRQHandler
                0x0000000008000728                SysTick_Handler
                0x0000000008000728                PVD_IRQHandler
                0x0000000008000728                SDIO_IRQHandler
                0x0000000008000728                PendSV_Handler
                0x0000000008000728                NMI_Handler
                0x0000000008000728                USB_HP_CAN_TX_IRQHandler
                0x0000000008000728                I2C2_EV_IRQHandler
                0x0000000008000728                UsageFault_Handler
                0x0000000008000728                ADC1_2_IRQHandler
                0x0000000008000728                SPI1_IRQHandler
                0x0000000008000728                CAN_SCE_IRQHandler
                0x0000000008000728                TAMPER_IRQHandler
                0x0000000008000728                TIM8_UP_IRQHandler
                0x0000000008000728                DMA2_Channel2_IRQHandler
                0x0000000008000728                DMA1_Channel4_IRQHandler
                0x0000000008000728                USART3_IRQHandler
                0x0000000008000728                RTC_IRQHandler
                0x0000000008000728                DMA1_Channel7_IRQHandler
                0x0000000008000728                UART5_IRQHandler
                0x0000000008000728                ADC3_IRQHandler
                0x0000000008000728                TIM4_IRQHandler
                0x0000000008000728                CAN_RX1_IRQHandler
                0x0000000008000728                DMA2_Channel1_IRQHandler
                0x0000000008000728                I2C1_EV_IRQHandler
                0x0000000008000728                DMA1_Channel6_IRQHandler
                0x0000000008000728                UART4_IRQHandler
                0x0000000008000728                TIM3_IRQHandler
                0x0000000008000728                RCC_IRQHandler
                0x0000000008000728                TIM1_TRG_COM_IRQHandler
                0x0000000008000728                DMA1_Channel1_IRQHandler
                0x0000000008000728                Default_Handler
                0x0000000008000728                TIM7_IRQHandler
                0x0000000008000728                TIM5_IRQHandler
                0x0000000008000728                SPI2_IRQHandler
                0x0000000008000728                USB_LP_CAN_RX0_IRQHandler
                0x0000000008000728                MemManage_Handler
                0x0000000008000728                SVC_Handler
                0x0000000008000728                DMA1_Channel5_IRQHandler
                0x0000000008000728                DMA1_Channel3_IRQHandler
                0x0000000008000728                FSMC_IRQHandler
                0x0000000008000728                TIM1_UP_IRQHandler
                0x0000000008000728                WWDG_IRQHandler
                0x0000000008000728                TIM2_IRQHandler
                0x0000000008000728                TIM1_BRK_IRQHandler
                0x0000000008000728                RTCAlarm_IRQHandler
                0x0000000008000728                DMA2_Channel4_5_IRQHandler
                0x0000000008000728                USART2_IRQHandler
                0x0000000008000728                I2C2_ER_IRQHandler
                0x0000000008000728                DMA1_Channel2_IRQHandler
                0x0000000008000728                TIM8_BRK_IRQHandler
                0x0000000008000728                FLASH_IRQHandler
                0x0000000008000728                BusFault_Handler
                0x0000000008000728                USART1_IRQHandler
                0x0000000008000728                SPI3_IRQHandler
                0x0000000008000728                I2C1_ER_IRQHandler
                0x0000000008000728                DMA2_Channel3_IRQHandler
 *fill*         0x000000000800072a        0x2 
 .text.Enable_NVIC
                0x000000000800072c       0xc8 ./stm32_f103c6_drivers/stm32_f103c6_drivers_EXTI.o
                0x000000000800072c                Enable_NVIC
 .text.Disable_NVIC
                0x00000000080007f4       0xc8 ./stm32_f103c6_drivers/stm32_f103c6_drivers_EXTI.o
                0x00000000080007f4                Disable_NVIC
 .text.update_EXTI
                0x00000000080008bc      0x1d0 ./stm32_f103c6_drivers/stm32_f103c6_drivers_EXTI.o
                0x00000000080008bc                update_EXTI
 .text.Mcal_EXTI_GPIO_init
                0x0000000008000a8c       0x16 ./stm32_f103c6_drivers/stm32_f103c6_drivers_EXTI.o
                0x0000000008000a8c                Mcal_EXTI_GPIO_init
 *fill*         0x0000000008000aa2        0x2 
 .text.EXTI0_IRQHandler
                0x0000000008000aa4       0x24 ./stm32_f103c6_drivers/stm32_f103c6_drivers_EXTI.o
                0x0000000008000aa4                EXTI0_IRQHandler
 .text.EXTI1_IRQHandler
                0x0000000008000ac8       0x24 ./stm32_f103c6_drivers/stm32_f103c6_drivers_EXTI.o
                0x0000000008000ac8                EXTI1_IRQHandler
 .text.EXTI2_IRQHandler
                0x0000000008000aec       0x24 ./stm32_f103c6_drivers/stm32_f103c6_drivers_EXTI.o
                0x0000000008000aec                EXTI2_IRQHandler
 .text.EXTI3_IRQHandler
                0x0000000008000b10       0x24 ./stm32_f103c6_drivers/stm32_f103c6_drivers_EXTI.o
                0x0000000008000b10                EXTI3_IRQHandler
 .text.EXTI4_IRQHandler
                0x0000000008000b34       0x24 ./stm32_f103c6_drivers/stm32_f103c6_drivers_EXTI.o
                0x0000000008000b34                EXTI4_IRQHandler
 .text.EXTI9_5_IRQHandler
                0x0000000008000b58       0xa8 ./stm32_f103c6_drivers/stm32_f103c6_drivers_EXTI.o
                0x0000000008000b58                EXTI9_5_IRQHandler
 .text.EXTI15_10_IRQHandler
                0x0000000008000c00       0xc4 ./stm32_f103c6_drivers/stm32_f103c6_drivers_EXTI.o
                0x0000000008000c00                EXTI15_10_IRQHandler
 .text.Get_CRLH_Position
                0x0000000008000cc4      0x170 ./stm32_f103c6_drivers/stm32_f103c6_drivers_gpio.o
                0x0000000008000cc4                Get_CRLH_Position
 .text.MCAL_GPIO_Init
                0x0000000008000e34       0xf8 ./stm32_f103c6_drivers/stm32_f103c6_drivers_gpio.o
                0x0000000008000e34                MCAL_GPIO_Init
 .text.MCAL_GPIO_WritePort
                0x0000000008000f2c       0x1c ./stm32_f103c6_drivers/stm32_f103c6_drivers_gpio.o
                0x0000000008000f2c                MCAL_GPIO_WritePort
 .text.MCAL_GPIO_WritePin
                0x0000000008000f48       0x2e ./stm32_f103c6_drivers/stm32_f103c6_drivers_gpio.o
                0x0000000008000f48                MCAL_GPIO_WritePin
 *fill*         0x0000000008000f76        0x2 
 .text.__libc_init_array
                0x0000000008000f78       0x48 g:/en.st-stm32cubeide_1.4.0_7511_20200720_0928_x86_64_exe/stm32cubeide_1.4.0/stm32cubeide/plugins/com.st.stm32cube.ide.mcu.externaltools.gnu-tools-for-stm32.10.3-2021.10.win32_1.0.200.202301161003/tools/bin/../lib/gcc/arm-none-eabi/10.3.1/../../../../arm-none-eabi/lib/thumb/v7-m/nofp\libc_nano.a(lib_a-init.o)
                0x0000000008000f78                __libc_init_array
 *(.glue_7)
 .glue_7        0x0000000008000fc0        0x0 linker stubs
 *(.glue_7t)
 .glue_7t       0x0000000008000fc0        0x0 linker stubs
 *(.eh_frame)
 .eh_frame      0x0000000008000fc0        0x0 g:/en.st-stm32cubeide_1.4.0_7511_20200720_0928_x86_64_exe/stm32cubeide_1.4.0/stm32cubeide/plugins/com.st.stm32cube.ide.mcu.externaltools.gnu-tools-for-stm32.10.3-2021.10.win32_1.0.200.202301161003/tools/bin/../lib/gcc/arm-none-eabi/10.3.1/thumb/v7-m/nofp/crtbegin.o
 *(.init)
 .init          0x0000000008000fc0        0x4 g:/en.st-stm32cubeide_1.4.0_7511_20200720_0928_x86_64_exe/stm32cubeide_1.4.0/stm32cubeide/plugins/com.st.stm32cube.ide.mcu.externaltools.gnu-tools-for-stm32.10.3-2021.10.win32_1.0.200.202301161003/tools/bin/../lib/gcc/arm-none-eabi/10.3.1/thumb/v7-m/nofp/crti.o
                0x0000000008000fc0                _init
 .init          0x0000000008000fc4        0x8 g:/en.st-stm32cubeide_1.4.0_7511_20200720_0928_x86_64_exe/stm32cubeide_1.4.0/stm32cubeide/plugins/com.st.stm32cube.ide.mcu.externaltools.gnu-tools-for-stm32.10.3-2021.10.win32_1.0.200.202301161003/tools/bin/../lib/gcc/arm-none-eabi/10.3.1/thumb/v7-m/nofp/crtn.o
 *(.fini)
 .fini          0x0000000008000fcc        0x4 g:/en.st-stm32cubeide_1.4.0_7511_20200720_0928_x86_64_exe/stm32cubeide_1.4.0/stm32cubeide/plugins/com.st.stm32cube.ide.mcu.externaltools.gnu-tools-for-stm32.10.3-2021.10.win32_1.0.200.202301161003/tools/bin/../lib/gcc/arm-none-eabi/10.3.1/thumb/v7-m/nofp/crti.o
                0x0000000008000fcc                _fini
 .fini          0x0000000008000fd0        0x8 g:/en.st-stm32cubeide_1.4.0_7511_20200720_0928_x86_64_exe/stm32cubeide_1.4.0/stm32cubeide/plugins/com.st.stm32cube.ide.mcu.externaltools.gnu-tools-for-stm32.10.3-2021.10.win32_1.0.200.202301161003/tools/bin/../lib/gcc/arm-none-eabi/10.3.1/thumb/v7-m/nofp/crtn.o
                0x0000000008000fd8                . = ALIGN (0x4)
                0x0000000008000fd8                _etext = .

.vfp11_veneer   0x0000000008000fd8        0x0
 .vfp11_veneer  0x0000000008000fd8        0x0 linker stubs

.v4_bx          0x0000000008000fd8        0x0
 .v4_bx         0x0000000008000fd8        0x0 linker stubs

.iplt           0x0000000008000fd8        0x0
 .iplt          0x0000000008000fd8        0x0 g:/en.st-stm32cubeide_1.4.0_7511_20200720_0928_x86_64_exe/stm32cubeide_1.4.0/stm32cubeide/plugins/com.st.stm32cube.ide.mcu.externaltools.gnu-tools-for-stm32.10.3-2021.10.win32_1.0.200.202301161003/tools/bin/../lib/gcc/arm-none-eabi/10.3.1/thumb/v7-m/nofp/crtbegin.o

.rodata         0x0000000008000fd8       0x24
                0x0000000008000fd8                . = ALIGN (0x4)
 *(.rodata)
 .rodata        0x0000000008000fd8       0x24 ./Src/main.o
 *(.rodata*)
                0x0000000008000ffc                . = ALIGN (0x4)

.rel.dyn        0x0000000008000ffc        0x0
 .rel.iplt      0x0000000008000ffc        0x0 g:/en.st-stm32cubeide_1.4.0_7511_20200720_0928_x86_64_exe/stm32cubeide_1.4.0/stm32cubeide/plugins/com.st.stm32cube.ide.mcu.externaltools.gnu-tools-for-stm32.10.3-2021.10.win32_1.0.200.202301161003/tools/bin/../lib/gcc/arm-none-eabi/10.3.1/thumb/v7-m/nofp/crtbegin.o

.ARM.extab      0x0000000008000ffc        0x0
                0x0000000008000ffc                . = ALIGN (0x4)
 *(.ARM.extab* .gnu.linkonce.armextab.*)
                0x0000000008000ffc                . = ALIGN (0x4)

.ARM            0x0000000008000ffc        0x0
                0x0000000008000ffc                . = ALIGN (0x4)
                0x0000000008000ffc                __exidx_start = .
 *(.ARM.exidx*)
                0x0000000008000ffc                __exidx_end = .
                0x0000000008000ffc                . = ALIGN (0x4)

.preinit_array  0x0000000008000ffc        0x0
                0x0000000008000ffc                . = ALIGN (0x4)
                0x0000000008000ffc                PROVIDE (__preinit_array_start = .)
 *(.preinit_array*)
                0x0000000008000ffc                PROVIDE (__preinit_array_end = .)
                0x0000000008000ffc                . = ALIGN (0x4)

.init_array     0x0000000008000ffc        0x4
                0x0000000008000ffc                . = ALIGN (0x4)
                0x0000000008000ffc                PROVIDE (__init_array_start = .)
 *(SORT_BY_NAME(.init_array.*))
 *(.init_array*)
 .init_array    0x0000000008000ffc        0x4 g:/en.st-stm32cubeide_1.4.0_7511_20200720_0928_x86_64_exe/stm32cubeide_1.4.0/stm32cubeide/plugins/com.st.stm32cube.ide.mcu.externaltools.gnu-tools-for-stm32.10.3-2021.10.win32_1.0.200.202301161003/tools/bin/../lib/gcc/arm-none-eabi/10.3.1/thumb/v7-m/nofp/crtbegin.o
                0x0000000008001000                PROVIDE (__init_array_end = .)
                0x0000000008001000                . = ALIGN (0x4)

.fini_array     0x0000000008001000        0x4
                0x0000000008001000                . = ALIGN (0x4)
                [!provide]                        PROVIDE (__fini_array_start = .)
 *(SORT_BY_NAME(.fini_array.*))
 *(.fini_array*)
 .fini_array    0x0000000008001000        0x4 g:/en.st-stm32cubeide_1.4.0_7511_20200720_0928_x86_64_exe/stm32cubeide_1.4.0/stm32cubeide/plugins/com.st.stm32cube.ide.mcu.externaltools.gnu-tools-for-stm32.10.3-2021.10.win32_1.0.200.202301161003/tools/bin/../lib/gcc/arm-none-eabi/10.3.1/thumb/v7-m/nofp/crtbegin.o
                [!provide]                        PROVIDE (__fini_array_end = .)
                0x0000000008001004                . = ALIGN (0x4)
                0x0000000008001004                _sidata = LOADADDR (.data)

.data           0x0000000020000000        0x0 load address 0x0000000008001004
                0x0000000020000000                . = ALIGN (0x4)
                0x0000000020000000                _sdata = .
 *(.data)
 *(.data*)
                0x0000000020000000                . = ALIGN (0x4)
                0x0000000020000000                _edata = .

.igot.plt       0x0000000020000000        0x0 load address 0x0000000008001004
 .igot.plt      0x0000000020000000        0x0 g:/en.st-stm32cubeide_1.4.0_7511_20200720_0928_x86_64_exe/stm32cubeide_1.4.0/stm32cubeide/plugins/com.st.stm32cube.ide.mcu.externaltools.gnu-tools-for-stm32.10.3-2021.10.win32_1.0.200.202301161003/tools/bin/../lib/gcc/arm-none-eabi/10.3.1/thumb/v7-m/nofp/crtbegin.o
                0x0000000020000000                . = ALIGN (0x4)

.bss            0x0000000020000000       0x60 load address 0x0000000008001004
                0x0000000020000000                _sbss = .
                0x0000000020000000                __bss_start__ = _sbss
 *(.bss)
 .bss           0x0000000020000000       0x1c g:/en.st-stm32cubeide_1.4.0_7511_20200720_0928_x86_64_exe/stm32cubeide_1.4.0/stm32cubeide/plugins/com.st.stm32cube.ide.mcu.externaltools.gnu-tools-for-stm32.10.3-2021.10.win32_1.0.200.202301161003/tools/bin/../lib/gcc/arm-none-eabi/10.3.1/thumb/v7-m/nofp/crtbegin.o
 *(.bss*)
 .bss.PCFG      0x000000002000001c        0x4 ./HAL/KeyPad.o
                0x000000002000001c                PCFG
 .bss.IRQ_Flag  0x0000000020000020        0x4 ./Src/main.o
                0x0000000020000020                IRQ_Flag
 .bss.GP_IRQ_CallBack
                0x0000000020000024       0x3c ./stm32_f103c6_drivers/stm32_f103c6_drivers_EXTI.o
                0x0000000020000024                GP_IRQ_CallBack
 *(COMMON)
                0x0000000020000060                . = ALIGN (0x4)
                0x0000000020000060                _ebss = .
                0x0000000020000060                __bss_end__ = _ebss

._user_heap_stack
                0x0000000020000060      0x600 load address 0x0000000008001004
                0x0000000020000060                . = ALIGN (0x8)
                [!provide]                        PROVIDE (end = .)
                0x0000000020000060                PROVIDE (_end = .)
                0x0000000020000260                . = (. + _Min_Heap_Size)
 *fill*         0x0000000020000060      0x200 
                0x0000000020000660                . = (. + _Min_Stack_Size)
 *fill*         0x0000000020000260      0x400 
                0x0000000020000660                . = ALIGN (0x8)

/DISCARD/
 libc.a(*)
 libm.a(*)
 libgcc.a(*)

.ARM.attributes
                0x0000000000000000       0x29
 *(.ARM.attributes)
 .ARM.attributes
                0x0000000000000000       0x1d g:/en.st-stm32cubeide_1.4.0_7511_20200720_0928_x86_64_exe/stm32cubeide_1.4.0/stm32cubeide/plugins/com.st.stm32cube.ide.mcu.externaltools.gnu-tools-for-stm32.10.3-2021.10.win32_1.0.200.202301161003/tools/bin/../lib/gcc/arm-none-eabi/10.3.1/thumb/v7-m/nofp/crti.o
 .ARM.attributes
                0x000000000000001d       0x2d g:/en.st-stm32cubeide_1.4.0_7511_20200720_0928_x86_64_exe/stm32cubeide_1.4.0/stm32cubeide/plugins/com.st.stm32cube.ide.mcu.externaltools.gnu-tools-for-stm32.10.3-2021.10.win32_1.0.200.202301161003/tools/bin/../lib/gcc/arm-none-eabi/10.3.1/thumb/v7-m/nofp/crtbegin.o
 .ARM.attributes
                0x000000000000004a       0x2d ./HAL/KeyPad.o
 .ARM.attributes
                0x0000000000000077       0x2d ./HAL/LCD.o
 .ARM.attributes
                0x00000000000000a4       0x2d ./Src/main.o
 .ARM.attributes
                0x00000000000000d1       0x21 ./Startup/startup_stm32f103c6tx.o
 .ARM.attributes
                0x00000000000000f2       0x2d ./stm32_f103c6_drivers/stm32_f103c6_drivers_EXTI.o
 .ARM.attributes
                0x000000000000011f       0x2d ./stm32_f103c6_drivers/stm32_f103c6_drivers_gpio.o
 .ARM.attributes
                0x000000000000014c       0x2d g:/en.st-stm32cubeide_1.4.0_7511_20200720_0928_x86_64_exe/stm32cubeide_1.4.0/stm32cubeide/plugins/com.st.stm32cube.ide.mcu.externaltools.gnu-tools-for-stm32.10.3-2021.10.win32_1.0.200.202301161003/tools/bin/../lib/gcc/arm-none-eabi/10.3.1/../../../../arm-none-eabi/lib/thumb/v7-m/nofp\libc_nano.a(lib_a-init.o)
 .ARM.attributes
                0x0000000000000179       0x1d g:/en.st-stm32cubeide_1.4.0_7511_20200720_0928_x86_64_exe/stm32cubeide_1.4.0/stm32cubeide/plugins/com.st.stm32cube.ide.mcu.externaltools.gnu-tools-for-stm32.10.3-2021.10.win32_1.0.200.202301161003/tools/bin/../lib/gcc/arm-none-eabi/10.3.1/thumb/v7-m/nofp/crtn.o
OUTPUT(Drivers.elf elf32-littlearm)
LOAD linker stubs
LOAD g:/en.st-stm32cubeide_1.4.0_7511_20200720_0928_x86_64_exe/stm32cubeide_1.4.0/stm32cubeide/plugins/com.st.stm32cube.ide.mcu.externaltools.gnu-tools-for-stm32.10.3-2021.10.win32_1.0.200.202301161003/tools/bin/../lib/gcc/arm-none-eabi/10.3.1/../../../../arm-none-eabi/lib/thumb/v7-m/nofp\libc.a
LOAD g:/en.st-stm32cubeide_1.4.0_7511_20200720_0928_x86_64_exe/stm32cubeide_1.4.0/stm32cubeide/plugins/com.st.stm32cube.ide.mcu.externaltools.gnu-tools-for-stm32.10.3-2021.10.win32_1.0.200.202301161003/tools/bin/../lib/gcc/arm-none-eabi/10.3.1/../../../../arm-none-eabi/lib/thumb/v7-m/nofp\libm.a
LOAD g:/en.st-stm32cubeide_1.4.0_7511_20200720_0928_x86_64_exe/stm32cubeide_1.4.0/stm32cubeide/plugins/com.st.stm32cube.ide.mcu.externaltools.gnu-tools-for-stm32.10.3-2021.10.win32_1.0.200.202301161003/tools/bin/../lib/gcc/arm-none-eabi/10.3.1/thumb/v7-m/nofp\libgcc.a

.debug_info     0x0000000000000000     0x13ef
 .debug_info    0x0000000000000000      0x2a6 ./HAL/KeyPad.o
 .debug_info    0x00000000000002a6      0x36e ./HAL/LCD.o
 .debug_info    0x0000000000000614      0x42a ./Src/main.o
 .debug_info    0x0000000000000a3e       0x22 ./Startup/startup_stm32f103c6tx.o
 .debug_info    0x0000000000000a60      0x52a ./stm32_f103c6_drivers/stm32_f103c6_drivers_EXTI.o
 .debug_info    0x0000000000000f8a      0x465 ./stm32_f103c6_drivers/stm32_f103c6_drivers_gpio.o

.debug_abbrev   0x0000000000000000      0x6a8
 .debug_abbrev  0x0000000000000000      0x11c ./HAL/KeyPad.o
 .debug_abbrev  0x000000000000011c      0x149 ./HAL/LCD.o
 .debug_abbrev  0x0000000000000265      0x168 ./Src/main.o
 .debug_abbrev  0x00000000000003cd       0x12 ./Startup/startup_stm32f103c6tx.o
 .debug_abbrev  0x00000000000003df      0x189 ./stm32_f103c6_drivers/stm32_f103c6_drivers_EXTI.o
 .debug_abbrev  0x0000000000000568      0x140 ./stm32_f103c6_drivers/stm32_f103c6_drivers_gpio.o

.debug_loc      0x0000000000000000      0x9c0
 .debug_loc     0x0000000000000000       0x7c ./HAL/KeyPad.o
 .debug_loc     0x000000000000007c      0x24c ./HAL/LCD.o
 .debug_loc     0x00000000000002c8      0x104 ./Src/main.o
 .debug_loc     0x00000000000003cc      0x320 ./stm32_f103c6_drivers/stm32_f103c6_drivers_EXTI.o
 .debug_loc     0x00000000000006ec      0x2d4 ./stm32_f103c6_drivers/stm32_f103c6_drivers_gpio.o

.debug_aranges  0x0000000000000000      0x1c0
 .debug_aranges
                0x0000000000000000       0x28 ./HAL/KeyPad.o
 .debug_aranges
                0x0000000000000028       0x60 ./HAL/LCD.o
 .debug_aranges
                0x0000000000000088       0x38 ./Src/main.o
 .debug_aranges
                0x00000000000000c0       0x28 ./Startup/startup_stm32f103c6tx.o
 .debug_aranges
                0x00000000000000e8       0x80 ./stm32_f103c6_drivers/stm32_f103c6_drivers_EXTI.o
 .debug_aranges
                0x0000000000000168       0x58 ./stm32_f103c6_drivers/stm32_f103c6_drivers_gpio.o

.debug_ranges   0x0000000000000000      0x168
 .debug_ranges  0x0000000000000000       0x18 ./HAL/KeyPad.o
 .debug_ranges  0x0000000000000018       0x50 ./HAL/LCD.o
 .debug_ranges  0x0000000000000068       0x28 ./Src/main.o
 .debug_ranges  0x0000000000000090       0x20 ./Startup/startup_stm32f103c6tx.o
 .debug_ranges  0x00000000000000b0       0x70 ./stm32_f103c6_drivers/stm32_f103c6_drivers_EXTI.o
 .debug_ranges  0x0000000000000120       0x48 ./stm32_f103c6_drivers/stm32_f103c6_drivers_gpio.o

.debug_macro    0x0000000000000000     0x26c9
 .debug_macro   0x0000000000000000      0x158 ./HAL/KeyPad.o
 .debug_macro   0x0000000000000158      0xa72 ./HAL/KeyPad.o
 .debug_macro   0x0000000000000bca       0x16 ./HAL/KeyPad.o
 .debug_macro   0x0000000000000be0       0x18 ./HAL/KeyPad.o
 .debug_macro   0x0000000000000bf8       0x22 ./HAL/KeyPad.o
 .debug_macro   0x0000000000000c1a       0x4c ./HAL/KeyPad.o
 .debug_macro   0x0000000000000c66       0x94 ./HAL/KeyPad.o
 .debug_macro   0x0000000000000cfa       0x3c ./HAL/KeyPad.o
 .debug_macro   0x0000000000000d36       0x34 ./HAL/KeyPad.o
 .debug_macro   0x0000000000000d6a       0x16 ./HAL/KeyPad.o
 .debug_macro   0x0000000000000d80      0x10e ./HAL/KeyPad.o
 .debug_macro   0x0000000000000e8e       0x8d ./HAL/KeyPad.o
 .debug_macro   0x0000000000000f1b       0x16 ./HAL/KeyPad.o
 .debug_macro   0x0000000000000f31       0x43 ./HAL/KeyPad.o
 .debug_macro   0x0000000000000f74       0x57 ./HAL/KeyPad.o
 .debug_macro   0x0000000000000fcb       0x34 ./HAL/KeyPad.o
 .debug_macro   0x0000000000000fff       0x10 ./HAL/KeyPad.o
 .debug_macro   0x000000000000100f       0x58 ./HAL/KeyPad.o
 .debug_macro   0x0000000000001067       0x71 ./HAL/KeyPad.o
 .debug_macro   0x00000000000010d8       0x1c ./HAL/KeyPad.o
 .debug_macro   0x00000000000010f4      0x12a ./HAL/KeyPad.o
 .debug_macro   0x000000000000121e      0x341 ./HAL/KeyPad.o
 .debug_macro   0x000000000000155f       0x16 ./HAL/KeyPad.o
 .debug_macro   0x0000000000001575       0x29 ./HAL/KeyPad.o
 .debug_macro   0x000000000000159e      0x103 ./HAL/KeyPad.o
 .debug_macro   0x00000000000016a1       0x6a ./HAL/KeyPad.o
 .debug_macro   0x000000000000170b      0x1df ./HAL/KeyPad.o
 .debug_macro   0x00000000000018ea      0x2b7 ./HAL/KeyPad.o
 .debug_macro   0x0000000000001ba1       0xb8 ./HAL/KeyPad.o
 .debug_macro   0x0000000000001c59       0x40 ./HAL/KeyPad.o
 .debug_macro   0x0000000000001c99      0x15e ./HAL/LCD.o
 .debug_macro   0x0000000000001df7       0x94 ./HAL/LCD.o
 .debug_macro   0x0000000000001e8b      0x174 ./Src/main.o
 .debug_macro   0x0000000000001fff      0x2b4 ./Src/main.o
 .debug_macro   0x00000000000022b3       0x9a ./Src/main.o
 .debug_macro   0x000000000000234d      0x163 ./stm32_f103c6_drivers/stm32_f103c6_drivers_EXTI.o
 .debug_macro   0x00000000000024b0       0xca ./stm32_f103c6_drivers/stm32_f103c6_drivers_EXTI.o
 .debug_macro   0x000000000000257a      0x14f ./stm32_f103c6_drivers/stm32_f103c6_drivers_gpio.o

.debug_line     0x0000000000000000     0x2ec9
 .debug_line    0x0000000000000000      0x85e ./HAL/KeyPad.o
 .debug_line    0x000000000000085e      0xa32 ./HAL/LCD.o
 .debug_line    0x0000000000001290      0x7c1 ./Src/main.o
 .debug_line    0x0000000000001a51       0x84 ./Startup/startup_stm32f103c6tx.o
 .debug_line    0x0000000000001ad5      0xb25 ./stm32_f103c6_drivers/stm32_f103c6_drivers_EXTI.o
 .debug_line    0x00000000000025fa      0x8cf ./stm32_f103c6_drivers/stm32_f103c6_drivers_gpio.o

.debug_str      0x0000000000000000     0x9b48
 .debug_str     0x0000000000000000     0x8059 ./HAL/KeyPad.o
                                       0x8260 (size before relaxing)
 .debug_str     0x0000000000008059      0x326 ./HAL/LCD.o
                                       0x84a1 (size before relaxing)
 .debug_str     0x000000000000837f     0x14dc ./Src/main.o
                                       0x995a (size before relaxing)
 .debug_str     0x000000000000985b       0x31 ./Startup/startup_stm32f103c6tx.o
                                         0x4f (size before relaxing)
 .debug_str     0x000000000000988c      0x1fa ./stm32_f103c6_drivers/stm32_f103c6_drivers_EXTI.o
                                       0x979e (size before relaxing)
 .debug_str     0x0000000000009a86       0xc2 ./stm32_f103c6_drivers/stm32_f103c6_drivers_gpio.o
                                       0x82a3 (size before relaxing)

.comment        0x0000000000000000       0x50
 .comment       0x0000000000000000       0x50 ./HAL/KeyPad.o
                                         0x51 (size before relaxing)
 .comment       0x0000000000000050       0x51 ./HAL/LCD.o
 .comment       0x0000000000000050       0x51 ./Src/main.o
 .comment       0x0000000000000050       0x51 ./stm32_f103c6_drivers/stm32_f103c6_drivers_EXTI.o
 .comment       0x0000000000000050       0x51 ./stm32_f103c6_drivers/stm32_f103c6_drivers_gpio.o

.debug_frame    0x0000000000000000      0x548
 .debug_frame   0x0000000000000000       0x50 ./HAL/KeyPad.o
 .debug_frame   0x0000000000000050      0x138 ./HAL/LCD.o
 .debug_frame   0x0000000000000188       0x94 ./Src/main.o
 .debug_frame   0x000000000000021c      0x1b0 ./stm32_f103c6_drivers/stm32_f103c6_drivers_EXTI.o
 .debug_frame   0x00000000000003cc      0x150 ./stm32_f103c6_drivers/stm32_f103c6_drivers_gpio.o
 .debug_frame   0x000000000000051c       0x2c g:/en.st-stm32cubeide_1.4.0_7511_20200720_0928_x86_64_exe/stm32cubeide_1.4.0/stm32cubeide/plugins/com.st.stm32cube.ide.mcu.externaltools.gnu-tools-for-stm32.10.3-2021.10.win32_1.0.200.202301161003/tools/bin/../lib/gcc/arm-none-eabi/10.3.1/../../../../arm-none-eabi/lib/thumb/v7-m/nofp\libc_nano.a(lib_a-init.o)
