Archive member included to satisfy reference by file (symbol)

g:/en.st-stm32cubeide_1.4.0_7511_20200720_0928_x86_64_exe/stm32cubeide_1.4.0/stm32cubeide/plugins/com.st.stm32cube.ide.mcu.externaltools.gnu-tools-for-stm32.10.3-2021.10.win32_1.0.200.202301161003/tools/bin/../lib/gcc/arm-none-eabi/10.3.1/../../../../arm-none-eabi/lib/thumb/v7-m/nofp\libc_nano.a(lib_a-errno.o)
                              ./Src/syscalls.o (__errno)
g:/en.st-stm32cubeide_1.4.0_7511_20200720_0928_x86_64_exe/stm32cubeide_1.4.0/stm32cubeide/plugins/com.st.stm32cube.ide.mcu.externaltools.gnu-tools-for-stm32.10.3-2021.10.win32_1.0.200.202301161003/tools/bin/../lib/gcc/arm-none-eabi/10.3.1/../../../../arm-none-eabi/lib/thumb/v7-m/nofp\libc_nano.a(lib_a-exit.o)
                              g:/en.st-stm32cubeide_1.4.0_7511_20200720_0928_x86_64_exe/stm32cubeide_1.4.0/stm32cubeide/plugins/com.st.stm32cube.ide.mcu.externaltools.gnu-tools-for-stm32.10.3-2021.10.win32_1.0.200.202301161003/tools/bin/../lib/gcc/arm-none-eabi/10.3.1/../../../../arm-none-eabi/lib/thumb/v7-m/nofp/crt0.o (exit)
g:/en.st-stm32cubeide_1.4.0_7511_20200720_0928_x86_64_exe/stm32cubeide_1.4.0/stm32cubeide/plugins/com.st.stm32cube.ide.mcu.externaltools.gnu-tools-for-stm32.10.3-2021.10.win32_1.0.200.202301161003/tools/bin/../lib/gcc/arm-none-eabi/10.3.1/../../../../arm-none-eabi/lib/thumb/v7-m/nofp\libc_nano.a(lib_a-impure.o)
                              g:/en.st-stm32cubeide_1.4.0_7511_20200720_0928_x86_64_exe/stm32cubeide_1.4.0/stm32cubeide/plugins/com.st.stm32cube.ide.mcu.externaltools.gnu-tools-for-stm32.10.3-2021.10.win32_1.0.200.202301161003/tools/bin/../lib/gcc/arm-none-eabi/10.3.1/../../../../arm-none-eabi/lib/thumb/v7-m/nofp\libc_nano.a(lib_a-exit.o) (_global_impure_ptr)
g:/en.st-stm32cubeide_1.4.0_7511_20200720_0928_x86_64_exe/stm32cubeide_1.4.0/stm32cubeide/plugins/com.st.stm32cube.ide.mcu.externaltools.gnu-tools-for-stm32.10.3-2021.10.win32_1.0.200.202301161003/tools/bin/../lib/gcc/arm-none-eabi/10.3.1/../../../../arm-none-eabi/lib/thumb/v7-m/nofp\libc_nano.a(lib_a-init.o)
                              g:/en.st-stm32cubeide_1.4.0_7511_20200720_0928_x86_64_exe/stm32cubeide_1.4.0/stm32cubeide/plugins/com.st.stm32cube.ide.mcu.externaltools.gnu-tools-for-stm32.10.3-2021.10.win32_1.0.200.202301161003/tools/bin/../lib/gcc/arm-none-eabi/10.3.1/../../../../arm-none-eabi/lib/thumb/v7-m/nofp/crt0.o (__libc_init_array)
g:/en.st-stm32cubeide_1.4.0_7511_20200720_0928_x86_64_exe/stm32cubeide_1.4.0/stm32cubeide/plugins/com.st.stm32cube.ide.mcu.externaltools.gnu-tools-for-stm32.10.3-2021.10.win32_1.0.200.202301161003/tools/bin/../lib/gcc/arm-none-eabi/10.3.1/../../../../arm-none-eabi/lib/thumb/v7-m/nofp\libc_nano.a(lib_a-memset.o)
                              g:/en.st-stm32cubeide_1.4.0_7511_20200720_0928_x86_64_exe/stm32cubeide_1.4.0/stm32cubeide/plugins/com.st.stm32cube.ide.mcu.externaltools.gnu-tools-for-stm32.10.3-2021.10.win32_1.0.200.202301161003/tools/bin/../lib/gcc/arm-none-eabi/10.3.1/../../../../arm-none-eabi/lib/thumb/v7-m/nofp/crt0.o (memset)

Discarded input sections

 .text          0x0000000000000000        0x0 g:/en.st-stm32cubeide_1.4.0_7511_20200720_0928_x86_64_exe/stm32cubeide_1.4.0/stm32cubeide/plugins/com.st.stm32cube.ide.mcu.externaltools.gnu-tools-for-stm32.10.3-2021.10.win32_1.0.200.202301161003/tools/bin/../lib/gcc/arm-none-eabi/10.3.1/thumb/v7-m/nofp/crti.o
 .data          0x0000000000000000        0x0 g:/en.st-stm32cubeide_1.4.0_7511_20200720_0928_x86_64_exe/stm32cubeide_1.4.0/stm32cubeide/plugins/com.st.stm32cube.ide.mcu.externaltools.gnu-tools-for-stm32.10.3-2021.10.win32_1.0.200.202301161003/tools/bin/../lib/gcc/arm-none-eabi/10.3.1/thumb/v7-m/nofp/crti.o
 .bss           0x0000000000000000        0x0 g:/en.st-stm32cubeide_1.4.0_7511_20200720_0928_x86_64_exe/stm32cubeide_1.4.0/stm32cubeide/plugins/com.st.stm32cube.ide.mcu.externaltools.gnu-tools-for-stm32.10.3-2021.10.win32_1.0.200.202301161003/tools/bin/../lib/gcc/arm-none-eabi/10.3.1/thumb/v7-m/nofp/crti.o
 .data          0x0000000000000000        0x4 g:/en.st-stm32cubeide_1.4.0_7511_20200720_0928_x86_64_exe/stm32cubeide_1.4.0/stm32cubeide/plugins/com.st.stm32cube.ide.mcu.externaltools.gnu-tools-for-stm32.10.3-2021.10.win32_1.0.200.202301161003/tools/bin/../lib/gcc/arm-none-eabi/10.3.1/thumb/v7-m/nofp/crtbegin.o
 .rodata        0x0000000000000000       0x24 g:/en.st-stm32cubeide_1.4.0_7511_20200720_0928_x86_64_exe/stm32cubeide_1.4.0/stm32cubeide/plugins/com.st.stm32cube.ide.mcu.externaltools.gnu-tools-for-stm32.10.3-2021.10.win32_1.0.200.202301161003/tools/bin/../lib/gcc/arm-none-eabi/10.3.1/thumb/v7-m/nofp/crtbegin.o
 .text          0x0000000000000000       0x7c g:/en.st-stm32cubeide_1.4.0_7511_20200720_0928_x86_64_exe/stm32cubeide_1.4.0/stm32cubeide/plugins/com.st.stm32cube.ide.mcu.externaltools.gnu-tools-for-stm32.10.3-2021.10.win32_1.0.200.202301161003/tools/bin/../lib/gcc/arm-none-eabi/10.3.1/../../../../arm-none-eabi/lib/thumb/v7-m/nofp/crt0.o
 .data          0x0000000000000000        0x0 g:/en.st-stm32cubeide_1.4.0_7511_20200720_0928_x86_64_exe/stm32cubeide_1.4.0/stm32cubeide/plugins/com.st.stm32cube.ide.mcu.externaltools.gnu-tools-for-stm32.10.3-2021.10.win32_1.0.200.202301161003/tools/bin/../lib/gcc/arm-none-eabi/10.3.1/../../../../arm-none-eabi/lib/thumb/v7-m/nofp/crt0.o
 .bss           0x0000000000000000        0x0 g:/en.st-stm32cubeide_1.4.0_7511_20200720_0928_x86_64_exe/stm32cubeide_1.4.0/stm32cubeide/plugins/com.st.stm32cube.ide.mcu.externaltools.gnu-tools-for-stm32.10.3-2021.10.win32_1.0.200.202301161003/tools/bin/../lib/gcc/arm-none-eabi/10.3.1/../../../../arm-none-eabi/lib/thumb/v7-m/nofp/crt0.o
 .ARM.extab     0x0000000000000000        0x0 g:/en.st-stm32cubeide_1.4.0_7511_20200720_0928_x86_64_exe/stm32cubeide_1.4.0/stm32cubeide/plugins/com.st.stm32cube.ide.mcu.externaltools.gnu-tools-for-stm32.10.3-2021.10.win32_1.0.200.202301161003/tools/bin/../lib/gcc/arm-none-eabi/10.3.1/../../../../arm-none-eabi/lib/thumb/v7-m/nofp/crt0.o
 .ARM.exidx     0x0000000000000000       0x10 g:/en.st-stm32cubeide_1.4.0_7511_20200720_0928_x86_64_exe/stm32cubeide_1.4.0/stm32cubeide/plugins/com.st.stm32cube.ide.mcu.externaltools.gnu-tools-for-stm32.10.3-2021.10.win32_1.0.200.202301161003/tools/bin/../lib/gcc/arm-none-eabi/10.3.1/../../../../arm-none-eabi/lib/thumb/v7-m/nofp/crt0.o
 .ARM.attributes
                0x0000000000000000       0x1b g:/en.st-stm32cubeide_1.4.0_7511_20200720_0928_x86_64_exe/stm32cubeide_1.4.0/stm32cubeide/plugins/com.st.stm32cube.ide.mcu.externaltools.gnu-tools-for-stm32.10.3-2021.10.win32_1.0.200.202301161003/tools/bin/../lib/gcc/arm-none-eabi/10.3.1/../../../../arm-none-eabi/lib/thumb/v7-m/nofp/crt0.o
 .group         0x0000000000000000        0xc ./Src/main.o
 .group         0x0000000000000000        0xc ./Src/main.o
 .group         0x0000000000000000        0xc ./Src/main.o
 .group         0x0000000000000000        0xc ./Src/main.o
 .group         0x0000000000000000        0xc ./Src/main.o
 .group         0x0000000000000000        0xc ./Src/main.o
 .group         0x0000000000000000        0xc ./Src/main.o
 .group         0x0000000000000000        0xc ./Src/main.o
 .group         0x0000000000000000        0xc ./Src/main.o
 .group         0x0000000000000000        0xc ./Src/main.o
 .group         0x0000000000000000        0xc ./Src/main.o
 .group         0x0000000000000000        0xc ./Src/main.o
 .group         0x0000000000000000        0xc ./Src/main.o
 .group         0x0000000000000000        0xc ./Src/main.o
 .group         0x0000000000000000        0xc ./Src/main.o
 .group         0x0000000000000000        0xc ./Src/main.o
 .group         0x0000000000000000        0xc ./Src/main.o
 .group         0x0000000000000000        0xc ./Src/main.o
 .group         0x0000000000000000        0xc ./Src/main.o
 .group         0x0000000000000000        0xc ./Src/main.o
 .group         0x0000000000000000        0xc ./Src/main.o
 .group         0x0000000000000000        0xc ./Src/main.o
 .group         0x0000000000000000        0xc ./Src/main.o
 .group         0x0000000000000000        0xc ./Src/main.o
 .group         0x0000000000000000        0xc ./Src/main.o
 .group         0x0000000000000000        0xc ./Src/main.o
 .group         0x0000000000000000        0xc ./Src/main.o
 .group         0x0000000000000000        0xc ./Src/main.o
 .group         0x0000000000000000        0xc ./Src/main.o
 .text          0x0000000000000000        0x0 ./Src/main.o
 .data          0x0000000000000000        0x0 ./Src/main.o
 .bss           0x0000000000000000        0x0 ./Src/main.o
 .group         0x0000000000000000        0xc ./Src/syscalls.o
 .group         0x0000000000000000        0xc ./Src/syscalls.o
 .group         0x0000000000000000        0xc ./Src/syscalls.o
 .group         0x0000000000000000        0xc ./Src/syscalls.o
 .group         0x0000000000000000        0xc ./Src/syscalls.o
 .group         0x0000000000000000        0xc ./Src/syscalls.o
 .group         0x0000000000000000        0xc ./Src/syscalls.o
 .group         0x0000000000000000        0xc ./Src/syscalls.o
 .group         0x0000000000000000        0xc ./Src/syscalls.o
 .group         0x0000000000000000        0xc ./Src/syscalls.o
 .group         0x0000000000000000        0xc ./Src/syscalls.o
 .group         0x0000000000000000        0xc ./Src/syscalls.o
 .group         0x0000000000000000        0xc ./Src/syscalls.o
 .group         0x0000000000000000        0xc ./Src/syscalls.o
 .group         0x0000000000000000        0xc ./Src/syscalls.o
 .group         0x0000000000000000        0xc ./Src/syscalls.o
 .group         0x0000000000000000        0xc ./Src/syscalls.o
 .group         0x0000000000000000        0xc ./Src/syscalls.o
 .group         0x0000000000000000        0xc ./Src/syscalls.o
 .group         0x0000000000000000        0xc ./Src/syscalls.o
 .group         0x0000000000000000        0xc ./Src/syscalls.o
 .group         0x0000000000000000        0xc ./Src/syscalls.o
 .group         0x0000000000000000        0xc ./Src/syscalls.o
 .group         0x0000000000000000        0xc ./Src/syscalls.o
 .group         0x0000000000000000        0xc ./Src/syscalls.o
 .group         0x0000000000000000        0xc ./Src/syscalls.o
 .group         0x0000000000000000        0xc ./Src/syscalls.o
 .group         0x0000000000000000        0xc ./Src/syscalls.o
 .group         0x0000000000000000        0xc ./Src/syscalls.o
 .group         0x0000000000000000        0xc ./Src/syscalls.o
 .group         0x0000000000000000        0xc ./Src/syscalls.o
 .group         0x0000000000000000        0xc ./Src/syscalls.o
 .group         0x0000000000000000        0xc ./Src/syscalls.o
 .group         0x0000000000000000        0xc ./Src/syscalls.o
 .group         0x0000000000000000        0xc ./Src/syscalls.o
 .group         0x0000000000000000        0xc ./Src/syscalls.o
 .group         0x0000000000000000        0xc ./Src/syscalls.o
 .group         0x0000000000000000        0xc ./Src/syscalls.o
 .group         0x0000000000000000        0xc ./Src/syscalls.o
 .group         0x0000000000000000        0xc ./Src/syscalls.o
 .group         0x0000000000000000        0xc ./Src/syscalls.o
 .group         0x0000000000000000        0xc ./Src/syscalls.o
 .group         0x0000000000000000        0xc ./Src/syscalls.o
 .group         0x0000000000000000        0xc ./Src/syscalls.o
 .group         0x0000000000000000        0xc ./Src/syscalls.o
 .group         0x0000000000000000        0xc ./Src/syscalls.o
 .group         0x0000000000000000        0xc ./Src/syscalls.o
 .text          0x0000000000000000        0x0 ./Src/syscalls.o
 .data          0x0000000000000000        0x0 ./Src/syscalls.o
 .bss           0x0000000000000000        0x0 ./Src/syscalls.o
 .bss.__env     0x0000000000000000        0x4 ./Src/syscalls.o
 .data.environ  0x0000000000000000        0x4 ./Src/syscalls.o
 .text.initialise_monitor_handles
                0x0000000000000000        0xc ./Src/syscalls.o
 .text._getpid  0x0000000000000000        0xe ./Src/syscalls.o
 .text._kill    0x0000000000000000       0x20 ./Src/syscalls.o
 .text._exit    0x0000000000000000       0x14 ./Src/syscalls.o
 .text._read    0x0000000000000000       0x3a ./Src/syscalls.o
 .text._write   0x0000000000000000       0x38 ./Src/syscalls.o
 .text._close   0x0000000000000000       0x16 ./Src/syscalls.o
 .text._fstat   0x0000000000000000       0x1e ./Src/syscalls.o
 .text._isatty  0x0000000000000000       0x14 ./Src/syscalls.o
 .text._lseek   0x0000000000000000       0x18 ./Src/syscalls.o
 .text._open    0x0000000000000000       0x1a ./Src/syscalls.o
 .text._wait    0x0000000000000000       0x1e ./Src/syscalls.o
 .text._unlink  0x0000000000000000       0x1e ./Src/syscalls.o
 .text._times   0x0000000000000000       0x16 ./Src/syscalls.o
 .text._stat    0x0000000000000000       0x1e ./Src/syscalls.o
 .text._link    0x0000000000000000       0x20 ./Src/syscalls.o
 .text._fork    0x0000000000000000       0x16 ./Src/syscalls.o
 .text._execve  0x0000000000000000       0x22 ./Src/syscalls.o
 .debug_info    0x0000000000000000      0x77e ./Src/syscalls.o
 .debug_abbrev  0x0000000000000000      0x1c6 ./Src/syscalls.o
 .debug_loc     0x0000000000000000      0x5b8 ./Src/syscalls.o
 .debug_aranges
                0x0000000000000000       0xa8 ./Src/syscalls.o
 .debug_ranges  0x0000000000000000       0x98 ./Src/syscalls.o
 .debug_macro   0x0000000000000000      0x24c ./Src/syscalls.o
 .debug_macro   0x0000000000000000      0xa72 ./Src/syscalls.o
 .debug_macro   0x0000000000000000       0x22 ./Src/syscalls.o
 .debug_macro   0x0000000000000000       0x4c ./Src/syscalls.o
 .debug_macro   0x0000000000000000       0x18 ./Src/syscalls.o
 .debug_macro   0x0000000000000000       0x94 ./Src/syscalls.o
 .debug_macro   0x0000000000000000       0x3c ./Src/syscalls.o
 .debug_macro   0x0000000000000000       0x34 ./Src/syscalls.o
 .debug_macro   0x0000000000000000       0x57 ./Src/syscalls.o
 .debug_macro   0x0000000000000000      0x174 ./Src/syscalls.o
 .debug_macro   0x0000000000000000      0x341 ./Src/syscalls.o
 .debug_macro   0x0000000000000000       0x16 ./Src/syscalls.o
 .debug_macro   0x0000000000000000       0x43 ./Src/syscalls.o
 .debug_macro   0x0000000000000000       0x34 ./Src/syscalls.o
 .debug_macro   0x0000000000000000       0x10 ./Src/syscalls.o
 .debug_macro   0x0000000000000000       0x58 ./Src/syscalls.o
 .debug_macro   0x0000000000000000       0x71 ./Src/syscalls.o
 .debug_macro   0x0000000000000000       0x1c ./Src/syscalls.o
 .debug_macro   0x0000000000000000      0x12a ./Src/syscalls.o
 .debug_macro   0x0000000000000000       0x10 ./Src/syscalls.o
 .debug_macro   0x0000000000000000       0x35 ./Src/syscalls.o
 .debug_macro   0x0000000000000000       0x10 ./Src/syscalls.o
 .debug_macro   0x0000000000000000       0x10 ./Src/syscalls.o
 .debug_macro   0x0000000000000000       0x10 ./Src/syscalls.o
 .debug_macro   0x0000000000000000       0x6a ./Src/syscalls.o
 .debug_macro   0x0000000000000000       0x1c ./Src/syscalls.o
 .debug_macro   0x0000000000000000       0x52 ./Src/syscalls.o
 .debug_macro   0x0000000000000000       0x22 ./Src/syscalls.o
 .debug_macro   0x0000000000000000       0x10 ./Src/syscalls.o
 .debug_macro   0x0000000000000000       0x52 ./Src/syscalls.o
 .debug_macro   0x0000000000000000       0xd5 ./Src/syscalls.o
 .debug_macro   0x0000000000000000       0x1c ./Src/syscalls.o
 .debug_macro   0x0000000000000000       0x3d ./Src/syscalls.o
 .debug_macro   0x0000000000000000       0x35 ./Src/syscalls.o
 .debug_macro   0x0000000000000000      0x12c ./Src/syscalls.o
 .debug_macro   0x0000000000000000       0x16 ./Src/syscalls.o
 .debug_macro   0x0000000000000000       0x16 ./Src/syscalls.o
 .debug_macro   0x0000000000000000       0x29 ./Src/syscalls.o
 .debug_macro   0x0000000000000000       0x10 ./Src/syscalls.o
 .debug_macro   0x0000000000000000      0x241 ./Src/syscalls.o
 .debug_macro   0x0000000000000000       0x1c ./Src/syscalls.o
 .debug_macro   0x0000000000000000       0x10 ./Src/syscalls.o
 .debug_macro   0x0000000000000000       0x10 ./Src/syscalls.o
 .debug_macro   0x0000000000000000       0x16 ./Src/syscalls.o
 .debug_macro   0x0000000000000000      0x145 ./Src/syscalls.o
 .debug_macro   0x0000000000000000      0x189 ./Src/syscalls.o
 .debug_macro   0x0000000000000000       0x16 ./Src/syscalls.o
 .debug_macro   0x0000000000000000       0xce ./Src/syscalls.o
 .debug_line    0x0000000000000000      0x988 ./Src/syscalls.o
 .debug_str     0x0000000000000000     0x8a1b ./Src/syscalls.o
 .comment       0x0000000000000000       0x51 ./Src/syscalls.o
 .debug_frame   0x0000000000000000      0x2ac ./Src/syscalls.o
 .ARM.attributes
                0x0000000000000000       0x2d ./Src/syscalls.o
 .group         0x0000000000000000        0xc ./Src/sysmem.o
 .group         0x0000000000000000        0xc ./Src/sysmem.o
 .group         0x0000000000000000        0xc ./Src/sysmem.o
 .group         0x0000000000000000        0xc ./Src/sysmem.o
 .group         0x0000000000000000        0xc ./Src/sysmem.o
 .group         0x0000000000000000        0xc ./Src/sysmem.o
 .group         0x0000000000000000        0xc ./Src/sysmem.o
 .group         0x0000000000000000        0xc ./Src/sysmem.o
 .group         0x0000000000000000        0xc ./Src/sysmem.o
 .group         0x0000000000000000        0xc ./Src/sysmem.o
 .group         0x0000000000000000        0xc ./Src/sysmem.o
 .group         0x0000000000000000        0xc ./Src/sysmem.o
 .group         0x0000000000000000        0xc ./Src/sysmem.o
 .group         0x0000000000000000        0xc ./Src/sysmem.o
 .group         0x0000000000000000        0xc ./Src/sysmem.o
 .group         0x0000000000000000        0xc ./Src/sysmem.o
 .group         0x0000000000000000        0xc ./Src/sysmem.o
 .group         0x0000000000000000        0xc ./Src/sysmem.o
 .group         0x0000000000000000        0xc ./Src/sysmem.o
 .group         0x0000000000000000        0xc ./Src/sysmem.o
 .group         0x0000000000000000        0xc ./Src/sysmem.o
 .group         0x0000000000000000        0xc ./Src/sysmem.o
 .text          0x0000000000000000        0x0 ./Src/sysmem.o
 .data          0x0000000000000000        0x0 ./Src/sysmem.o
 .bss           0x0000000000000000        0x0 ./Src/sysmem.o
 .bss.__sbrk_heap_end
                0x0000000000000000        0x4 ./Src/sysmem.o
 .text._sbrk    0x0000000000000000       0x6c ./Src/sysmem.o
 .debug_info    0x0000000000000000      0x183 ./Src/sysmem.o
 .debug_abbrev  0x0000000000000000       0xbd ./Src/sysmem.o
 .debug_loc     0x0000000000000000       0x50 ./Src/sysmem.o
 .debug_aranges
                0x0000000000000000       0x20 ./Src/sysmem.o
 .debug_ranges  0x0000000000000000       0x10 ./Src/sysmem.o
 .debug_macro   0x0000000000000000       0xff ./Src/sysmem.o
 .debug_macro   0x0000000000000000      0xa72 ./Src/sysmem.o
 .debug_macro   0x0000000000000000       0x10 ./Src/sysmem.o
 .debug_macro   0x0000000000000000       0x22 ./Src/sysmem.o
 .debug_macro   0x0000000000000000       0x4c ./Src/sysmem.o
 .debug_macro   0x0000000000000000       0x18 ./Src/sysmem.o
 .debug_macro   0x0000000000000000       0x94 ./Src/sysmem.o
 .debug_macro   0x0000000000000000       0x3c ./Src/sysmem.o
 .debug_macro   0x0000000000000000       0x34 ./Src/sysmem.o
 .debug_macro   0x0000000000000000      0x174 ./Src/sysmem.o
 .debug_macro   0x0000000000000000       0x16 ./Src/sysmem.o
 .debug_macro   0x0000000000000000       0x43 ./Src/sysmem.o
 .debug_macro   0x0000000000000000       0x57 ./Src/sysmem.o
 .debug_macro   0x0000000000000000       0x34 ./Src/sysmem.o
 .debug_macro   0x0000000000000000       0x10 ./Src/sysmem.o
 .debug_macro   0x0000000000000000       0x58 ./Src/sysmem.o
 .debug_macro   0x0000000000000000       0x71 ./Src/sysmem.o
 .debug_macro   0x0000000000000000       0x1c ./Src/sysmem.o
 .debug_macro   0x0000000000000000      0x12a ./Src/sysmem.o
 .debug_macro   0x0000000000000000      0x23b ./Src/sysmem.o
 .debug_macro   0x0000000000000000      0x103 ./Src/sysmem.o
 .debug_macro   0x0000000000000000       0x6a ./Src/sysmem.o
 .debug_macro   0x0000000000000000      0x1df ./Src/sysmem.o
 .debug_line    0x0000000000000000      0x67e ./Src/sysmem.o
 .debug_str     0x0000000000000000     0x5d4d ./Src/sysmem.o
 .comment       0x0000000000000000       0x51 ./Src/sysmem.o
 .debug_frame   0x0000000000000000       0x34 ./Src/sysmem.o
 .ARM.attributes
                0x0000000000000000       0x2d ./Src/sysmem.o
 .text          0x0000000000000000       0x14 ./Startup/startup_stm32f103c6tx.o
 .data          0x0000000000000000        0x0 ./Startup/startup_stm32f103c6tx.o
 .bss           0x0000000000000000        0x0 ./Startup/startup_stm32f103c6tx.o
 .group         0x0000000000000000        0xc ./stm32_f103c6_drivers/stm32_f103c6_drivers_EXTI.o
 .group         0x0000000000000000        0xc ./stm32_f103c6_drivers/stm32_f103c6_drivers_EXTI.o
 .group         0x0000000000000000        0xc ./stm32_f103c6_drivers/stm32_f103c6_drivers_EXTI.o
 .group         0x0000000000000000        0xc ./stm32_f103c6_drivers/stm32_f103c6_drivers_EXTI.o
 .group         0x0000000000000000        0xc ./stm32_f103c6_drivers/stm32_f103c6_drivers_EXTI.o
 .group         0x0000000000000000        0xc ./stm32_f103c6_drivers/stm32_f103c6_drivers_EXTI.o
 .group         0x0000000000000000        0xc ./stm32_f103c6_drivers/stm32_f103c6_drivers_EXTI.o
 .group         0x0000000000000000        0xc ./stm32_f103c6_drivers/stm32_f103c6_drivers_EXTI.o
 .group         0x0000000000000000        0xc ./stm32_f103c6_drivers/stm32_f103c6_drivers_EXTI.o
 .group         0x0000000000000000        0xc ./stm32_f103c6_drivers/stm32_f103c6_drivers_EXTI.o
 .group         0x0000000000000000        0xc ./stm32_f103c6_drivers/stm32_f103c6_drivers_EXTI.o
 .group         0x0000000000000000        0xc ./stm32_f103c6_drivers/stm32_f103c6_drivers_EXTI.o
 .group         0x0000000000000000        0xc ./stm32_f103c6_drivers/stm32_f103c6_drivers_EXTI.o
 .group         0x0000000000000000        0xc ./stm32_f103c6_drivers/stm32_f103c6_drivers_EXTI.o
 .group         0x0000000000000000        0xc ./stm32_f103c6_drivers/stm32_f103c6_drivers_EXTI.o
 .group         0x0000000000000000        0xc ./stm32_f103c6_drivers/stm32_f103c6_drivers_EXTI.o
 .group         0x0000000000000000        0xc ./stm32_f103c6_drivers/stm32_f103c6_drivers_EXTI.o
 .group         0x0000000000000000        0xc ./stm32_f103c6_drivers/stm32_f103c6_drivers_EXTI.o
 .group         0x0000000000000000        0xc ./stm32_f103c6_drivers/stm32_f103c6_drivers_EXTI.o
 .group         0x0000000000000000        0xc ./stm32_f103c6_drivers/stm32_f103c6_drivers_EXTI.o
 .group         0x0000000000000000        0xc ./stm32_f103c6_drivers/stm32_f103c6_drivers_EXTI.o
 .group         0x0000000000000000        0xc ./stm32_f103c6_drivers/stm32_f103c6_drivers_EXTI.o
 .group         0x0000000000000000        0xc ./stm32_f103c6_drivers/stm32_f103c6_drivers_EXTI.o
 .group         0x0000000000000000        0xc ./stm32_f103c6_drivers/stm32_f103c6_drivers_EXTI.o
 .group         0x0000000000000000        0xc ./stm32_f103c6_drivers/stm32_f103c6_drivers_EXTI.o
 .group         0x0000000000000000        0xc ./stm32_f103c6_drivers/stm32_f103c6_drivers_EXTI.o
 .group         0x0000000000000000        0xc ./stm32_f103c6_drivers/stm32_f103c6_drivers_EXTI.o
 .group         0x0000000000000000        0xc ./stm32_f103c6_drivers/stm32_f103c6_drivers_EXTI.o
 .text          0x0000000000000000        0x0 ./stm32_f103c6_drivers/stm32_f103c6_drivers_EXTI.o
 .data          0x0000000000000000        0x0 ./stm32_f103c6_drivers/stm32_f103c6_drivers_EXTI.o
 .bss           0x0000000000000000        0x0 ./stm32_f103c6_drivers/stm32_f103c6_drivers_EXTI.o
 .text.Mcal_EXTI_GPIO_DeInit
                0x0000000000000000       0x94 ./stm32_f103c6_drivers/stm32_f103c6_drivers_EXTI.o
 .text.Mcal_EXTI_GPIO_update
                0x0000000000000000       0x16 ./stm32_f103c6_drivers/stm32_f103c6_drivers_EXTI.o
 .debug_macro   0x0000000000000000      0xa72 ./stm32_f103c6_drivers/stm32_f103c6_drivers_EXTI.o
 .debug_macro   0x0000000000000000       0x18 ./stm32_f103c6_drivers/stm32_f103c6_drivers_EXTI.o
 .debug_macro   0x0000000000000000       0x22 ./stm32_f103c6_drivers/stm32_f103c6_drivers_EXTI.o
 .debug_macro   0x0000000000000000       0x4c ./stm32_f103c6_drivers/stm32_f103c6_drivers_EXTI.o
 .debug_macro   0x0000000000000000       0x94 ./stm32_f103c6_drivers/stm32_f103c6_drivers_EXTI.o
 .debug_macro   0x0000000000000000       0x3c ./stm32_f103c6_drivers/stm32_f103c6_drivers_EXTI.o
 .debug_macro   0x0000000000000000       0x34 ./stm32_f103c6_drivers/stm32_f103c6_drivers_EXTI.o
 .debug_macro   0x0000000000000000       0x16 ./stm32_f103c6_drivers/stm32_f103c6_drivers_EXTI.o
 .debug_macro   0x0000000000000000      0x10e ./stm32_f103c6_drivers/stm32_f103c6_drivers_EXTI.o
 .debug_macro   0x0000000000000000       0x8d ./stm32_f103c6_drivers/stm32_f103c6_drivers_EXTI.o
 .debug_macro   0x0000000000000000       0x16 ./stm32_f103c6_drivers/stm32_f103c6_drivers_EXTI.o
 .debug_macro   0x0000000000000000       0x43 ./stm32_f103c6_drivers/stm32_f103c6_drivers_EXTI.o
 .debug_macro   0x0000000000000000       0x57 ./stm32_f103c6_drivers/stm32_f103c6_drivers_EXTI.o
 .debug_macro   0x0000000000000000       0x34 ./stm32_f103c6_drivers/stm32_f103c6_drivers_EXTI.o
 .debug_macro   0x0000000000000000       0x10 ./stm32_f103c6_drivers/stm32_f103c6_drivers_EXTI.o
 .debug_macro   0x0000000000000000       0x58 ./stm32_f103c6_drivers/stm32_f103c6_drivers_EXTI.o
 .debug_macro   0x0000000000000000       0x71 ./stm32_f103c6_drivers/stm32_f103c6_drivers_EXTI.o
 .debug_macro   0x0000000000000000       0x1c ./stm32_f103c6_drivers/stm32_f103c6_drivers_EXTI.o
 .debug_macro   0x0000000000000000      0x12a ./stm32_f103c6_drivers/stm32_f103c6_drivers_EXTI.o
 .debug_macro   0x0000000000000000      0x341 ./stm32_f103c6_drivers/stm32_f103c6_drivers_EXTI.o
 .debug_macro   0x0000000000000000       0x16 ./stm32_f103c6_drivers/stm32_f103c6_drivers_EXTI.o
 .debug_macro   0x0000000000000000       0x29 ./stm32_f103c6_drivers/stm32_f103c6_drivers_EXTI.o
 .debug_macro   0x0000000000000000      0x103 ./stm32_f103c6_drivers/stm32_f103c6_drivers_EXTI.o
 .debug_macro   0x0000000000000000       0x6a ./stm32_f103c6_drivers/stm32_f103c6_drivers_EXTI.o
 .debug_macro   0x0000000000000000      0x1df ./stm32_f103c6_drivers/stm32_f103c6_drivers_EXTI.o
 .debug_macro   0x0000000000000000      0x2a9 ./stm32_f103c6_drivers/stm32_f103c6_drivers_EXTI.o
 .debug_macro   0x0000000000000000      0x2b4 ./stm32_f103c6_drivers/stm32_f103c6_drivers_EXTI.o
 .group         0x0000000000000000        0xc ./stm32_f103c6_drivers/stm32_f103c6_drivers_RCC.o
 .group         0x0000000000000000        0xc ./stm32_f103c6_drivers/stm32_f103c6_drivers_RCC.o
 .group         0x0000000000000000        0xc ./stm32_f103c6_drivers/stm32_f103c6_drivers_RCC.o
 .group         0x0000000000000000        0xc ./stm32_f103c6_drivers/stm32_f103c6_drivers_RCC.o
 .group         0x0000000000000000        0xc ./stm32_f103c6_drivers/stm32_f103c6_drivers_RCC.o
 .group         0x0000000000000000        0xc ./stm32_f103c6_drivers/stm32_f103c6_drivers_RCC.o
 .group         0x0000000000000000        0xc ./stm32_f103c6_drivers/stm32_f103c6_drivers_RCC.o
 .group         0x0000000000000000        0xc ./stm32_f103c6_drivers/stm32_f103c6_drivers_RCC.o
 .group         0x0000000000000000        0xc ./stm32_f103c6_drivers/stm32_f103c6_drivers_RCC.o
 .group         0x0000000000000000        0xc ./stm32_f103c6_drivers/stm32_f103c6_drivers_RCC.o
 .group         0x0000000000000000        0xc ./stm32_f103c6_drivers/stm32_f103c6_drivers_RCC.o
 .group         0x0000000000000000        0xc ./stm32_f103c6_drivers/stm32_f103c6_drivers_RCC.o
 .group         0x0000000000000000        0xc ./stm32_f103c6_drivers/stm32_f103c6_drivers_RCC.o
 .group         0x0000000000000000        0xc ./stm32_f103c6_drivers/stm32_f103c6_drivers_RCC.o
 .group         0x0000000000000000        0xc ./stm32_f103c6_drivers/stm32_f103c6_drivers_RCC.o
 .group         0x0000000000000000        0xc ./stm32_f103c6_drivers/stm32_f103c6_drivers_RCC.o
 .group         0x0000000000000000        0xc ./stm32_f103c6_drivers/stm32_f103c6_drivers_RCC.o
 .group         0x0000000000000000        0xc ./stm32_f103c6_drivers/stm32_f103c6_drivers_RCC.o
 .group         0x0000000000000000        0xc ./stm32_f103c6_drivers/stm32_f103c6_drivers_RCC.o
 .group         0x0000000000000000        0xc ./stm32_f103c6_drivers/stm32_f103c6_drivers_RCC.o
 .group         0x0000000000000000        0xc ./stm32_f103c6_drivers/stm32_f103c6_drivers_RCC.o
 .group         0x0000000000000000        0xc ./stm32_f103c6_drivers/stm32_f103c6_drivers_RCC.o
 .group         0x0000000000000000        0xc ./stm32_f103c6_drivers/stm32_f103c6_drivers_RCC.o
 .group         0x0000000000000000        0xc ./stm32_f103c6_drivers/stm32_f103c6_drivers_RCC.o
 .group         0x0000000000000000        0xc ./stm32_f103c6_drivers/stm32_f103c6_drivers_RCC.o
 .group         0x0000000000000000        0xc ./stm32_f103c6_drivers/stm32_f103c6_drivers_RCC.o
 .group         0x0000000000000000        0xc ./stm32_f103c6_drivers/stm32_f103c6_drivers_RCC.o
 .group         0x0000000000000000        0xc ./stm32_f103c6_drivers/stm32_f103c6_drivers_RCC.o
 .text          0x0000000000000000        0x0 ./stm32_f103c6_drivers/stm32_f103c6_drivers_RCC.o
 .data          0x0000000000000000        0x0 ./stm32_f103c6_drivers/stm32_f103c6_drivers_RCC.o
 .bss           0x0000000000000000        0x0 ./stm32_f103c6_drivers/stm32_f103c6_drivers_RCC.o
 .data.AHP_pre  0x0000000000000000       0x40 ./stm32_f103c6_drivers/stm32_f103c6_drivers_RCC.o
 .data.APB1_pre
                0x0000000000000000       0x20 ./stm32_f103c6_drivers/stm32_f103c6_drivers_RCC.o
 .text.Mcal_Get_SYSCLK_frq
                0x0000000000000000       0x3c ./stm32_f103c6_drivers/stm32_f103c6_drivers_RCC.o
 .text.Mcal_Get_HCLK_frq
                0x0000000000000000       0x2c ./stm32_f103c6_drivers/stm32_f103c6_drivers_RCC.o
 .text.Mcal_Get_PCLK1_frq
                0x0000000000000000       0x2c ./stm32_f103c6_drivers/stm32_f103c6_drivers_RCC.o
 .text.Mcal_Get_PCLK2_frq
                0x0000000000000000       0x2c ./stm32_f103c6_drivers/stm32_f103c6_drivers_RCC.o
 .debug_info    0x0000000000000000      0x216 ./stm32_f103c6_drivers/stm32_f103c6_drivers_RCC.o
 .debug_abbrev  0x0000000000000000       0xcf ./stm32_f103c6_drivers/stm32_f103c6_drivers_RCC.o
 .debug_loc     0x0000000000000000       0xc8 ./stm32_f103c6_drivers/stm32_f103c6_drivers_RCC.o
 .debug_aranges
                0x0000000000000000       0x38 ./stm32_f103c6_drivers/stm32_f103c6_drivers_RCC.o
 .debug_ranges  0x0000000000000000       0x28 ./stm32_f103c6_drivers/stm32_f103c6_drivers_RCC.o
 .debug_macro   0x0000000000000000      0x15d ./stm32_f103c6_drivers/stm32_f103c6_drivers_RCC.o
 .debug_macro   0x0000000000000000      0xa72 ./stm32_f103c6_drivers/stm32_f103c6_drivers_RCC.o
 .debug_macro   0x0000000000000000       0x18 ./stm32_f103c6_drivers/stm32_f103c6_drivers_RCC.o
 .debug_macro   0x0000000000000000       0x22 ./stm32_f103c6_drivers/stm32_f103c6_drivers_RCC.o
 .debug_macro   0x0000000000000000       0x4c ./stm32_f103c6_drivers/stm32_f103c6_drivers_RCC.o
 .debug_macro   0x0000000000000000       0x94 ./stm32_f103c6_drivers/stm32_f103c6_drivers_RCC.o
 .debug_macro   0x0000000000000000       0x3c ./stm32_f103c6_drivers/stm32_f103c6_drivers_RCC.o
 .debug_macro   0x0000000000000000       0x34 ./stm32_f103c6_drivers/stm32_f103c6_drivers_RCC.o
 .debug_macro   0x0000000000000000       0x16 ./stm32_f103c6_drivers/stm32_f103c6_drivers_RCC.o
 .debug_macro   0x0000000000000000      0x10e ./stm32_f103c6_drivers/stm32_f103c6_drivers_RCC.o
 .debug_macro   0x0000000000000000       0x8d ./stm32_f103c6_drivers/stm32_f103c6_drivers_RCC.o
 .debug_macro   0x0000000000000000       0x16 ./stm32_f103c6_drivers/stm32_f103c6_drivers_RCC.o
 .debug_macro   0x0000000000000000       0x43 ./stm32_f103c6_drivers/stm32_f103c6_drivers_RCC.o
 .debug_macro   0x0000000000000000       0x57 ./stm32_f103c6_drivers/stm32_f103c6_drivers_RCC.o
 .debug_macro   0x0000000000000000       0x34 ./stm32_f103c6_drivers/stm32_f103c6_drivers_RCC.o
 .debug_macro   0x0000000000000000       0x10 ./stm32_f103c6_drivers/stm32_f103c6_drivers_RCC.o
 .debug_macro   0x0000000000000000       0x58 ./stm32_f103c6_drivers/stm32_f103c6_drivers_RCC.o
 .debug_macro   0x0000000000000000       0x71 ./stm32_f103c6_drivers/stm32_f103c6_drivers_RCC.o
 .debug_macro   0x0000000000000000       0x1c ./stm32_f103c6_drivers/stm32_f103c6_drivers_RCC.o
 .debug_macro   0x0000000000000000      0x12a ./stm32_f103c6_drivers/stm32_f103c6_drivers_RCC.o
 .debug_macro   0x0000000000000000      0x341 ./stm32_f103c6_drivers/stm32_f103c6_drivers_RCC.o
 .debug_macro   0x0000000000000000       0x16 ./stm32_f103c6_drivers/stm32_f103c6_drivers_RCC.o
 .debug_macro   0x0000000000000000       0x29 ./stm32_f103c6_drivers/stm32_f103c6_drivers_RCC.o
 .debug_macro   0x0000000000000000      0x103 ./stm32_f103c6_drivers/stm32_f103c6_drivers_RCC.o
 .debug_macro   0x0000000000000000       0x6a ./stm32_f103c6_drivers/stm32_f103c6_drivers_RCC.o
 .debug_macro   0x0000000000000000      0x1df ./stm32_f103c6_drivers/stm32_f103c6_drivers_RCC.o
 .debug_macro   0x0000000000000000      0x2a9 ./stm32_f103c6_drivers/stm32_f103c6_drivers_RCC.o
 .debug_macro   0x0000000000000000       0xca ./stm32_f103c6_drivers/stm32_f103c6_drivers_RCC.o
 .debug_macro   0x0000000000000000       0x16 ./stm32_f103c6_drivers/stm32_f103c6_drivers_RCC.o
 .debug_line    0x0000000000000000      0x78c ./stm32_f103c6_drivers/stm32_f103c6_drivers_RCC.o
 .debug_str     0x0000000000000000     0x8181 ./stm32_f103c6_drivers/stm32_f103c6_drivers_RCC.o
 .comment       0x0000000000000000       0x51 ./stm32_f103c6_drivers/stm32_f103c6_drivers_RCC.o
 .debug_frame   0x0000000000000000       0x84 ./stm32_f103c6_drivers/stm32_f103c6_drivers_RCC.o
 .ARM.attributes
                0x0000000000000000       0x2d ./stm32_f103c6_drivers/stm32_f103c6_drivers_RCC.o
 .group         0x0000000000000000        0xc ./stm32_f103c6_drivers/stm32_f103c6_drivers_SPI.o
 .text          0x0000000000000000        0x0 ./stm32_f103c6_drivers/stm32_f103c6_drivers_SPI.o
 .data          0x0000000000000000        0x0 ./stm32_f103c6_drivers/stm32_f103c6_drivers_SPI.o
 .bss           0x0000000000000000        0x0 ./stm32_f103c6_drivers/stm32_f103c6_drivers_SPI.o
 .debug_info    0x0000000000000000       0x21 ./stm32_f103c6_drivers/stm32_f103c6_drivers_SPI.o
 .debug_abbrev  0x0000000000000000       0x13 ./stm32_f103c6_drivers/stm32_f103c6_drivers_SPI.o
 .debug_aranges
                0x0000000000000000       0x18 ./stm32_f103c6_drivers/stm32_f103c6_drivers_SPI.o
 .debug_macro   0x0000000000000000       0x11 ./stm32_f103c6_drivers/stm32_f103c6_drivers_SPI.o
 .debug_macro   0x0000000000000000      0xa72 ./stm32_f103c6_drivers/stm32_f103c6_drivers_SPI.o
 .debug_line    0x0000000000000000       0x53 ./stm32_f103c6_drivers/stm32_f103c6_drivers_SPI.o
 .debug_str     0x0000000000000000     0x2cae ./stm32_f103c6_drivers/stm32_f103c6_drivers_SPI.o
 .comment       0x0000000000000000       0x51 ./stm32_f103c6_drivers/stm32_f103c6_drivers_SPI.o
 .ARM.attributes
                0x0000000000000000       0x2d ./stm32_f103c6_drivers/stm32_f103c6_drivers_SPI.o
 .group         0x0000000000000000        0xc ./stm32_f103c6_drivers/stm32_f103c6_drivers_USART.o
 .group         0x0000000000000000        0xc ./stm32_f103c6_drivers/stm32_f103c6_drivers_USART.o
 .group         0x0000000000000000        0xc ./stm32_f103c6_drivers/stm32_f103c6_drivers_USART.o
 .group         0x0000000000000000        0xc ./stm32_f103c6_drivers/stm32_f103c6_drivers_USART.o
 .group         0x0000000000000000        0xc ./stm32_f103c6_drivers/stm32_f103c6_drivers_USART.o
 .group         0x0000000000000000        0xc ./stm32_f103c6_drivers/stm32_f103c6_drivers_USART.o
 .group         0x0000000000000000        0xc ./stm32_f103c6_drivers/stm32_f103c6_drivers_USART.o
 .group         0x0000000000000000        0xc ./stm32_f103c6_drivers/stm32_f103c6_drivers_USART.o
 .group         0x0000000000000000        0xc ./stm32_f103c6_drivers/stm32_f103c6_drivers_USART.o
 .group         0x0000000000000000        0xc ./stm32_f103c6_drivers/stm32_f103c6_drivers_USART.o
 .group         0x0000000000000000        0xc ./stm32_f103c6_drivers/stm32_f103c6_drivers_USART.o
 .group         0x0000000000000000        0xc ./stm32_f103c6_drivers/stm32_f103c6_drivers_USART.o
 .group         0x0000000000000000        0xc ./stm32_f103c6_drivers/stm32_f103c6_drivers_USART.o
 .group         0x0000000000000000        0xc ./stm32_f103c6_drivers/stm32_f103c6_drivers_USART.o
 .group         0x0000000000000000        0xc ./stm32_f103c6_drivers/stm32_f103c6_drivers_USART.o
 .group         0x0000000000000000        0xc ./stm32_f103c6_drivers/stm32_f103c6_drivers_USART.o
 .group         0x0000000000000000        0xc ./stm32_f103c6_drivers/stm32_f103c6_drivers_USART.o
 .group         0x0000000000000000        0xc ./stm32_f103c6_drivers/stm32_f103c6_drivers_USART.o
 .group         0x0000000000000000        0xc ./stm32_f103c6_drivers/stm32_f103c6_drivers_USART.o
 .group         0x0000000000000000        0xc ./stm32_f103c6_drivers/stm32_f103c6_drivers_USART.o
 .group         0x0000000000000000        0xc ./stm32_f103c6_drivers/stm32_f103c6_drivers_USART.o
 .group         0x0000000000000000        0xc ./stm32_f103c6_drivers/stm32_f103c6_drivers_USART.o
 .group         0x0000000000000000        0xc ./stm32_f103c6_drivers/stm32_f103c6_drivers_USART.o
 .group         0x0000000000000000        0xc ./stm32_f103c6_drivers/stm32_f103c6_drivers_USART.o
 .group         0x0000000000000000        0xc ./stm32_f103c6_drivers/stm32_f103c6_drivers_USART.o
 .group         0x0000000000000000        0xc ./stm32_f103c6_drivers/stm32_f103c6_drivers_USART.o
 .group         0x0000000000000000        0xc ./stm32_f103c6_drivers/stm32_f103c6_drivers_USART.o
 .group         0x0000000000000000        0xc ./stm32_f103c6_drivers/stm32_f103c6_drivers_USART.o
 .text          0x0000000000000000        0x0 ./stm32_f103c6_drivers/stm32_f103c6_drivers_USART.o
 .data          0x0000000000000000        0x0 ./stm32_f103c6_drivers/stm32_f103c6_drivers_USART.o
 .bss           0x0000000000000000        0x0 ./stm32_f103c6_drivers/stm32_f103c6_drivers_USART.o
 .debug_info    0x0000000000000000       0x76 ./stm32_f103c6_drivers/stm32_f103c6_drivers_USART.o
 .debug_abbrev  0x0000000000000000       0x29 ./stm32_f103c6_drivers/stm32_f103c6_drivers_USART.o
 .debug_aranges
                0x0000000000000000       0x18 ./stm32_f103c6_drivers/stm32_f103c6_drivers_USART.o
 .debug_macro   0x0000000000000000      0x15d ./stm32_f103c6_drivers/stm32_f103c6_drivers_USART.o
 .debug_macro   0x0000000000000000      0xa72 ./stm32_f103c6_drivers/stm32_f103c6_drivers_USART.o
 .debug_macro   0x0000000000000000       0x18 ./stm32_f103c6_drivers/stm32_f103c6_drivers_USART.o
 .debug_macro   0x0000000000000000       0x22 ./stm32_f103c6_drivers/stm32_f103c6_drivers_USART.o
 .debug_macro   0x0000000000000000       0x4c ./stm32_f103c6_drivers/stm32_f103c6_drivers_USART.o
 .debug_macro   0x0000000000000000       0x94 ./stm32_f103c6_drivers/stm32_f103c6_drivers_USART.o
 .debug_macro   0x0000000000000000       0x3c ./stm32_f103c6_drivers/stm32_f103c6_drivers_USART.o
 .debug_macro   0x0000000000000000       0x34 ./stm32_f103c6_drivers/stm32_f103c6_drivers_USART.o
 .debug_macro   0x0000000000000000       0x16 ./stm32_f103c6_drivers/stm32_f103c6_drivers_USART.o
 .debug_macro   0x0000000000000000      0x10e ./stm32_f103c6_drivers/stm32_f103c6_drivers_USART.o
 .debug_macro   0x0000000000000000       0x8d ./stm32_f103c6_drivers/stm32_f103c6_drivers_USART.o
 .debug_macro   0x0000000000000000       0x16 ./stm32_f103c6_drivers/stm32_f103c6_drivers_USART.o
 .debug_macro   0x0000000000000000       0x43 ./stm32_f103c6_drivers/stm32_f103c6_drivers_USART.o
 .debug_macro   0x0000000000000000       0x57 ./stm32_f103c6_drivers/stm32_f103c6_drivers_USART.o
 .debug_macro   0x0000000000000000       0x34 ./stm32_f103c6_drivers/stm32_f103c6_drivers_USART.o
 .debug_macro   0x0000000000000000       0x10 ./stm32_f103c6_drivers/stm32_f103c6_drivers_USART.o
 .debug_macro   0x0000000000000000       0x58 ./stm32_f103c6_drivers/stm32_f103c6_drivers_USART.o
 .debug_macro   0x0000000000000000       0x71 ./stm32_f103c6_drivers/stm32_f103c6_drivers_USART.o
 .debug_macro   0x0000000000000000       0x1c ./stm32_f103c6_drivers/stm32_f103c6_drivers_USART.o
 .debug_macro   0x0000000000000000      0x12a ./stm32_f103c6_drivers/stm32_f103c6_drivers_USART.o
 .debug_macro   0x0000000000000000      0x341 ./stm32_f103c6_drivers/stm32_f103c6_drivers_USART.o
 .debug_macro   0x0000000000000000       0x16 ./stm32_f103c6_drivers/stm32_f103c6_drivers_USART.o
 .debug_macro   0x0000000000000000       0x29 ./stm32_f103c6_drivers/stm32_f103c6_drivers_USART.o
 .debug_macro   0x0000000000000000      0x103 ./stm32_f103c6_drivers/stm32_f103c6_drivers_USART.o
 .debug_macro   0x0000000000000000       0x6a ./stm32_f103c6_drivers/stm32_f103c6_drivers_USART.o
 .debug_macro   0x0000000000000000      0x1df ./stm32_f103c6_drivers/stm32_f103c6_drivers_USART.o
 .debug_macro   0x0000000000000000      0x2a9 ./stm32_f103c6_drivers/stm32_f103c6_drivers_USART.o
 .debug_macro   0x0000000000000000       0xca ./stm32_f103c6_drivers/stm32_f103c6_drivers_USART.o
 .debug_macro   0x0000000000000000       0xb8 ./stm32_f103c6_drivers/stm32_f103c6_drivers_USART.o
 .debug_line    0x0000000000000000      0x6f2 ./stm32_f103c6_drivers/stm32_f103c6_drivers_USART.o
 .debug_str     0x0000000000000000     0x8414 ./stm32_f103c6_drivers/stm32_f103c6_drivers_USART.o
 .comment       0x0000000000000000       0x51 ./stm32_f103c6_drivers/stm32_f103c6_drivers_USART.o
 .ARM.attributes
                0x0000000000000000       0x2d ./stm32_f103c6_drivers/stm32_f103c6_drivers_USART.o
 .group         0x0000000000000000        0xc ./stm32_f103c6_drivers/stm32_f103c6_drivers_gpio.o
 .group         0x0000000000000000        0xc ./stm32_f103c6_drivers/stm32_f103c6_drivers_gpio.o
 .group         0x0000000000000000        0xc ./stm32_f103c6_drivers/stm32_f103c6_drivers_gpio.o
 .group         0x0000000000000000        0xc ./stm32_f103c6_drivers/stm32_f103c6_drivers_gpio.o
 .group         0x0000000000000000        0xc ./stm32_f103c6_drivers/stm32_f103c6_drivers_gpio.o
 .group         0x0000000000000000        0xc ./stm32_f103c6_drivers/stm32_f103c6_drivers_gpio.o
 .group         0x0000000000000000        0xc ./stm32_f103c6_drivers/stm32_f103c6_drivers_gpio.o
 .group         0x0000000000000000        0xc ./stm32_f103c6_drivers/stm32_f103c6_drivers_gpio.o
 .group         0x0000000000000000        0xc ./stm32_f103c6_drivers/stm32_f103c6_drivers_gpio.o
 .group         0x0000000000000000        0xc ./stm32_f103c6_drivers/stm32_f103c6_drivers_gpio.o
 .group         0x0000000000000000        0xc ./stm32_f103c6_drivers/stm32_f103c6_drivers_gpio.o
 .group         0x0000000000000000        0xc ./stm32_f103c6_drivers/stm32_f103c6_drivers_gpio.o
 .group         0x0000000000000000        0xc ./stm32_f103c6_drivers/stm32_f103c6_drivers_gpio.o
 .group         0x0000000000000000        0xc ./stm32_f103c6_drivers/stm32_f103c6_drivers_gpio.o
 .group         0x0000000000000000        0xc ./stm32_f103c6_drivers/stm32_f103c6_drivers_gpio.o
 .group         0x0000000000000000        0xc ./stm32_f103c6_drivers/stm32_f103c6_drivers_gpio.o
 .group         0x0000000000000000        0xc ./stm32_f103c6_drivers/stm32_f103c6_drivers_gpio.o
 .group         0x0000000000000000        0xc ./stm32_f103c6_drivers/stm32_f103c6_drivers_gpio.o
 .group         0x0000000000000000        0xc ./stm32_f103c6_drivers/stm32_f103c6_drivers_gpio.o
 .group         0x0000000000000000        0xc ./stm32_f103c6_drivers/stm32_f103c6_drivers_gpio.o
 .group         0x0000000000000000        0xc ./stm32_f103c6_drivers/stm32_f103c6_drivers_gpio.o
 .group         0x0000000000000000        0xc ./stm32_f103c6_drivers/stm32_f103c6_drivers_gpio.o
 .group         0x0000000000000000        0xc ./stm32_f103c6_drivers/stm32_f103c6_drivers_gpio.o
 .group         0x0000000000000000        0xc ./stm32_f103c6_drivers/stm32_f103c6_drivers_gpio.o
 .group         0x0000000000000000        0xc ./stm32_f103c6_drivers/stm32_f103c6_drivers_gpio.o
 .group         0x0000000000000000        0xc ./stm32_f103c6_drivers/stm32_f103c6_drivers_gpio.o
 .group         0x0000000000000000        0xc ./stm32_f103c6_drivers/stm32_f103c6_drivers_gpio.o
 .group         0x0000000000000000        0xc ./stm32_f103c6_drivers/stm32_f103c6_drivers_gpio.o
 .text          0x0000000000000000        0x0 ./stm32_f103c6_drivers/stm32_f103c6_drivers_gpio.o
 .data          0x0000000000000000        0x0 ./stm32_f103c6_drivers/stm32_f103c6_drivers_gpio.o
 .bss           0x0000000000000000        0x0 ./stm32_f103c6_drivers/stm32_f103c6_drivers_gpio.o
 .text.MCAL_GPIO_DeInit
                0x0000000000000000       0xcc ./stm32_f103c6_drivers/stm32_f103c6_drivers_gpio.o
 .text.MCAL_GPIO_ReadPin
                0x0000000000000000       0x2e ./stm32_f103c6_drivers/stm32_f103c6_drivers_gpio.o
 .text.MCAL_GPIO_ReadPort
                0x0000000000000000       0x1a ./stm32_f103c6_drivers/stm32_f103c6_drivers_gpio.o
 .text.MCAL_GPIO_WritePort
                0x0000000000000000       0x1c ./stm32_f103c6_drivers/stm32_f103c6_drivers_gpio.o
 .text.MCAL_GPIO_WritePin
                0x0000000000000000       0x2e ./stm32_f103c6_drivers/stm32_f103c6_drivers_gpio.o
 .text.MCAL_GPIO_TogglePin
                0x0000000000000000       0x22 ./stm32_f103c6_drivers/stm32_f103c6_drivers_gpio.o
 .debug_macro   0x0000000000000000      0xa72 ./stm32_f103c6_drivers/stm32_f103c6_drivers_gpio.o
 .debug_macro   0x0000000000000000       0x16 ./stm32_f103c6_drivers/stm32_f103c6_drivers_gpio.o
 .debug_macro   0x0000000000000000       0x18 ./stm32_f103c6_drivers/stm32_f103c6_drivers_gpio.o
 .debug_macro   0x0000000000000000       0x22 ./stm32_f103c6_drivers/stm32_f103c6_drivers_gpio.o
 .debug_macro   0x0000000000000000       0x4c ./stm32_f103c6_drivers/stm32_f103c6_drivers_gpio.o
 .debug_macro   0x0000000000000000       0x94 ./stm32_f103c6_drivers/stm32_f103c6_drivers_gpio.o
 .debug_macro   0x0000000000000000       0x3c ./stm32_f103c6_drivers/stm32_f103c6_drivers_gpio.o
 .debug_macro   0x0000000000000000       0x34 ./stm32_f103c6_drivers/stm32_f103c6_drivers_gpio.o
 .debug_macro   0x0000000000000000       0x16 ./stm32_f103c6_drivers/stm32_f103c6_drivers_gpio.o
 .debug_macro   0x0000000000000000      0x10e ./stm32_f103c6_drivers/stm32_f103c6_drivers_gpio.o
 .debug_macro   0x0000000000000000       0x8d ./stm32_f103c6_drivers/stm32_f103c6_drivers_gpio.o
 .debug_macro   0x0000000000000000       0x16 ./stm32_f103c6_drivers/stm32_f103c6_drivers_gpio.o
 .debug_macro   0x0000000000000000       0x43 ./stm32_f103c6_drivers/stm32_f103c6_drivers_gpio.o
 .debug_macro   0x0000000000000000       0x57 ./stm32_f103c6_drivers/stm32_f103c6_drivers_gpio.o
 .debug_macro   0x0000000000000000       0x34 ./stm32_f103c6_drivers/stm32_f103c6_drivers_gpio.o
 .debug_macro   0x0000000000000000       0x10 ./stm32_f103c6_drivers/stm32_f103c6_drivers_gpio.o
 .debug_macro   0x0000000000000000       0x58 ./stm32_f103c6_drivers/stm32_f103c6_drivers_gpio.o
 .debug_macro   0x0000000000000000       0x71 ./stm32_f103c6_drivers/stm32_f103c6_drivers_gpio.o
 .debug_macro   0x0000000000000000       0x1c ./stm32_f103c6_drivers/stm32_f103c6_drivers_gpio.o
 .debug_macro   0x0000000000000000      0x12a ./stm32_f103c6_drivers/stm32_f103c6_drivers_gpio.o
 .debug_macro   0x0000000000000000      0x341 ./stm32_f103c6_drivers/stm32_f103c6_drivers_gpio.o
 .debug_macro   0x0000000000000000       0x16 ./stm32_f103c6_drivers/stm32_f103c6_drivers_gpio.o
 .debug_macro   0x0000000000000000       0x29 ./stm32_f103c6_drivers/stm32_f103c6_drivers_gpio.o
 .debug_macro   0x0000000000000000      0x103 ./stm32_f103c6_drivers/stm32_f103c6_drivers_gpio.o
 .debug_macro   0x0000000000000000       0x6a ./stm32_f103c6_drivers/stm32_f103c6_drivers_gpio.o
 .debug_macro   0x0000000000000000      0x1df ./stm32_f103c6_drivers/stm32_f103c6_drivers_gpio.o
 .debug_macro   0x0000000000000000      0x2a9 ./stm32_f103c6_drivers/stm32_f103c6_drivers_gpio.o
 .debug_macro   0x0000000000000000       0xb8 ./stm32_f103c6_drivers/stm32_f103c6_drivers_gpio.o
 .group         0x0000000000000000        0xc ./stm32_f103c6_drivers/stm32_f103c6_drivers_timers.o
 .text          0x0000000000000000        0x0 ./stm32_f103c6_drivers/stm32_f103c6_drivers_timers.o
 .data          0x0000000000000000        0x0 ./stm32_f103c6_drivers/stm32_f103c6_drivers_timers.o
 .bss           0x0000000000000000        0x0 ./stm32_f103c6_drivers/stm32_f103c6_drivers_timers.o
 .debug_info    0x0000000000000000       0x21 ./stm32_f103c6_drivers/stm32_f103c6_drivers_timers.o
 .debug_abbrev  0x0000000000000000       0x13 ./stm32_f103c6_drivers/stm32_f103c6_drivers_timers.o
 .debug_aranges
                0x0000000000000000       0x18 ./stm32_f103c6_drivers/stm32_f103c6_drivers_timers.o
 .debug_macro   0x0000000000000000       0x11 ./stm32_f103c6_drivers/stm32_f103c6_drivers_timers.o
 .debug_macro   0x0000000000000000      0xa72 ./stm32_f103c6_drivers/stm32_f103c6_drivers_timers.o
 .debug_line    0x0000000000000000       0x56 ./stm32_f103c6_drivers/stm32_f103c6_drivers_timers.o
 .debug_str     0x0000000000000000     0x2cb1 ./stm32_f103c6_drivers/stm32_f103c6_drivers_timers.o
 .comment       0x0000000000000000       0x51 ./stm32_f103c6_drivers/stm32_f103c6_drivers_timers.o
 .ARM.attributes
                0x0000000000000000       0x2d ./stm32_f103c6_drivers/stm32_f103c6_drivers_timers.o
 .text          0x0000000000000000        0x0 g:/en.st-stm32cubeide_1.4.0_7511_20200720_0928_x86_64_exe/stm32cubeide_1.4.0/stm32cubeide/plugins/com.st.stm32cube.ide.mcu.externaltools.gnu-tools-for-stm32.10.3-2021.10.win32_1.0.200.202301161003/tools/bin/../lib/gcc/arm-none-eabi/10.3.1/../../../../arm-none-eabi/lib/thumb/v7-m/nofp\libc_nano.a(lib_a-errno.o)
 .data          0x0000000000000000        0x0 g:/en.st-stm32cubeide_1.4.0_7511_20200720_0928_x86_64_exe/stm32cubeide_1.4.0/stm32cubeide/plugins/com.st.stm32cube.ide.mcu.externaltools.gnu-tools-for-stm32.10.3-2021.10.win32_1.0.200.202301161003/tools/bin/../lib/gcc/arm-none-eabi/10.3.1/../../../../arm-none-eabi/lib/thumb/v7-m/nofp\libc_nano.a(lib_a-errno.o)
 .bss           0x0000000000000000        0x0 g:/en.st-stm32cubeide_1.4.0_7511_20200720_0928_x86_64_exe/stm32cubeide_1.4.0/stm32cubeide/plugins/com.st.stm32cube.ide.mcu.externaltools.gnu-tools-for-stm32.10.3-2021.10.win32_1.0.200.202301161003/tools/bin/../lib/gcc/arm-none-eabi/10.3.1/../../../../arm-none-eabi/lib/thumb/v7-m/nofp\libc_nano.a(lib_a-errno.o)
 .text.__errno  0x0000000000000000        0xc g:/en.st-stm32cubeide_1.4.0_7511_20200720_0928_x86_64_exe/stm32cubeide_1.4.0/stm32cubeide/plugins/com.st.stm32cube.ide.mcu.externaltools.gnu-tools-for-stm32.10.3-2021.10.win32_1.0.200.202301161003/tools/bin/../lib/gcc/arm-none-eabi/10.3.1/../../../../arm-none-eabi/lib/thumb/v7-m/nofp\libc_nano.a(lib_a-errno.o)
 .debug_frame   0x0000000000000000       0x20 g:/en.st-stm32cubeide_1.4.0_7511_20200720_0928_x86_64_exe/stm32cubeide_1.4.0/stm32cubeide/plugins/com.st.stm32cube.ide.mcu.externaltools.gnu-tools-for-stm32.10.3-2021.10.win32_1.0.200.202301161003/tools/bin/../lib/gcc/arm-none-eabi/10.3.1/../../../../arm-none-eabi/lib/thumb/v7-m/nofp\libc_nano.a(lib_a-errno.o)
 .ARM.attributes
                0x0000000000000000       0x2d g:/en.st-stm32cubeide_1.4.0_7511_20200720_0928_x86_64_exe/stm32cubeide_1.4.0/stm32cubeide/plugins/com.st.stm32cube.ide.mcu.externaltools.gnu-tools-for-stm32.10.3-2021.10.win32_1.0.200.202301161003/tools/bin/../lib/gcc/arm-none-eabi/10.3.1/../../../../arm-none-eabi/lib/thumb/v7-m/nofp\libc_nano.a(lib_a-errno.o)
 .text          0x0000000000000000        0x0 g:/en.st-stm32cubeide_1.4.0_7511_20200720_0928_x86_64_exe/stm32cubeide_1.4.0/stm32cubeide/plugins/com.st.stm32cube.ide.mcu.externaltools.gnu-tools-for-stm32.10.3-2021.10.win32_1.0.200.202301161003/tools/bin/../lib/gcc/arm-none-eabi/10.3.1/../../../../arm-none-eabi/lib/thumb/v7-m/nofp\libc_nano.a(lib_a-exit.o)
 .data          0x0000000000000000        0x0 g:/en.st-stm32cubeide_1.4.0_7511_20200720_0928_x86_64_exe/stm32cubeide_1.4.0/stm32cubeide/plugins/com.st.stm32cube.ide.mcu.externaltools.gnu-tools-for-stm32.10.3-2021.10.win32_1.0.200.202301161003/tools/bin/../lib/gcc/arm-none-eabi/10.3.1/../../../../arm-none-eabi/lib/thumb/v7-m/nofp\libc_nano.a(lib_a-exit.o)
 .bss           0x0000000000000000        0x0 g:/en.st-stm32cubeide_1.4.0_7511_20200720_0928_x86_64_exe/stm32cubeide_1.4.0/stm32cubeide/plugins/com.st.stm32cube.ide.mcu.externaltools.gnu-tools-for-stm32.10.3-2021.10.win32_1.0.200.202301161003/tools/bin/../lib/gcc/arm-none-eabi/10.3.1/../../../../arm-none-eabi/lib/thumb/v7-m/nofp\libc_nano.a(lib_a-exit.o)
 .text.exit     0x0000000000000000       0x28 g:/en.st-stm32cubeide_1.4.0_7511_20200720_0928_x86_64_exe/stm32cubeide_1.4.0/stm32cubeide/plugins/com.st.stm32cube.ide.mcu.externaltools.gnu-tools-for-stm32.10.3-2021.10.win32_1.0.200.202301161003/tools/bin/../lib/gcc/arm-none-eabi/10.3.1/../../../../arm-none-eabi/lib/thumb/v7-m/nofp\libc_nano.a(lib_a-exit.o)
 .debug_frame   0x0000000000000000       0x28 g:/en.st-stm32cubeide_1.4.0_7511_20200720_0928_x86_64_exe/stm32cubeide_1.4.0/stm32cubeide/plugins/com.st.stm32cube.ide.mcu.externaltools.gnu-tools-for-stm32.10.3-2021.10.win32_1.0.200.202301161003/tools/bin/../lib/gcc/arm-none-eabi/10.3.1/../../../../arm-none-eabi/lib/thumb/v7-m/nofp\libc_nano.a(lib_a-exit.o)
 .ARM.attributes
                0x0000000000000000       0x2d g:/en.st-stm32cubeide_1.4.0_7511_20200720_0928_x86_64_exe/stm32cubeide_1.4.0/stm32cubeide/plugins/com.st.stm32cube.ide.mcu.externaltools.gnu-tools-for-stm32.10.3-2021.10.win32_1.0.200.202301161003/tools/bin/../lib/gcc/arm-none-eabi/10.3.1/../../../../arm-none-eabi/lib/thumb/v7-m/nofp\libc_nano.a(lib_a-exit.o)
 .text          0x0000000000000000        0x0 g:/en.st-stm32cubeide_1.4.0_7511_20200720_0928_x86_64_exe/stm32cubeide_1.4.0/stm32cubeide/plugins/com.st.stm32cube.ide.mcu.externaltools.gnu-tools-for-stm32.10.3-2021.10.win32_1.0.200.202301161003/tools/bin/../lib/gcc/arm-none-eabi/10.3.1/../../../../arm-none-eabi/lib/thumb/v7-m/nofp\libc_nano.a(lib_a-impure.o)
 .data          0x0000000000000000        0x0 g:/en.st-stm32cubeide_1.4.0_7511_20200720_0928_x86_64_exe/stm32cubeide_1.4.0/stm32cubeide/plugins/com.st.stm32cube.ide.mcu.externaltools.gnu-tools-for-stm32.10.3-2021.10.win32_1.0.200.202301161003/tools/bin/../lib/gcc/arm-none-eabi/10.3.1/../../../../arm-none-eabi/lib/thumb/v7-m/nofp\libc_nano.a(lib_a-impure.o)
 .bss           0x0000000000000000        0x0 g:/en.st-stm32cubeide_1.4.0_7511_20200720_0928_x86_64_exe/stm32cubeide_1.4.0/stm32cubeide/plugins/com.st.stm32cube.ide.mcu.externaltools.gnu-tools-for-stm32.10.3-2021.10.win32_1.0.200.202301161003/tools/bin/../lib/gcc/arm-none-eabi/10.3.1/../../../../arm-none-eabi/lib/thumb/v7-m/nofp\libc_nano.a(lib_a-impure.o)
 .data._impure_ptr
                0x0000000000000000        0x4 g:/en.st-stm32cubeide_1.4.0_7511_20200720_0928_x86_64_exe/stm32cubeide_1.4.0/stm32cubeide/plugins/com.st.stm32cube.ide.mcu.externaltools.gnu-tools-for-stm32.10.3-2021.10.win32_1.0.200.202301161003/tools/bin/../lib/gcc/arm-none-eabi/10.3.1/../../../../arm-none-eabi/lib/thumb/v7-m/nofp\libc_nano.a(lib_a-impure.o)
 .data.impure_data
                0x0000000000000000       0x60 g:/en.st-stm32cubeide_1.4.0_7511_20200720_0928_x86_64_exe/stm32cubeide_1.4.0/stm32cubeide/plugins/com.st.stm32cube.ide.mcu.externaltools.gnu-tools-for-stm32.10.3-2021.10.win32_1.0.200.202301161003/tools/bin/../lib/gcc/arm-none-eabi/10.3.1/../../../../arm-none-eabi/lib/thumb/v7-m/nofp\libc_nano.a(lib_a-impure.o)
 .rodata._global_impure_ptr
                0x0000000000000000        0x4 g:/en.st-stm32cubeide_1.4.0_7511_20200720_0928_x86_64_exe/stm32cubeide_1.4.0/stm32cubeide/plugins/com.st.stm32cube.ide.mcu.externaltools.gnu-tools-for-stm32.10.3-2021.10.win32_1.0.200.202301161003/tools/bin/../lib/gcc/arm-none-eabi/10.3.1/../../../../arm-none-eabi/lib/thumb/v7-m/nofp\libc_nano.a(lib_a-impure.o)
 .ARM.attributes
                0x0000000000000000       0x2d g:/en.st-stm32cubeide_1.4.0_7511_20200720_0928_x86_64_exe/stm32cubeide_1.4.0/stm32cubeide/plugins/com.st.stm32cube.ide.mcu.externaltools.gnu-tools-for-stm32.10.3-2021.10.win32_1.0.200.202301161003/tools/bin/../lib/gcc/arm-none-eabi/10.3.1/../../../../arm-none-eabi/lib/thumb/v7-m/nofp\libc_nano.a(lib_a-impure.o)
 .text          0x0000000000000000        0x0 g:/en.st-stm32cubeide_1.4.0_7511_20200720_0928_x86_64_exe/stm32cubeide_1.4.0/stm32cubeide/plugins/com.st.stm32cube.ide.mcu.externaltools.gnu-tools-for-stm32.10.3-2021.10.win32_1.0.200.202301161003/tools/bin/../lib/gcc/arm-none-eabi/10.3.1/../../../../arm-none-eabi/lib/thumb/v7-m/nofp\libc_nano.a(lib_a-init.o)
 .data          0x0000000000000000        0x0 g:/en.st-stm32cubeide_1.4.0_7511_20200720_0928_x86_64_exe/stm32cubeide_1.4.0/stm32cubeide/plugins/com.st.stm32cube.ide.mcu.externaltools.gnu-tools-for-stm32.10.3-2021.10.win32_1.0.200.202301161003/tools/bin/../lib/gcc/arm-none-eabi/10.3.1/../../../../arm-none-eabi/lib/thumb/v7-m/nofp\libc_nano.a(lib_a-init.o)
 .bss           0x0000000000000000        0x0 g:/en.st-stm32cubeide_1.4.0_7511_20200720_0928_x86_64_exe/stm32cubeide_1.4.0/stm32cubeide/plugins/com.st.stm32cube.ide.mcu.externaltools.gnu-tools-for-stm32.10.3-2021.10.win32_1.0.200.202301161003/tools/bin/../lib/gcc/arm-none-eabi/10.3.1/../../../../arm-none-eabi/lib/thumb/v7-m/nofp\libc_nano.a(lib_a-init.o)
 .text          0x0000000000000000        0x0 g:/en.st-stm32cubeide_1.4.0_7511_20200720_0928_x86_64_exe/stm32cubeide_1.4.0/stm32cubeide/plugins/com.st.stm32cube.ide.mcu.externaltools.gnu-tools-for-stm32.10.3-2021.10.win32_1.0.200.202301161003/tools/bin/../lib/gcc/arm-none-eabi/10.3.1/../../../../arm-none-eabi/lib/thumb/v7-m/nofp\libc_nano.a(lib_a-memset.o)
 .data          0x0000000000000000        0x0 g:/en.st-stm32cubeide_1.4.0_7511_20200720_0928_x86_64_exe/stm32cubeide_1.4.0/stm32cubeide/plugins/com.st.stm32cube.ide.mcu.externaltools.gnu-tools-for-stm32.10.3-2021.10.win32_1.0.200.202301161003/tools/bin/../lib/gcc/arm-none-eabi/10.3.1/../../../../arm-none-eabi/lib/thumb/v7-m/nofp\libc_nano.a(lib_a-memset.o)
 .bss           0x0000000000000000        0x0 g:/en.st-stm32cubeide_1.4.0_7511_20200720_0928_x86_64_exe/stm32cubeide_1.4.0/stm32cubeide/plugins/com.st.stm32cube.ide.mcu.externaltools.gnu-tools-for-stm32.10.3-2021.10.win32_1.0.200.202301161003/tools/bin/../lib/gcc/arm-none-eabi/10.3.1/../../../../arm-none-eabi/lib/thumb/v7-m/nofp\libc_nano.a(lib_a-memset.o)
 .text.memset   0x0000000000000000       0x10 g:/en.st-stm32cubeide_1.4.0_7511_20200720_0928_x86_64_exe/stm32cubeide_1.4.0/stm32cubeide/plugins/com.st.stm32cube.ide.mcu.externaltools.gnu-tools-for-stm32.10.3-2021.10.win32_1.0.200.202301161003/tools/bin/../lib/gcc/arm-none-eabi/10.3.1/../../../../arm-none-eabi/lib/thumb/v7-m/nofp\libc_nano.a(lib_a-memset.o)
 .debug_frame   0x0000000000000000       0x20 g:/en.st-stm32cubeide_1.4.0_7511_20200720_0928_x86_64_exe/stm32cubeide_1.4.0/stm32cubeide/plugins/com.st.stm32cube.ide.mcu.externaltools.gnu-tools-for-stm32.10.3-2021.10.win32_1.0.200.202301161003/tools/bin/../lib/gcc/arm-none-eabi/10.3.1/../../../../arm-none-eabi/lib/thumb/v7-m/nofp\libc_nano.a(lib_a-memset.o)
 .ARM.attributes
                0x0000000000000000       0x2d g:/en.st-stm32cubeide_1.4.0_7511_20200720_0928_x86_64_exe/stm32cubeide_1.4.0/stm32cubeide/plugins/com.st.stm32cube.ide.mcu.externaltools.gnu-tools-for-stm32.10.3-2021.10.win32_1.0.200.202301161003/tools/bin/../lib/gcc/arm-none-eabi/10.3.1/../../../../arm-none-eabi/lib/thumb/v7-m/nofp\libc_nano.a(lib_a-memset.o)
 .text          0x0000000000000000        0x0 g:/en.st-stm32cubeide_1.4.0_7511_20200720_0928_x86_64_exe/stm32cubeide_1.4.0/stm32cubeide/plugins/com.st.stm32cube.ide.mcu.externaltools.gnu-tools-for-stm32.10.3-2021.10.win32_1.0.200.202301161003/tools/bin/../lib/gcc/arm-none-eabi/10.3.1/thumb/v7-m/nofp/crtend.o
 .data          0x0000000000000000        0x0 g:/en.st-stm32cubeide_1.4.0_7511_20200720_0928_x86_64_exe/stm32cubeide_1.4.0/stm32cubeide/plugins/com.st.stm32cube.ide.mcu.externaltools.gnu-tools-for-stm32.10.3-2021.10.win32_1.0.200.202301161003/tools/bin/../lib/gcc/arm-none-eabi/10.3.1/thumb/v7-m/nofp/crtend.o
 .bss           0x0000000000000000        0x0 g:/en.st-stm32cubeide_1.4.0_7511_20200720_0928_x86_64_exe/stm32cubeide_1.4.0/stm32cubeide/plugins/com.st.stm32cube.ide.mcu.externaltools.gnu-tools-for-stm32.10.3-2021.10.win32_1.0.200.202301161003/tools/bin/../lib/gcc/arm-none-eabi/10.3.1/thumb/v7-m/nofp/crtend.o
 .rodata        0x0000000000000000       0x24 g:/en.st-stm32cubeide_1.4.0_7511_20200720_0928_x86_64_exe/stm32cubeide_1.4.0/stm32cubeide/plugins/com.st.stm32cube.ide.mcu.externaltools.gnu-tools-for-stm32.10.3-2021.10.win32_1.0.200.202301161003/tools/bin/../lib/gcc/arm-none-eabi/10.3.1/thumb/v7-m/nofp/crtend.o
 .eh_frame      0x0000000000000000        0x4 g:/en.st-stm32cubeide_1.4.0_7511_20200720_0928_x86_64_exe/stm32cubeide_1.4.0/stm32cubeide/plugins/com.st.stm32cube.ide.mcu.externaltools.gnu-tools-for-stm32.10.3-2021.10.win32_1.0.200.202301161003/tools/bin/../lib/gcc/arm-none-eabi/10.3.1/thumb/v7-m/nofp/crtend.o
 .ARM.attributes
                0x0000000000000000       0x2d g:/en.st-stm32cubeide_1.4.0_7511_20200720_0928_x86_64_exe/stm32cubeide_1.4.0/stm32cubeide/plugins/com.st.stm32cube.ide.mcu.externaltools.gnu-tools-for-stm32.10.3-2021.10.win32_1.0.200.202301161003/tools/bin/../lib/gcc/arm-none-eabi/10.3.1/thumb/v7-m/nofp/crtend.o
 .text          0x0000000000000000        0x0 g:/en.st-stm32cubeide_1.4.0_7511_20200720_0928_x86_64_exe/stm32cubeide_1.4.0/stm32cubeide/plugins/com.st.stm32cube.ide.mcu.externaltools.gnu-tools-for-stm32.10.3-2021.10.win32_1.0.200.202301161003/tools/bin/../lib/gcc/arm-none-eabi/10.3.1/thumb/v7-m/nofp/crtn.o
 .data          0x0000000000000000        0x0 g:/en.st-stm32cubeide_1.4.0_7511_20200720_0928_x86_64_exe/stm32cubeide_1.4.0/stm32cubeide/plugins/com.st.stm32cube.ide.mcu.externaltools.gnu-tools-for-stm32.10.3-2021.10.win32_1.0.200.202301161003/tools/bin/../lib/gcc/arm-none-eabi/10.3.1/thumb/v7-m/nofp/crtn.o
 .bss           0x0000000000000000        0x0 g:/en.st-stm32cubeide_1.4.0_7511_20200720_0928_x86_64_exe/stm32cubeide_1.4.0/stm32cubeide/plugins/com.st.stm32cube.ide.mcu.externaltools.gnu-tools-for-stm32.10.3-2021.10.win32_1.0.200.202301161003/tools/bin/../lib/gcc/arm-none-eabi/10.3.1/thumb/v7-m/nofp/crtn.o

Memory Configuration

Name             Origin             Length             Attributes
RAM              0x0000000020000000 0x0000000000002800 xrw
ROM              0x0000000008000000 0x0000000000008000 xr
*default*        0x0000000000000000 0xffffffffffffffff

Linker script and memory map

LOAD g:/en.st-stm32cubeide_1.4.0_7511_20200720_0928_x86_64_exe/stm32cubeide_1.4.0/stm32cubeide/plugins/com.st.stm32cube.ide.mcu.externaltools.gnu-tools-for-stm32.10.3-2021.10.win32_1.0.200.202301161003/tools/bin/../lib/gcc/arm-none-eabi/10.3.1/thumb/v7-m/nofp/crti.o
LOAD g:/en.st-stm32cubeide_1.4.0_7511_20200720_0928_x86_64_exe/stm32cubeide_1.4.0/stm32cubeide/plugins/com.st.stm32cube.ide.mcu.externaltools.gnu-tools-for-stm32.10.3-2021.10.win32_1.0.200.202301161003/tools/bin/../lib/gcc/arm-none-eabi/10.3.1/thumb/v7-m/nofp/crtbegin.o
LOAD g:/en.st-stm32cubeide_1.4.0_7511_20200720_0928_x86_64_exe/stm32cubeide_1.4.0/stm32cubeide/plugins/com.st.stm32cube.ide.mcu.externaltools.gnu-tools-for-stm32.10.3-2021.10.win32_1.0.200.202301161003/tools/bin/../lib/gcc/arm-none-eabi/10.3.1/../../../../arm-none-eabi/lib/thumb/v7-m/nofp/crt0.o
LOAD ./Src/main.o
LOAD ./Src/syscalls.o
LOAD ./Src/sysmem.o
LOAD ./Startup/startup_stm32f103c6tx.o
LOAD ./stm32_f103c6_drivers/stm32_f103c6_drivers_EXTI.o
LOAD ./stm32_f103c6_drivers/stm32_f103c6_drivers_RCC.o
LOAD ./stm32_f103c6_drivers/stm32_f103c6_drivers_SPI.o
LOAD ./stm32_f103c6_drivers/stm32_f103c6_drivers_USART.o
LOAD ./stm32_f103c6_drivers/stm32_f103c6_drivers_gpio.o
LOAD ./stm32_f103c6_drivers/stm32_f103c6_drivers_timers.o
START GROUP
LOAD g:/en.st-stm32cubeide_1.4.0_7511_20200720_0928_x86_64_exe/stm32cubeide_1.4.0/stm32cubeide/plugins/com.st.stm32cube.ide.mcu.externaltools.gnu-tools-for-stm32.10.3-2021.10.win32_1.0.200.202301161003/tools/bin/../lib/gcc/arm-none-eabi/10.3.1/../../../../arm-none-eabi/lib/thumb/v7-m/nofp\libc_nano.a
LOAD g:/en.st-stm32cubeide_1.4.0_7511_20200720_0928_x86_64_exe/stm32cubeide_1.4.0/stm32cubeide/plugins/com.st.stm32cube.ide.mcu.externaltools.gnu-tools-for-stm32.10.3-2021.10.win32_1.0.200.202301161003/tools/bin/../lib/gcc/arm-none-eabi/10.3.1/../../../../arm-none-eabi/lib/thumb/v7-m/nofp\libm.a
END GROUP
START GROUP
LOAD g:/en.st-stm32cubeide_1.4.0_7511_20200720_0928_x86_64_exe/stm32cubeide_1.4.0/stm32cubeide/plugins/com.st.stm32cube.ide.mcu.externaltools.gnu-tools-for-stm32.10.3-2021.10.win32_1.0.200.202301161003/tools/bin/../lib/gcc/arm-none-eabi/10.3.1/thumb/v7-m/nofp\libgcc.a
LOAD g:/en.st-stm32cubeide_1.4.0_7511_20200720_0928_x86_64_exe/stm32cubeide_1.4.0/stm32cubeide/plugins/com.st.stm32cube.ide.mcu.externaltools.gnu-tools-for-stm32.10.3-2021.10.win32_1.0.200.202301161003/tools/bin/../lib/gcc/arm-none-eabi/10.3.1/../../../../arm-none-eabi/lib/thumb/v7-m/nofp\libg_nano.a
LOAD g:/en.st-stm32cubeide_1.4.0_7511_20200720_0928_x86_64_exe/stm32cubeide_1.4.0/stm32cubeide/plugins/com.st.stm32cube.ide.mcu.externaltools.gnu-tools-for-stm32.10.3-2021.10.win32_1.0.200.202301161003/tools/bin/../lib/gcc/arm-none-eabi/10.3.1/../../../../arm-none-eabi/lib/thumb/v7-m/nofp\libc_nano.a
END GROUP
START GROUP
LOAD g:/en.st-stm32cubeide_1.4.0_7511_20200720_0928_x86_64_exe/stm32cubeide_1.4.0/stm32cubeide/plugins/com.st.stm32cube.ide.mcu.externaltools.gnu-tools-for-stm32.10.3-2021.10.win32_1.0.200.202301161003/tools/bin/../lib/gcc/arm-none-eabi/10.3.1/thumb/v7-m/nofp\libgcc.a
LOAD g:/en.st-stm32cubeide_1.4.0_7511_20200720_0928_x86_64_exe/stm32cubeide_1.4.0/stm32cubeide/plugins/com.st.stm32cube.ide.mcu.externaltools.gnu-tools-for-stm32.10.3-2021.10.win32_1.0.200.202301161003/tools/bin/../lib/gcc/arm-none-eabi/10.3.1/../../../../arm-none-eabi/lib/thumb/v7-m/nofp\libc_nano.a
LOAD g:/en.st-stm32cubeide_1.4.0_7511_20200720_0928_x86_64_exe/stm32cubeide_1.4.0/stm32cubeide/plugins/com.st.stm32cube.ide.mcu.externaltools.gnu-tools-for-stm32.10.3-2021.10.win32_1.0.200.202301161003/tools/bin/../lib/gcc/arm-none-eabi/10.3.1/../../../../arm-none-eabi/lib/thumb/v7-m/nofp\libnosys.a
END GROUP
START GROUP
LOAD g:/en.st-stm32cubeide_1.4.0_7511_20200720_0928_x86_64_exe/stm32cubeide_1.4.0/stm32cubeide/plugins/com.st.stm32cube.ide.mcu.externaltools.gnu-tools-for-stm32.10.3-2021.10.win32_1.0.200.202301161003/tools/bin/../lib/gcc/arm-none-eabi/10.3.1/thumb/v7-m/nofp\libgcc.a
LOAD g:/en.st-stm32cubeide_1.4.0_7511_20200720_0928_x86_64_exe/stm32cubeide_1.4.0/stm32cubeide/plugins/com.st.stm32cube.ide.mcu.externaltools.gnu-tools-for-stm32.10.3-2021.10.win32_1.0.200.202301161003/tools/bin/../lib/gcc/arm-none-eabi/10.3.1/../../../../arm-none-eabi/lib/thumb/v7-m/nofp\libc_nano.a
LOAD g:/en.st-stm32cubeide_1.4.0_7511_20200720_0928_x86_64_exe/stm32cubeide_1.4.0/stm32cubeide/plugins/com.st.stm32cube.ide.mcu.externaltools.gnu-tools-for-stm32.10.3-2021.10.win32_1.0.200.202301161003/tools/bin/../lib/gcc/arm-none-eabi/10.3.1/../../../../arm-none-eabi/lib/thumb/v7-m/nofp\libnosys.a
END GROUP
LOAD g:/en.st-stm32cubeide_1.4.0_7511_20200720_0928_x86_64_exe/stm32cubeide_1.4.0/stm32cubeide/plugins/com.st.stm32cube.ide.mcu.externaltools.gnu-tools-for-stm32.10.3-2021.10.win32_1.0.200.202301161003/tools/bin/../lib/gcc/arm-none-eabi/10.3.1/thumb/v7-m/nofp/crtend.o
LOAD g:/en.st-stm32cubeide_1.4.0_7511_20200720_0928_x86_64_exe/stm32cubeide_1.4.0/stm32cubeide/plugins/com.st.stm32cube.ide.mcu.externaltools.gnu-tools-for-stm32.10.3-2021.10.win32_1.0.200.202301161003/tools/bin/../lib/gcc/arm-none-eabi/10.3.1/thumb/v7-m/nofp/crtn.o
                0x0000000020002800                _estack = (ORIGIN (RAM) + LENGTH (RAM))
                0x0000000000000200                _Min_Heap_Size = 0x200
                0x0000000000000400                _Min_Stack_Size = 0x400

.isr_vector     0x0000000008000000      0x130
                0x0000000008000000                . = ALIGN (0x4)
 *(.isr_vector)
 .isr_vector    0x0000000008000000      0x130 ./Startup/startup_stm32f103c6tx.o
                0x0000000008000000                g_pfnVectors
                0x0000000008000130                . = ALIGN (0x4)

.text           0x0000000008000130      0x98c
                0x0000000008000130                . = ALIGN (0x4)
 *(.text)
 .text          0x0000000008000130       0x40 g:/en.st-stm32cubeide_1.4.0_7511_20200720_0928_x86_64_exe/stm32cubeide_1.4.0/stm32cubeide/plugins/com.st.stm32cube.ide.mcu.externaltools.gnu-tools-for-stm32.10.3-2021.10.win32_1.0.200.202301161003/tools/bin/../lib/gcc/arm-none-eabi/10.3.1/thumb/v7-m/nofp/crtbegin.o
 *(.text*)
 .text.EXTI9_callBack
                0x0000000008000170       0x24 ./Src/main.o
                0x0000000008000170                EXTI9_callBack
 .text.main     0x0000000008000194       0x74 ./Src/main.o
                0x0000000008000194                main
 .text.Reset_Handler
                0x0000000008000208       0x50 ./Startup/startup_stm32f103c6tx.o
                0x0000000008000208                Reset_Handler
 .text.Default_Handler
                0x0000000008000258        0x2 ./Startup/startup_stm32f103c6tx.o
                0x0000000008000258                TIM8_TRG_COM_IRQHandler
                0x0000000008000258                TIM8_CC_IRQHandler
                0x0000000008000258                DebugMon_Handler
                0x0000000008000258                TIM1_CC_IRQHandler
                0x0000000008000258                HardFault_Handler
                0x0000000008000258                TIM6_IRQHandler
                0x0000000008000258                SysTick_Handler
                0x0000000008000258                PVD_IRQHandler
                0x0000000008000258                SDIO_IRQHandler
                0x0000000008000258                PendSV_Handler
                0x0000000008000258                NMI_Handler
                0x0000000008000258                USB_HP_CAN_TX_IRQHandler
                0x0000000008000258                I2C2_EV_IRQHandler
                0x0000000008000258                UsageFault_Handler
                0x0000000008000258                ADC1_2_IRQHandler
                0x0000000008000258                SPI1_IRQHandler
                0x0000000008000258                CAN_SCE_IRQHandler
                0x0000000008000258                TAMPER_IRQHandler
                0x0000000008000258                TIM8_UP_IRQHandler
                0x0000000008000258                DMA2_Channel2_IRQHandler
                0x0000000008000258                DMA1_Channel4_IRQHandler
                0x0000000008000258                USART3_IRQHandler
                0x0000000008000258                RTC_IRQHandler
                0x0000000008000258                DMA1_Channel7_IRQHandler
                0x0000000008000258                UART5_IRQHandler
                0x0000000008000258                ADC3_IRQHandler
                0x0000000008000258                TIM4_IRQHandler
                0x0000000008000258                CAN_RX1_IRQHandler
                0x0000000008000258                DMA2_Channel1_IRQHandler
                0x0000000008000258                I2C1_EV_IRQHandler
                0x0000000008000258                DMA1_Channel6_IRQHandler
                0x0000000008000258                UART4_IRQHandler
                0x0000000008000258                TIM3_IRQHandler
                0x0000000008000258                RCC_IRQHandler
                0x0000000008000258                TIM1_TRG_COM_IRQHandler
                0x0000000008000258                DMA1_Channel1_IRQHandler
                0x0000000008000258                Default_Handler
                0x0000000008000258                TIM7_IRQHandler
                0x0000000008000258                TIM5_IRQHandler
                0x0000000008000258                SPI2_IRQHandler
                0x0000000008000258                USB_LP_CAN_RX0_IRQHandler
                0x0000000008000258                MemManage_Handler
                0x0000000008000258                SVC_Handler
                0x0000000008000258                DMA1_Channel5_IRQHandler
                0x0000000008000258                DMA1_Channel3_IRQHandler
                0x0000000008000258                FSMC_IRQHandler
                0x0000000008000258                TIM1_UP_IRQHandler
                0x0000000008000258                WWDG_IRQHandler
                0x0000000008000258                TIM2_IRQHandler
                0x0000000008000258                TIM1_BRK_IRQHandler
                0x0000000008000258                RTCAlarm_IRQHandler
                0x0000000008000258                DMA2_Channel4_5_IRQHandler
                0x0000000008000258                USART2_IRQHandler
                0x0000000008000258                I2C2_ER_IRQHandler
                0x0000000008000258                DMA1_Channel2_IRQHandler
                0x0000000008000258                TIM8_BRK_IRQHandler
                0x0000000008000258                FLASH_IRQHandler
                0x0000000008000258                BusFault_Handler
                0x0000000008000258                USART1_IRQHandler
                0x0000000008000258                SPI3_IRQHandler
                0x0000000008000258                I2C1_ER_IRQHandler
                0x0000000008000258                DMA2_Channel3_IRQHandler
 *fill*         0x000000000800025a        0x2 
 .text.Enable_NVIC
                0x000000000800025c       0xc8 ./stm32_f103c6_drivers/stm32_f103c6_drivers_EXTI.o
                0x000000000800025c                Enable_NVIC
 .text.Disable_NVIC
                0x0000000008000324       0xc8 ./stm32_f103c6_drivers/stm32_f103c6_drivers_EXTI.o
                0x0000000008000324                Disable_NVIC
 .text.update_EXTI
                0x00000000080003ec      0x1d0 ./stm32_f103c6_drivers/stm32_f103c6_drivers_EXTI.o
                0x00000000080003ec                update_EXTI
 .text.Mcal_EXTI_GPIO_init
                0x00000000080005bc       0x16 ./stm32_f103c6_drivers/stm32_f103c6_drivers_EXTI.o
                0x00000000080005bc                Mcal_EXTI_GPIO_init
 *fill*         0x00000000080005d2        0x2 
 .text.EXTI0_IRQHandler
                0x00000000080005d4       0x24 ./stm32_f103c6_drivers/stm32_f103c6_drivers_EXTI.o
                0x00000000080005d4                EXTI0_IRQHandler
 .text.EXTI1_IRQHandler
                0x00000000080005f8       0x24 ./stm32_f103c6_drivers/stm32_f103c6_drivers_EXTI.o
                0x00000000080005f8                EXTI1_IRQHandler
 .text.EXTI2_IRQHandler
                0x000000000800061c       0x24 ./stm32_f103c6_drivers/stm32_f103c6_drivers_EXTI.o
                0x000000000800061c                EXTI2_IRQHandler
 .text.EXTI3_IRQHandler
                0x0000000008000640       0x24 ./stm32_f103c6_drivers/stm32_f103c6_drivers_EXTI.o
                0x0000000008000640                EXTI3_IRQHandler
 .text.EXTI4_IRQHandler
                0x0000000008000664       0x24 ./stm32_f103c6_drivers/stm32_f103c6_drivers_EXTI.o
                0x0000000008000664                EXTI4_IRQHandler
 .text.EXTI9_5_IRQHandler
                0x0000000008000688       0xa8 ./stm32_f103c6_drivers/stm32_f103c6_drivers_EXTI.o
                0x0000000008000688                EXTI9_5_IRQHandler
 .text.EXTI15_10_IRQHandler
                0x0000000008000730       0xc4 ./stm32_f103c6_drivers/stm32_f103c6_drivers_EXTI.o
                0x0000000008000730                EXTI15_10_IRQHandler
 .text.Get_CRLH_Position
                0x00000000080007f4      0x170 ./stm32_f103c6_drivers/stm32_f103c6_drivers_gpio.o
                0x00000000080007f4                Get_CRLH_Position
 .text.MCAL_GPIO_Init
                0x0000000008000964       0xf8 ./stm32_f103c6_drivers/stm32_f103c6_drivers_gpio.o
                0x0000000008000964                MCAL_GPIO_Init
 .text.__libc_init_array
                0x0000000008000a5c       0x48 g:/en.st-stm32cubeide_1.4.0_7511_20200720_0928_x86_64_exe/stm32cubeide_1.4.0/stm32cubeide/plugins/com.st.stm32cube.ide.mcu.externaltools.gnu-tools-for-stm32.10.3-2021.10.win32_1.0.200.202301161003/tools/bin/../lib/gcc/arm-none-eabi/10.3.1/../../../../arm-none-eabi/lib/thumb/v7-m/nofp\libc_nano.a(lib_a-init.o)
                0x0000000008000a5c                __libc_init_array
 *(.glue_7)
 .glue_7        0x0000000008000aa4        0x0 linker stubs
 *(.glue_7t)
 .glue_7t       0x0000000008000aa4        0x0 linker stubs
 *(.eh_frame)
 .eh_frame      0x0000000008000aa4        0x0 g:/en.st-stm32cubeide_1.4.0_7511_20200720_0928_x86_64_exe/stm32cubeide_1.4.0/stm32cubeide/plugins/com.st.stm32cube.ide.mcu.externaltools.gnu-tools-for-stm32.10.3-2021.10.win32_1.0.200.202301161003/tools/bin/../lib/gcc/arm-none-eabi/10.3.1/thumb/v7-m/nofp/crtbegin.o
 *(.init)
 .init          0x0000000008000aa4        0x4 g:/en.st-stm32cubeide_1.4.0_7511_20200720_0928_x86_64_exe/stm32cubeide_1.4.0/stm32cubeide/plugins/com.st.stm32cube.ide.mcu.externaltools.gnu-tools-for-stm32.10.3-2021.10.win32_1.0.200.202301161003/tools/bin/../lib/gcc/arm-none-eabi/10.3.1/thumb/v7-m/nofp/crti.o
                0x0000000008000aa4                _init
 .init          0x0000000008000aa8        0x8 g:/en.st-stm32cubeide_1.4.0_7511_20200720_0928_x86_64_exe/stm32cubeide_1.4.0/stm32cubeide/plugins/com.st.stm32cube.ide.mcu.externaltools.gnu-tools-for-stm32.10.3-2021.10.win32_1.0.200.202301161003/tools/bin/../lib/gcc/arm-none-eabi/10.3.1/thumb/v7-m/nofp/crtn.o
 *(.fini)
 .fini          0x0000000008000ab0        0x4 g:/en.st-stm32cubeide_1.4.0_7511_20200720_0928_x86_64_exe/stm32cubeide_1.4.0/stm32cubeide/plugins/com.st.stm32cube.ide.mcu.externaltools.gnu-tools-for-stm32.10.3-2021.10.win32_1.0.200.202301161003/tools/bin/../lib/gcc/arm-none-eabi/10.3.1/thumb/v7-m/nofp/crti.o
                0x0000000008000ab0                _fini
 .fini          0x0000000008000ab4        0x8 g:/en.st-stm32cubeide_1.4.0_7511_20200720_0928_x86_64_exe/stm32cubeide_1.4.0/stm32cubeide/plugins/com.st.stm32cube.ide.mcu.externaltools.gnu-tools-for-stm32.10.3-2021.10.win32_1.0.200.202301161003/tools/bin/../lib/gcc/arm-none-eabi/10.3.1/thumb/v7-m/nofp/crtn.o
                0x0000000008000abc                . = ALIGN (0x4)
                0x0000000008000abc                _etext = .

.vfp11_veneer   0x0000000008000abc        0x0
 .vfp11_veneer  0x0000000008000abc        0x0 linker stubs

.v4_bx          0x0000000008000abc        0x0
 .v4_bx         0x0000000008000abc        0x0 linker stubs

.iplt           0x0000000008000abc        0x0
 .iplt          0x0000000008000abc        0x0 g:/en.st-stm32cubeide_1.4.0_7511_20200720_0928_x86_64_exe/stm32cubeide_1.4.0/stm32cubeide/plugins/com.st.stm32cube.ide.mcu.externaltools.gnu-tools-for-stm32.10.3-2021.10.win32_1.0.200.202301161003/tools/bin/../lib/gcc/arm-none-eabi/10.3.1/thumb/v7-m/nofp/crtbegin.o

.rodata         0x0000000008000abc        0xc
                0x0000000008000abc                . = ALIGN (0x4)
 *(.rodata)
 .rodata        0x0000000008000abc        0xc ./Src/main.o
 *(.rodata*)
                0x0000000008000ac8                . = ALIGN (0x4)

.rel.dyn        0x0000000008000ac8        0x0
 .rel.iplt      0x0000000008000ac8        0x0 g:/en.st-stm32cubeide_1.4.0_7511_20200720_0928_x86_64_exe/stm32cubeide_1.4.0/stm32cubeide/plugins/com.st.stm32cube.ide.mcu.externaltools.gnu-tools-for-stm32.10.3-2021.10.win32_1.0.200.202301161003/tools/bin/../lib/gcc/arm-none-eabi/10.3.1/thumb/v7-m/nofp/crtbegin.o

.ARM.extab      0x0000000008000ac8        0x0
                0x0000000008000ac8                . = ALIGN (0x4)
 *(.ARM.extab* .gnu.linkonce.armextab.*)
                0x0000000008000ac8                . = ALIGN (0x4)

.ARM            0x0000000008000ac8        0x0
                0x0000000008000ac8                . = ALIGN (0x4)
                0x0000000008000ac8                __exidx_start = .
 *(.ARM.exidx*)
                0x0000000008000ac8                __exidx_end = .
                0x0000000008000ac8                . = ALIGN (0x4)

.preinit_array  0x0000000008000ac8        0x0
                0x0000000008000ac8                . = ALIGN (0x4)
                0x0000000008000ac8                PROVIDE (__preinit_array_start = .)
 *(.preinit_array*)
                0x0000000008000ac8                PROVIDE (__preinit_array_end = .)
                0x0000000008000ac8                . = ALIGN (0x4)

.init_array     0x0000000008000ac8        0x4
                0x0000000008000ac8                . = ALIGN (0x4)
                0x0000000008000ac8                PROVIDE (__init_array_start = .)
 *(SORT_BY_NAME(.init_array.*))
 *(.init_array*)
 .init_array    0x0000000008000ac8        0x4 g:/en.st-stm32cubeide_1.4.0_7511_20200720_0928_x86_64_exe/stm32cubeide_1.4.0/stm32cubeide/plugins/com.st.stm32cube.ide.mcu.externaltools.gnu-tools-for-stm32.10.3-2021.10.win32_1.0.200.202301161003/tools/bin/../lib/gcc/arm-none-eabi/10.3.1/thumb/v7-m/nofp/crtbegin.o
                0x0000000008000acc                PROVIDE (__init_array_end = .)
                0x0000000008000acc                . = ALIGN (0x4)

.fini_array     0x0000000008000acc        0x4
                0x0000000008000acc                . = ALIGN (0x4)
                [!provide]                        PROVIDE (__fini_array_start = .)
 *(SORT_BY_NAME(.fini_array.*))
 *(.fini_array*)
 .fini_array    0x0000000008000acc        0x4 g:/en.st-stm32cubeide_1.4.0_7511_20200720_0928_x86_64_exe/stm32cubeide_1.4.0/stm32cubeide/plugins/com.st.stm32cube.ide.mcu.externaltools.gnu-tools-for-stm32.10.3-2021.10.win32_1.0.200.202301161003/tools/bin/../lib/gcc/arm-none-eabi/10.3.1/thumb/v7-m/nofp/crtbegin.o
                [!provide]                        PROVIDE (__fini_array_end = .)
                0x0000000008000ad0                . = ALIGN (0x4)
                0x0000000008000ad0                _sidata = LOADADDR (.data)

.data           0x0000000020000000        0x0 load address 0x0000000008000ad0
                0x0000000020000000                . = ALIGN (0x4)
                0x0000000020000000                _sdata = .
 *(.data)
 *(.data*)
                0x0000000020000000                . = ALIGN (0x4)
                0x0000000020000000                _edata = .

.igot.plt       0x0000000020000000        0x0 load address 0x0000000008000ad0
 .igot.plt      0x0000000020000000        0x0 g:/en.st-stm32cubeide_1.4.0_7511_20200720_0928_x86_64_exe/stm32cubeide_1.4.0/stm32cubeide/plugins/com.st.stm32cube.ide.mcu.externaltools.gnu-tools-for-stm32.10.3-2021.10.win32_1.0.200.202301161003/tools/bin/../lib/gcc/arm-none-eabi/10.3.1/thumb/v7-m/nofp/crtbegin.o
                0x0000000020000000                . = ALIGN (0x4)

.bss            0x0000000020000000       0x60 load address 0x0000000008000ad0
                0x0000000020000000                _sbss = .
                0x0000000020000000                __bss_start__ = _sbss
 *(.bss)
 .bss           0x0000000020000000       0x1c g:/en.st-stm32cubeide_1.4.0_7511_20200720_0928_x86_64_exe/stm32cubeide_1.4.0/stm32cubeide/plugins/com.st.stm32cube.ide.mcu.externaltools.gnu-tools-for-stm32.10.3-2021.10.win32_1.0.200.202301161003/tools/bin/../lib/gcc/arm-none-eabi/10.3.1/thumb/v7-m/nofp/crtbegin.o
 *(.bss*)
 .bss.IRQ_Flag  0x000000002000001c        0x4 ./Src/main.o
                0x000000002000001c                IRQ_Flag
 .bss.IPSR_out  0x0000000020000020        0x4 ./Src/main.o
                0x0000000020000020                IPSR_out
 .bss.GP_IRQ_CallBack
                0x0000000020000024       0x3c ./stm32_f103c6_drivers/stm32_f103c6_drivers_EXTI.o
                0x0000000020000024                GP_IRQ_CallBack
 *(COMMON)
                0x0000000020000060                . = ALIGN (0x4)
                0x0000000020000060                _ebss = .
                0x0000000020000060                __bss_end__ = _ebss

._user_heap_stack
                0x0000000020000060      0x600 load address 0x0000000008000ad0
                0x0000000020000060                . = ALIGN (0x8)
                [!provide]                        PROVIDE (end = .)
                0x0000000020000060                PROVIDE (_end = .)
                0x0000000020000260                . = (. + _Min_Heap_Size)
 *fill*         0x0000000020000060      0x200 
                0x0000000020000660                . = (. + _Min_Stack_Size)
 *fill*         0x0000000020000260      0x400 
                0x0000000020000660                . = ALIGN (0x8)

/DISCARD/
 libc.a(*)
 libm.a(*)
 libgcc.a(*)

.ARM.attributes
                0x0000000000000000       0x29
 *(.ARM.attributes)
 .ARM.attributes
                0x0000000000000000       0x1d g:/en.st-stm32cubeide_1.4.0_7511_20200720_0928_x86_64_exe/stm32cubeide_1.4.0/stm32cubeide/plugins/com.st.stm32cube.ide.mcu.externaltools.gnu-tools-for-stm32.10.3-2021.10.win32_1.0.200.202301161003/tools/bin/../lib/gcc/arm-none-eabi/10.3.1/thumb/v7-m/nofp/crti.o
 .ARM.attributes
                0x000000000000001d       0x2d g:/en.st-stm32cubeide_1.4.0_7511_20200720_0928_x86_64_exe/stm32cubeide_1.4.0/stm32cubeide/plugins/com.st.stm32cube.ide.mcu.externaltools.gnu-tools-for-stm32.10.3-2021.10.win32_1.0.200.202301161003/tools/bin/../lib/gcc/arm-none-eabi/10.3.1/thumb/v7-m/nofp/crtbegin.o
 .ARM.attributes
                0x000000000000004a       0x2d ./Src/main.o
 .ARM.attributes
                0x0000000000000077       0x21 ./Startup/startup_stm32f103c6tx.o
 .ARM.attributes
                0x0000000000000098       0x2d ./stm32_f103c6_drivers/stm32_f103c6_drivers_EXTI.o
 .ARM.attributes
                0x00000000000000c5       0x2d ./stm32_f103c6_drivers/stm32_f103c6_drivers_gpio.o
 .ARM.attributes
                0x00000000000000f2       0x2d g:/en.st-stm32cubeide_1.4.0_7511_20200720_0928_x86_64_exe/stm32cubeide_1.4.0/stm32cubeide/plugins/com.st.stm32cube.ide.mcu.externaltools.gnu-tools-for-stm32.10.3-2021.10.win32_1.0.200.202301161003/tools/bin/../lib/gcc/arm-none-eabi/10.3.1/../../../../arm-none-eabi/lib/thumb/v7-m/nofp\libc_nano.a(lib_a-init.o)
 .ARM.attributes
                0x000000000000011f       0x1d g:/en.st-stm32cubeide_1.4.0_7511_20200720_0928_x86_64_exe/stm32cubeide_1.4.0/stm32cubeide/plugins/com.st.stm32cube.ide.mcu.externaltools.gnu-tools-for-stm32.10.3-2021.10.win32_1.0.200.202301161003/tools/bin/../lib/gcc/arm-none-eabi/10.3.1/thumb/v7-m/nofp/crtn.o
OUTPUT(Drivers.axf elf32-littlearm)
LOAD linker stubs
LOAD g:/en.st-stm32cubeide_1.4.0_7511_20200720_0928_x86_64_exe/stm32cubeide_1.4.0/stm32cubeide/plugins/com.st.stm32cube.ide.mcu.externaltools.gnu-tools-for-stm32.10.3-2021.10.win32_1.0.200.202301161003/tools/bin/../lib/gcc/arm-none-eabi/10.3.1/../../../../arm-none-eabi/lib/thumb/v7-m/nofp\libc.a
LOAD g:/en.st-stm32cubeide_1.4.0_7511_20200720_0928_x86_64_exe/stm32cubeide_1.4.0/stm32cubeide/plugins/com.st.stm32cube.ide.mcu.externaltools.gnu-tools-for-stm32.10.3-2021.10.win32_1.0.200.202301161003/tools/bin/../lib/gcc/arm-none-eabi/10.3.1/../../../../arm-none-eabi/lib/thumb/v7-m/nofp\libm.a
LOAD g:/en.st-stm32cubeide_1.4.0_7511_20200720_0928_x86_64_exe/stm32cubeide_1.4.0/stm32cubeide/plugins/com.st.stm32cube.ide.mcu.externaltools.gnu-tools-for-stm32.10.3-2021.10.win32_1.0.200.202301161003/tools/bin/../lib/gcc/arm-none-eabi/10.3.1/thumb/v7-m/nofp\libgcc.a

.debug_info     0x0000000000000000      0xd0f
 .debug_info    0x0000000000000000      0x35e ./Src/main.o
 .debug_info    0x000000000000035e       0x22 ./Startup/startup_stm32f103c6tx.o
 .debug_info    0x0000000000000380      0x52a ./stm32_f103c6_drivers/stm32_f103c6_drivers_EXTI.o
 .debug_info    0x00000000000008aa      0x465 ./stm32_f103c6_drivers/stm32_f103c6_drivers_gpio.o

.debug_abbrev   0x0000000000000000      0x3d7
 .debug_abbrev  0x0000000000000000       0xfc ./Src/main.o
 .debug_abbrev  0x00000000000000fc       0x12 ./Startup/startup_stm32f103c6tx.o
 .debug_abbrev  0x000000000000010e      0x189 ./stm32_f103c6_drivers/stm32_f103c6_drivers_EXTI.o
 .debug_abbrev  0x0000000000000297      0x140 ./stm32_f103c6_drivers/stm32_f103c6_drivers_gpio.o

.debug_loc      0x0000000000000000      0x670
 .debug_loc     0x0000000000000000       0x7c ./Src/main.o
 .debug_loc     0x000000000000007c      0x320 ./stm32_f103c6_drivers/stm32_f103c6_drivers_EXTI.o
 .debug_loc     0x000000000000039c      0x2d4 ./stm32_f103c6_drivers/stm32_f103c6_drivers_gpio.o

.debug_aranges  0x0000000000000000      0x128
 .debug_aranges
                0x0000000000000000       0x28 ./Src/main.o
 .debug_aranges
                0x0000000000000028       0x28 ./Startup/startup_stm32f103c6tx.o
 .debug_aranges
                0x0000000000000050       0x80 ./stm32_f103c6_drivers/stm32_f103c6_drivers_EXTI.o
 .debug_aranges
                0x00000000000000d0       0x58 ./stm32_f103c6_drivers/stm32_f103c6_drivers_gpio.o

.debug_ranges   0x0000000000000000       0xf0
 .debug_ranges  0x0000000000000000       0x18 ./Src/main.o
 .debug_ranges  0x0000000000000018       0x20 ./Startup/startup_stm32f103c6tx.o
 .debug_ranges  0x0000000000000038       0x70 ./stm32_f103c6_drivers/stm32_f103c6_drivers_EXTI.o
 .debug_ranges  0x00000000000000a8       0x48 ./stm32_f103c6_drivers/stm32_f103c6_drivers_gpio.o

.debug_macro    0x0000000000000000     0x2285
 .debug_macro   0x0000000000000000      0x162 ./Src/main.o
 .debug_macro   0x0000000000000162      0xa72 ./Src/main.o
 .debug_macro   0x0000000000000bd4       0x16 ./Src/main.o
 .debug_macro   0x0000000000000bea       0x18 ./Src/main.o
 .debug_macro   0x0000000000000c02       0x22 ./Src/main.o
 .debug_macro   0x0000000000000c24       0x4c ./Src/main.o
 .debug_macro   0x0000000000000c70       0x94 ./Src/main.o
 .debug_macro   0x0000000000000d04       0x3c ./Src/main.o
 .debug_macro   0x0000000000000d40       0x34 ./Src/main.o
 .debug_macro   0x0000000000000d74       0x16 ./Src/main.o
 .debug_macro   0x0000000000000d8a      0x10e ./Src/main.o
 .debug_macro   0x0000000000000e98       0x8d ./Src/main.o
 .debug_macro   0x0000000000000f25       0x16 ./Src/main.o
 .debug_macro   0x0000000000000f3b       0x43 ./Src/main.o
 .debug_macro   0x0000000000000f7e       0x57 ./Src/main.o
 .debug_macro   0x0000000000000fd5       0x34 ./Src/main.o
 .debug_macro   0x0000000000001009       0x10 ./Src/main.o
 .debug_macro   0x0000000000001019       0x58 ./Src/main.o
 .debug_macro   0x0000000000001071       0x71 ./Src/main.o
 .debug_macro   0x00000000000010e2       0x1c ./Src/main.o
 .debug_macro   0x00000000000010fe      0x12a ./Src/main.o
 .debug_macro   0x0000000000001228      0x341 ./Src/main.o
 .debug_macro   0x0000000000001569       0x16 ./Src/main.o
 .debug_macro   0x000000000000157f       0x29 ./Src/main.o
 .debug_macro   0x00000000000015a8      0x103 ./Src/main.o
 .debug_macro   0x00000000000016ab       0x6a ./Src/main.o
 .debug_macro   0x0000000000001715      0x1df ./Src/main.o
 .debug_macro   0x00000000000018f4      0x2a9 ./Src/main.o
 .debug_macro   0x0000000000001b9d       0xb8 ./Src/main.o
 .debug_macro   0x0000000000001c55      0x2b4 ./Src/main.o
 .debug_macro   0x0000000000001f09      0x163 ./stm32_f103c6_drivers/stm32_f103c6_drivers_EXTI.o
 .debug_macro   0x000000000000206c       0xca ./stm32_f103c6_drivers/stm32_f103c6_drivers_EXTI.o
 .debug_macro   0x0000000000002136      0x14f ./stm32_f103c6_drivers/stm32_f103c6_drivers_gpio.o

.debug_line     0x0000000000000000     0x1b79
 .debug_line    0x0000000000000000      0x71b ./Src/main.o
 .debug_line    0x000000000000071b       0x84 ./Startup/startup_stm32f103c6tx.o
 .debug_line    0x000000000000079f      0xb18 ./stm32_f103c6_drivers/stm32_f103c6_drivers_EXTI.o
 .debug_line    0x00000000000012b7      0x8c2 ./stm32_f103c6_drivers/stm32_f103c6_drivers_gpio.o

.debug_str      0x0000000000000000     0x96dc
 .debug_str     0x0000000000000000     0x936b ./Src/main.o
                                       0x9581 (size before relaxing)
 .debug_str     0x000000000000936b       0x31 ./Startup/startup_stm32f103c6tx.o
                                         0x42 (size before relaxing)
 .debug_str     0x000000000000939c      0x245 ./stm32_f103c6_drivers/stm32_f103c6_drivers_EXTI.o
                                       0x9733 (size before relaxing)
 .debug_str     0x00000000000095e1       0xfb ./stm32_f103c6_drivers/stm32_f103c6_drivers_gpio.o
                                       0x8238 (size before relaxing)

.comment        0x0000000000000000       0x50
 .comment       0x0000000000000000       0x50 ./Src/main.o
                                         0x51 (size before relaxing)
 .comment       0x0000000000000050       0x51 ./stm32_f103c6_drivers/stm32_f103c6_drivers_EXTI.o
 .comment       0x0000000000000050       0x51 ./stm32_f103c6_drivers/stm32_f103c6_drivers_gpio.o

.debug_frame    0x0000000000000000      0x37c
 .debug_frame   0x0000000000000000       0x50 ./Src/main.o
 .debug_frame   0x0000000000000050      0x1b0 ./stm32_f103c6_drivers/stm32_f103c6_drivers_EXTI.o
 .debug_frame   0x0000000000000200      0x150 ./stm32_f103c6_drivers/stm32_f103c6_drivers_gpio.o
 .debug_frame   0x0000000000000350       0x2c g:/en.st-stm32cubeide_1.4.0_7511_20200720_0928_x86_64_exe/stm32cubeide_1.4.0/stm32cubeide/plugins/com.st.stm32cube.ide.mcu.externaltools.gnu-tools-for-stm32.10.3-2021.10.win32_1.0.200.202301161003/tools/bin/../lib/gcc/arm-none-eabi/10.3.1/../../../../arm-none-eabi/lib/thumb/v7-m/nofp\libc_nano.a(lib_a-init.o)
